Archive member included to satisfy reference by file (symbol)

/opt/st/stm32cubeide_1.16.1/plugins/com.st.stm32cube.ide.mcu.externaltools.gnu-tools-for-stm32.12.3.rel1.linux64_1.0.200.202406132123/tools/bin/../lib/gcc/arm-none-eabi/12.3.1/../../../../arm-none-eabi/lib/thumb/v7e-m+fp/hard/libc_nano.a(libc_a-exit.o)
                              /opt/st/stm32cubeide_1.16.1/plugins/com.st.stm32cube.ide.mcu.externaltools.gnu-tools-for-stm32.12.3.rel1.linux64_1.0.200.202406132123/tools/bin/../lib/gcc/arm-none-eabi/12.3.1/../../../../arm-none-eabi/lib/thumb/v7e-m+fp/hard/crt0.o (exit)
/opt/st/stm32cubeide_1.16.1/plugins/com.st.stm32cube.ide.mcu.externaltools.gnu-tools-for-stm32.12.3.rel1.linux64_1.0.200.202406132123/tools/bin/../lib/gcc/arm-none-eabi/12.3.1/../../../../arm-none-eabi/lib/thumb/v7e-m+fp/hard/libc_nano.a(libc_a-nano-vfprintf_float.o)
                              (_printf_float)
/opt/st/stm32cubeide_1.16.1/plugins/com.st.stm32cube.ide.mcu.externaltools.gnu-tools-for-stm32.12.3.rel1.linux64_1.0.200.202406132123/tools/bin/../lib/gcc/arm-none-eabi/12.3.1/../../../../arm-none-eabi/lib/thumb/v7e-m+fp/hard/libc_nano.a(libc_a-nano-vfprintf_i.o)
                              /opt/st/stm32cubeide_1.16.1/plugins/com.st.stm32cube.ide.mcu.externaltools.gnu-tools-for-stm32.12.3.rel1.linux64_1.0.200.202406132123/tools/bin/../lib/gcc/arm-none-eabi/12.3.1/../../../../arm-none-eabi/lib/thumb/v7e-m+fp/hard/libc_nano.a(libc_a-nano-vfprintf_float.o) (_printf_common)
/opt/st/stm32cubeide_1.16.1/plugins/com.st.stm32cube.ide.mcu.externaltools.gnu-tools-for-stm32.12.3.rel1.linux64_1.0.200.202406132123/tools/bin/../lib/gcc/arm-none-eabi/12.3.1/../../../../arm-none-eabi/lib/thumb/v7e-m+fp/hard/libc_nano.a(libc_a-findfp.o)
                              /opt/st/stm32cubeide_1.16.1/plugins/com.st.stm32cube.ide.mcu.externaltools.gnu-tools-for-stm32.12.3.rel1.linux64_1.0.200.202406132123/tools/bin/../lib/gcc/arm-none-eabi/12.3.1/../../../../arm-none-eabi/lib/thumb/v7e-m+fp/hard/libc_nano.a(libc_a-exit.o) (__stdio_exit_handler)
/opt/st/stm32cubeide_1.16.1/plugins/com.st.stm32cube.ide.mcu.externaltools.gnu-tools-for-stm32.12.3.rel1.linux64_1.0.200.202406132123/tools/bin/../lib/gcc/arm-none-eabi/12.3.1/../../../../arm-none-eabi/lib/thumb/v7e-m+fp/hard/libc_nano.a(libc_a-fwalk.o)
                              /opt/st/stm32cubeide_1.16.1/plugins/com.st.stm32cube.ide.mcu.externaltools.gnu-tools-for-stm32.12.3.rel1.linux64_1.0.200.202406132123/tools/bin/../lib/gcc/arm-none-eabi/12.3.1/../../../../arm-none-eabi/lib/thumb/v7e-m+fp/hard/libc_nano.a(libc_a-findfp.o) (_fwalk_sglue)
/opt/st/stm32cubeide_1.16.1/plugins/com.st.stm32cube.ide.mcu.externaltools.gnu-tools-for-stm32.12.3.rel1.linux64_1.0.200.202406132123/tools/bin/../lib/gcc/arm-none-eabi/12.3.1/../../../../arm-none-eabi/lib/thumb/v7e-m+fp/hard/libc_nano.a(libc_a-stdio.o)
                              /opt/st/stm32cubeide_1.16.1/plugins/com.st.stm32cube.ide.mcu.externaltools.gnu-tools-for-stm32.12.3.rel1.linux64_1.0.200.202406132123/tools/bin/../lib/gcc/arm-none-eabi/12.3.1/../../../../arm-none-eabi/lib/thumb/v7e-m+fp/hard/libc_nano.a(libc_a-findfp.o) (__sread)
/opt/st/stm32cubeide_1.16.1/plugins/com.st.stm32cube.ide.mcu.externaltools.gnu-tools-for-stm32.12.3.rel1.linux64_1.0.200.202406132123/tools/bin/../lib/gcc/arm-none-eabi/12.3.1/../../../../arm-none-eabi/lib/thumb/v7e-m+fp/hard/libc_nano.a(libc_a-memset.o)
                              /opt/st/stm32cubeide_1.16.1/plugins/com.st.stm32cube.ide.mcu.externaltools.gnu-tools-for-stm32.12.3.rel1.linux64_1.0.200.202406132123/tools/bin/../lib/gcc/arm-none-eabi/12.3.1/../../../../arm-none-eabi/lib/thumb/v7e-m+fp/hard/crt0.o (memset)
/opt/st/stm32cubeide_1.16.1/plugins/com.st.stm32cube.ide.mcu.externaltools.gnu-tools-for-stm32.12.3.rel1.linux64_1.0.200.202406132123/tools/bin/../lib/gcc/arm-none-eabi/12.3.1/../../../../arm-none-eabi/lib/thumb/v7e-m+fp/hard/libc_nano.a(libc_a-localeconv.o)
                              /opt/st/stm32cubeide_1.16.1/plugins/com.st.stm32cube.ide.mcu.externaltools.gnu-tools-for-stm32.12.3.rel1.linux64_1.0.200.202406132123/tools/bin/../lib/gcc/arm-none-eabi/12.3.1/../../../../arm-none-eabi/lib/thumb/v7e-m+fp/hard/libc_nano.a(libc_a-nano-vfprintf_float.o) (_localeconv_r)
/opt/st/stm32cubeide_1.16.1/plugins/com.st.stm32cube.ide.mcu.externaltools.gnu-tools-for-stm32.12.3.rel1.linux64_1.0.200.202406132123/tools/bin/../lib/gcc/arm-none-eabi/12.3.1/../../../../arm-none-eabi/lib/thumb/v7e-m+fp/hard/libc_nano.a(libc_a-closer.o)
                              /opt/st/stm32cubeide_1.16.1/plugins/com.st.stm32cube.ide.mcu.externaltools.gnu-tools-for-stm32.12.3.rel1.linux64_1.0.200.202406132123/tools/bin/../lib/gcc/arm-none-eabi/12.3.1/../../../../arm-none-eabi/lib/thumb/v7e-m+fp/hard/libc_nano.a(libc_a-stdio.o) (_close_r)
[...]
Memory Configuration

Name             Origin             Length             Attributes
RAM              0x20000000         0x00008000         xrw
FLASH            0x08000000         0x00020000         xr
*default*        0x00000000         0xffffffff

Linker script and memory map

LOAD /opt/st/stm32cubeide_1.16.1/plugins/com.st.stm32cube.ide.mcu.externaltools.gnu-tools-for-stm32.12.3.rel1.linux64_1.0.200.202406132123/tools/bin/../lib/gcc/arm-none-eabi/12.3.1/thumb/v7e-m+fp/hard/crti.o
LOAD /opt/st/stm32cubeide_1.16.1/plugins/com.st.stm32cube.ide.mcu.externaltools.gnu-tools-for-stm32.12.3.rel1.linux64_1.0.200.202406132123/tools/bin/../lib/gcc/arm-none-eabi/12.3.1/thumb/v7e-m+fp/hard/crtbegin.o
LOAD /opt/st/stm32cubeide_1.16.1/plugins/com.st.stm32cube.ide.mcu.externaltools.gnu-tools-for-stm32.12.3.rel1.linux64_1.0.200.202406132123/tools/bin/../lib/gcc/arm-none-eabi/12.3.1/../../../../arm-none-eabi/lib/thumb/v7e-m+fp/hard/crt0.o
LOAD ./Core/Src/UnusedFns.o
LOAD ./Core/Src/main.o
LOAD ./Core/Src/stm32g4xx_hal_msp.o
LOAD ./Core/Src/stm32g4xx_it.o
LOAD ./Core/Src/syscalls.o
LOAD ./Core/Src/sysmem.o
LOAD ./Core/Src/system_stm32g4xx.o
LOAD ./Core/Startup/startup_stm32g431cbtx.o
LOAD ./Drivers/Gen4_Drivers/Src/ADC.o
LOAD ./Drivers/Gen4_Drivers/Src/AS5x47P.o
LOAD ./Drivers/Gen4_Drivers/Src/Calibration.o
LOAD ./Drivers/Gen4_Drivers/Src/CoggingFrictionRemoval.o
LOAD ./Drivers/Gen4_Drivers/Src/Cordic.o
LOAD ./Drivers/Gen4_Drivers/Src/EncoderFns.o
LOAD ./Drivers/Gen4_Drivers/Src/FOC.o
LOAD ./Drivers/Gen4_Drivers/Src/Logger.o
LOAD ./Drivers/Gen4_Drivers/Src/MathOps.o
LOAD ./Drivers/Gen4_Drivers/Src/PosControl-JC.o
LOAD ./Drivers/Gen4_Drivers/Src/PositionControl.o
LOAD ./Drivers/Gen4_Drivers/Src/PositionSensor.o
LOAD ./Drivers/Gen4_Drivers/Src/RampDuty.o
LOAD ./Drivers/Gen4_Drivers/Src/RampRpm.o
LOAD ./Drivers/Gen4_Drivers/Src/SpeedSensor.o
LOAD ./Drivers/STM32G4xx_HAL_Driver/Src/stm32g4xx_hal.o
LOAD ./Drivers/STM32G4xx_HAL_Driver/Src/stm32g4xx_hal_cordic.o
LOAD ./Drivers/STM32G4xx_HAL_Driver/Src/stm32g4xx_hal_cortex.o
LOAD ./Drivers/STM32G4xx_HAL_Driver/Src/stm32g4xx_hal_dma.o
LOAD ./Drivers/STM32G4xx_HAL_Driver/Src/stm32g4xx_hal_dma_ex.o
LOAD ./Drivers/STM32G4xx_HAL_Driver/Src/stm32g4xx_hal_exti.o
LOAD ./Drivers/STM32G4xx_HAL_Driver/Src/stm32g4xx_hal_flash.o
LOAD ./Drivers/STM32G4xx_HAL_Driver/Src/stm32g4xx_hal_flash_ex.o
LOAD ./Drivers/STM32G4xx_HAL_Driver/Src/stm32g4xx_hal_flash_ramfunc.o
LOAD ./Drivers/STM32G4xx_HAL_Driver/Src/stm32g4xx_hal_gpio.o
LOAD ./Drivers/STM32G4xx_HAL_Driver/Src/stm32g4xx_hal_pwr.o
LOAD ./Drivers/STM32G4xx_HAL_Driver/Src/stm32g4xx_hal_pwr_ex.o
LOAD ./Drivers/STM32G4xx_HAL_Driver/Src/stm32g4xx_hal_rcc.o
LOAD ./Drivers/STM32G4xx_HAL_Driver/Src/stm32g4xx_hal_rcc_ex.o
LOAD ./Drivers/STM32G4xx_HAL_Driver/Src/stm32g4xx_hal_spi.o
LOAD ./Drivers/STM32G4xx_HAL_Driver/Src/stm32g4xx_hal_spi_ex.o
LOAD ./Drivers/STM32G4xx_HAL_Driver/Src/stm32g4xx_hal_tim.o
LOAD ./Drivers/STM32G4xx_HAL_Driver/Src/stm32g4xx_hal_tim_ex.o
LOAD ./Drivers/STM32G4xx_HAL_Driver/Src/stm32g4xx_hal_uart.o
LOAD ./Drivers/STM32G4xx_HAL_Driver/Src/stm32g4xx_hal_uart_ex.o
START GROUP
LOAD /opt/st/stm32cubeide_1.16.1/plugins/com.st.stm32cube.ide.mcu.externaltools.gnu-tools-for-stm32.12.3.rel1.linux64_1.0.200.202406132123/tools/bin/../lib/gcc/arm-none-eabi/12.3.1/../../../../arm-none-eabi/lib/thumb/v7e-m+fp/hard/libc_nano.a
LOAD /opt/st/stm32cubeide_1.16.1/plugins/com.st.stm32cube.ide.mcu.externaltools.gnu-tools-for-stm32.12.3.rel1.linux64_1.0.200.202406132123/tools/bin/../lib/gcc/arm-none-eabi/12.3.1/../../../../arm-none-eabi/lib/thumb/v7e-m+fp/hard/libm.a
END GROUP
START GROUP
LOAD /opt/st/stm32cubeide_1.16.1/plugins/com.st.stm32cube.ide.mcu.externaltools.gnu-tools-for-stm32.12.3.rel1.linux64_1.0.200.202406132123/tools/bin/../lib/gcc/arm-none-eabi/12.3.1/thumb/v7e-m+fp/hard/libgcc.a
LOAD /opt/st/stm32cubeide_1.16.1/plugins/com.st.stm32cube.ide.mcu.externaltools.gnu-tools-for-stm32.12.3.rel1.linux64_1.0.200.202406132123/tools/bin/../lib/gcc/arm-none-eabi/12.3.1/../../../../arm-none-eabi/lib/thumb/v7e-m+fp/hard/libc_nano.a
END GROUP
START GROUP
LOAD /opt/st/stm32cubeide_1.16.1/plugins/com.st.stm32cube.ide.mcu.externaltools.gnu-tools-for-stm32.12.3.rel1.linux64_1.0.200.202406132123/tools/bin/../lib/gcc/arm-none-eabi/12.3.1/thumb/v7e-m+fp/hard/libgcc.a
LOAD /opt/st/stm32cubeide_1.16.1/plugins/com.st.stm32cube.ide.mcu.externaltools.gnu-tools-for-stm32.12.3.rel1.linux64_1.0.200.202406132123/tools/bin/../lib/gcc/arm-none-eabi/12.3.1/../../../../arm-none-eabi/lib/thumb/v7e-m+fp/hard/libc_nano.a
LOAD /opt/st/stm32cubeide_1.16.1/plugins/com.st.stm32cube.ide.mcu.externaltools.gnu-tools-for-stm32.12.3.rel1.linux64_1.0.200.202406132123/tools/bin/../lib/gcc/arm-none-eabi/12.3.1/../../../../arm-none-eabi/lib/thumb/v7e-m+fp/hard/libnosys.a
END GROUP
START GROUP
LOAD /opt/st/stm32cubeide_1.16.1/plugins/com.st.stm32cube.ide.mcu.externaltools.gnu-tools-for-stm32.12.3.rel1.linux64_1.0.200.202406132123/tools/bin/../lib/gcc/arm-none-eabi/12.3.1/thumb/v7e-m+fp/hard/libgcc.a
LOAD /opt/st/stm32cubeide_1.16.1/plugins/com.st.stm32cube.ide.mcu.externaltools.gnu-tools-for-stm32.12.3.rel1.linux64_1.0.200.202406132123/tools/bin/../lib/gcc/arm-none-eabi/12.3.1/../../../../arm-none-eabi/lib/thumb/v7e-m+fp/hard/libc_nano.a
LOAD /opt/st/stm32cubeide_1.16.1/plugins/com.st.stm32cube.ide.mcu.externaltools.gnu-tools-for-stm32.12.3.rel1.linux64_1.0.200.202406132123/tools/bin/../lib/gcc/arm-none-eabi/12.3.1/../../../../arm-none-eabi/lib/thumb/v7e-m+fp/hard/libnosys.a
END GROUP
LOAD /opt/st/stm32cubeide_1.16.1/plugins/com.st.stm32cube.ide.mcu.externaltools.gnu-tools-for-stm32.12.3.rel1.linux64_1.0.200.202406132123/tools/bin/../lib/gcc/arm-none-eabi/12.3.1/thumb/v7e-m+fp/hard/crtend.o
LOAD /opt/st/stm32cubeide_1.16.1/plugins/com.st.stm32cube.ide.mcu.externaltools.gnu-tools-for-stm32.12.3.rel1.linux64_1.0.200.202406132123/tools/bin/../lib/gcc/arm-none-eabi/12.3.1/thumb/v7e-m+fp/hard/crtn.o
                0x20008000                        _estack = (ORIGIN (RAM) + LENGTH (RAM))
                0x00000200                        _Min_Heap_Size = 0x200
                0x00000400                        _Min_Stack_Size = 0x400

.isr_vector     0x08000000      0x1d8
                0x08000000                        . = ALIGN (0x4)
 *(.isr_vector)
 .isr_vector    0x08000000      0x1d8 ./Core/Startup/startup_stm32g431cbtx.o
                0x08000000                g_pfnVectors
                0x080001d8                        . = ALIGN (0x4)

.text           0x080001e0     0xcc00
                0x080001e0                        . = ALIGN (0x4)
 *(.text)
 .text          0x080001e0       0x40 /opt/st/stm32cubeide_1.16.1/plugins/com.st.stm32cube.ide.mcu.externaltools.gnu-tools-for-stm32.12.3.rel1.linux64_1.0.200.202406132123/tools/bin/../lib/gcc/arm-none-eabi/12.3.1/thumb/v7e-m+fp/hard/crtbegin.o
 .text          0x08000220       0xa0 /opt/st/stm32cubeide_1.16.1/plugins/com.st.stm32cube.ide.mcu.externaltools.gnu-tools-for-stm32.12.3.rel1.linux64_1.0.200.202406132123/tools/bin/../lib/gcc/arm-none-eabi/12.3.1/../../../../arm-none-eabi/lib/thumb/v7e-m+fp/hard/libc_nano.a(libc_a-memchr.o)
                0x08000220                memchr
 .text          0x080002c0       0x10 /opt/st/stm32cubeide_1.16.1/plugins/com.st.stm32cube.ide.mcu.externaltools.gnu-tools-for-stm32.12.3.rel1.linux64_1.0.200.202406132123/tools/bin/../lib/gcc/arm-none-eabi/12.3.1/../../../../arm-none-eabi/lib/thumb/v7e-m+fp/hard/libc_nano.a(libc_a-strlen.o)
                0x080002c0                strlen
 .text          0x080002d0      0x378 /opt/st/stm32cubeide_1.16.1/plugins/com.st.stm32cube.ide.mcu.externaltools.gnu-tools-for-stm32.12.3.rel1.linux64_1.0.200.202406132123/tools/bin/../lib/gcc/arm-none-eabi/12.3.1/thumb/v7e-m+fp/hard/libgcc.a(_arm_addsubdf3.o)
                0x080002d0                __aeabi_drsub
                0x080002d8                __aeabi_dsub
                0x080002d8                __subdf3
                0x080002dc                __adddf3
                0x080002dc                __aeabi_dadd
                0x08000554                __aeabi_ui2d
                0x08000554                __floatunsidf
                0x08000574                __floatsidf
                0x08000574                __aeabi_i2d
                0x08000598                __extendsfdf2
                0x08000598                __aeabi_f2d
                0x080005dc                __aeabi_ul2d
                0x080005dc                __floatundidf
                0x080005ec                __floatdidf
                0x080005ec                __aeabi_l2d
 .text          0x08000648      0x424 /opt/st/stm32cubeide_1.16.1/plugins/com.st.stm32cube.ide.mcu.externaltools.gnu-tools-for-stm32.12.3.rel1.linux64_1.0.200.202406132123/tools/bin/../lib/gcc/arm-none-eabi/12.3.1/thumb/v7e-m+fp/hard/libgcc.a(_arm_muldivdf3.o)
                0x08000648                __aeabi_dmul
                0x08000648                __muldf3
                0x0800089c                __aeabi_ddiv
                0x0800089c                __divdf3
 .text          0x08000a6c      0x110 /opt/st/stm32cubeide_1.16.1/plugins/com.st.stm32cube.ide.mcu.externaltools.gnu-tools-for-stm32.12.3.rel1.linux64_1.0.200.202406132123/tools/bin/../lib/gcc/arm-none-eabi/12.3.1/thumb/v7e-m+fp/hard/libgcc.a(_arm_cmpdf2.o)
                0x08000a6c                __gtdf2
                0x08000a6c                __gedf2
                0x08000a74                __ltdf2
                0x08000a74                __ledf2
                0x08000a7c                __cmpdf2
                0x08000a7c                __eqdf2
                0x08000a7c                __nedf2
                0x08000af8                __aeabi_cdrcmple
                0x08000b08                __aeabi_cdcmple
                0x08000b08                __aeabi_cdcmpeq
                0x08000b18                __aeabi_dcmpeq
                0x08000b2c                __aeabi_dcmplt
                0x08000b40                __aeabi_dcmple
                0x08000b54                __aeabi_dcmpge
                0x08000b68                __aeabi_dcmpgt
 .text          0x08000b7c       0x2c /opt/st/stm32cubeide_1.16.1/plugins/com.st.stm32cube.ide.mcu.externaltools.gnu-tools-for-stm32.12.3.rel1.linux64_1.0.200.202406132123/tools/bin/../lib/gcc/arm-none-eabi/12.3.1/thumb/v7e-m+fp/hard/libgcc.a(_arm_unorddf2.o)
                0x08000b7c                __aeabi_dcmpun
                0x08000b7c                __unorddf2
 .text          0x08000ba8       0x50 /opt/st/stm32cubeide_1.16.1/plugins/com.st.stm32cube.ide.mcu.externaltools.gnu-tools-for-stm32.12.3.rel1.linux64_1.0.200.202406132123/tools/bin/../lib/gcc/arm-none-eabi/12.3.1/thumb/v7e-m+fp/hard/libgcc.a(_arm_fixdfsi.o)
                0x08000ba8                __fixdfsi
                0x08000ba8                __aeabi_d2iz
 .text          0x08000bf8       0x30 /opt/st/stm32cubeide_1.16.1/plugins/com.st.stm32cube.ide.mcu.externaltools.gnu-tools-for-stm32.12.3.rel1.linux64_1.0.200.202406132123/tools/bin/../lib/gcc/arm-none-eabi/12.3.1/thumb/v7e-m+fp/hard/libgcc.a(_aeabi_uldivmod.o)
                0x08000bf8                __aeabi_uldivmod
 .text          0x08000c28      0x2bc /opt/st/stm32cubeide_1.16.1/plugins/com.st.stm32cube.ide.mcu.externaltools.gnu-tools-for-stm32.12.3.rel1.linux64_1.0.200.202406132123/tools/bin/../lib/gcc/arm-none-eabi/12.3.1/thumb/v7e-m+fp/hard/libgcc.a(_udivmoddi4.o)
                0x08000c28                __udivmoddi4
 .text          0x08000ee4        0x4 /opt/st/stm32cubeide_1.16.1/plugins/com.st.stm32cube.ide.mcu.externaltools.gnu-tools-for-stm32.12.3.rel1.linux64_1.0.200.202406132123/tools/bin/../lib/gcc/arm-none-eabi/12.3.1/thumb/v7e-m+fp/hard/libgcc.a(_dvmd_tls.o)
                0x08000ee4                __aeabi_ldiv0
                0x08000ee4                __aeabi_idiv0
 *(.text*)
 .text.HAL_UART_TxCpltCallback
                0x08000ee8       0x28 ./Core/Src/main.o
                0x08000ee8                HAL_UART_TxCpltCallback
 .text.HAL_TIM_PeriodElapsedCallback
                0x08000f10      0x51c ./Core/Src/main.o
                0x08000f10                HAL_TIM_PeriodElapsedCallback
 .text.main     0x0800142c      0x660 ./Core/Src/main.o
                0x0800142c                main
 .text.SystemClock_Config
                0x08001a8c       0x94 ./Core/Src/main.o
                0x08001a8c                SystemClock_Config
 .text.MX_CORDIC_Init
                0x08001b20       0x28 ./Core/Src/main.o
 .text.MX_SPI1_Init
                0x08001b48       0x7c ./Core/Src/main.o
 .text.MX_TIM1_Init
                0x08001bc4      0x194 ./Core/Src/main.o
 .text.MX_TIM6_Init
                0x08001d58       0x70 ./Core/Src/main.o
 .text.MX_TIM7_Init
                0x08001dc8       0x6c ./Core/Src/main.o
 .text.MX_USART2_UART_Init
                0x08001e34       0x9c ./Core/Src/main.o
 .text.MX_DMA_Init
                0x08001ed0       0x54 ./Core/Src/main.o
 .text.MX_GPIO_Init
                0x08001f24       0xe0 ./Core/Src/main.o
 .text.Error_Handler
                0x08002004        0xc ./Core/Src/main.o
                0x08002004                Error_Handler
 .text.HAL_MspInit
                0x08002010       0x48 ./Core/Src/stm32g4xx_hal_msp.o
                0x08002010                HAL_MspInit
 .text.HAL_CORDIC_MspInit
                0x08002058       0x40 ./Core/Src/stm32g4xx_hal_msp.o
                0x08002058                HAL_CORDIC_MspInit
 .text.HAL_SPI_MspInit
                0x08002098       0x88 ./Core/Src/stm32g4xx_hal_msp.o
                0x08002098                HAL_SPI_MspInit
 .text.HAL_TIM_Base_MspInit
                0x08002120       0xbc ./Core/Src/stm32g4xx_hal_msp.o
                0x08002120                HAL_TIM_Base_MspInit
 .text.HAL_TIM_MspPostInit
                0x080021dc       0xd0 ./Core/Src/stm32g4xx_hal_msp.o
                0x080021dc                HAL_TIM_MspPostInit
 .text.HAL_UART_MspInit
                0x080022ac      0x11c ./Core/Src/stm32g4xx_hal_msp.o
                0x080022ac                HAL_UART_MspInit
 .text.NMI_Handler
                0x080023c8        0x8 ./Core/Src/stm32g4xx_it.o
                0x080023c8                NMI_Handler
 .text.HardFault_Handler
                0x080023d0        0x8 ./Core/Src/stm32g4xx_it.o
                0x080023d0                HardFault_Handler
 .text.MemManage_Handler
                0x080023d8        0x8 ./Core/Src/stm32g4xx_it.o
                0x080023d8                MemManage_Handler
 .text.BusFault_Handler
                0x080023e0        0x8 ./Core/Src/stm32g4xx_it.o
                0x080023e0                BusFault_Handler
 .text.UsageFault_Handler
                0x080023e8        0x8 ./Core/Src/stm32g4xx_it.o
                0x080023e8                UsageFault_Handler
 .text.SVC_Handler
                0x080023f0        0xe ./Core/Src/stm32g4xx_it.o
                0x080023f0                SVC_Handler
 .text.DebugMon_Handler
                0x080023fe        0xe ./Core/Src/stm32g4xx_it.o
                0x080023fe                DebugMon_Handler
 .text.PendSV_Handler
                0x0800240c        0xe ./Core/Src/stm32g4xx_it.o
                0x0800240c                PendSV_Handler
 .text.SysTick_Handler
                0x0800241a        0xc ./Core/Src/stm32g4xx_it.o
                0x0800241a                SysTick_Handler
 *fill*         0x08002426        0x2 
 .text.EXTI0_IRQHandler
                0x08002428       0x2c ./Core/Src/stm32g4xx_it.o
                0x08002428                EXTI0_IRQHandler
 .text.DMA1_Channel1_IRQHandler
                0x08002454       0x14 ./Core/Src/stm32g4xx_it.o
                0x08002454                DMA1_Channel1_IRQHandler
 .text.TIM1_UP_TIM16_IRQHandler
                0x08002468       0x14 ./Core/Src/stm32g4xx_it.o
                0x08002468                TIM1_UP_TIM16_IRQHandler
 .text.USART2_IRQHandler
                0x0800247c       0x14 ./Core/Src/stm32g4xx_it.o
                0x0800247c                USART2_IRQHandler
 .text.TIM6_DAC_IRQHandler
                0x08002490       0x14 ./Core/Src/stm32g4xx_it.o
                0x08002490                TIM6_DAC_IRQHandler
 .text.TIM7_IRQHandler
                0x080024a4       0x14 ./Core/Src/stm32g4xx_it.o
                0x080024a4                TIM7_IRQHandler
 .text._getpid  0x080024b8       0x10 ./Core/Src/syscalls.o
                0x080024b8                _getpid
 .text._kill    0x080024c8       0x20 ./Core/Src/syscalls.o
                0x080024c8                _kill
 .text._exit    0x080024e8       0x16 ./Core/Src/syscalls.o
                0x080024e8                _exit
 .text._read    0x080024fe       0x3a ./Core/Src/syscalls.o
                0x080024fe                _read
 .text._write   0x08002538       0x38 ./Core/Src/syscalls.o
                0x08002538                _write
 .text._close   0x08002570       0x18 ./Core/Src/syscalls.o
                0x08002570                _close
 .text._fstat   0x08002588       0x20 ./Core/Src/syscalls.o
                0x08002588                _fstat
 .text._isatty  0x080025a8       0x16 ./Core/Src/syscalls.o
                0x080025a8                _isatty
 .text._lseek   0x080025be       0x1a ./Core/Src/syscalls.o
                0x080025be                _lseek
 .text._sbrk    0x080025d8       0x6c ./Core/Src/sysmem.o
                0x080025d8                _sbrk
 .text.SystemInit
                0x08002644       0x24 ./Core/Src/system_stm32g4xx.o
                0x08002644                SystemInit
 .text.Reset_Handler
                0x08002668       0x50 ./Core/Startup/startup_stm32g431cbtx.o
                0x08002668                Reset_Handler
 .text.Default_Handler
                0x080026b8        0x2 ./Core/Startup/startup_stm32g431cbtx.o
                0x080026b8                RTC_Alarm_IRQHandler
                0x080026b8                EXTI2_IRQHandler
                0x080026b8                TIM8_TRG_COM_IRQHandler
                0x080026b8                TIM8_CC_IRQHandler
                0x080026b8                TIM1_CC_IRQHandler
                0x080026b8                USB_HP_IRQHandler
                0x080026b8                CORDIC_IRQHandler
                0x080026b8                EXTI3_IRQHandler
                0x080026b8                I2C3_ER_IRQHandler
                0x080026b8                I2C2_EV_IRQHandler
                0x080026b8                FPU_IRQHandler
                0x080026b8                FDCAN1_IT1_IRQHandler
                0x080026b8                ADC1_2_IRQHandler
                0x080026b8                SPI1_IRQHandler
                0x080026b8                TIM8_UP_IRQHandler
                0x080026b8                DMA2_Channel2_IRQHandler
                0x080026b8                DMA1_Channel4_IRQHandler
                0x080026b8                USART3_IRQHandler
                0x080026b8                TIM4_IRQHandler
                0x080026b8                DMA2_Channel1_IRQHandler
                0x080026b8                I2C1_EV_IRQHandler
                0x080026b8                DMA1_Channel6_IRQHandler
                0x080026b8                UART4_IRQHandler
                0x080026b8                DMA2_Channel4_IRQHandler
                0x080026b8                TIM3_IRQHandler
                0x080026b8                RCC_IRQHandler
                0x080026b8                Default_Handler
                0x080026b8                RTC_TAMP_LSECSS_IRQHandler
                0x080026b8                FMAC_IRQHandler
                0x080026b8                EXTI15_10_IRQHandler
                0x080026b8                UCPD1_IRQHandler
                0x080026b8                I2C3_EV_IRQHandler
                0x080026b8                EXTI9_5_IRQHandler
                0x080026b8                RTC_WKUP_IRQHandler
                0x080026b8                PVD_PVM_IRQHandler
                0x080026b8                SPI2_IRQHandler
                0x080026b8                DMA2_Channel5_IRQHandler
                0x080026b8                CRS_IRQHandler
                0x080026b8                DMA1_Channel5_IRQHandler
                0x080026b8                USB_LP_IRQHandler
                0x080026b8                EXTI4_IRQHandler
                0x080026b8                RNG_IRQHandler
                0x080026b8                TIM1_TRG_COM_TIM17_IRQHandler
                0x080026b8                DMA1_Channel3_IRQHandler
                0x080026b8                WWDG_IRQHandler
                0x080026b8                LPUART1_IRQHandler
                0x080026b8                DMA2_Channel6_IRQHandler
                0x080026b8                FDCAN1_IT0_IRQHandler
                0x080026b8                TIM2_IRQHandler
                0x080026b8                COMP1_2_3_IRQHandler
                0x080026b8                EXTI1_IRQHandler
                0x080026b8                I2C2_ER_IRQHandler
                0x080026b8                DMA1_Channel2_IRQHandler
                0x080026b8                TIM8_BRK_IRQHandler
                0x080026b8                FLASH_IRQHandler
                0x080026b8                USART1_IRQHandler
                0x080026b8                SPI3_IRQHandler
                0x080026b8                I2C1_ER_IRQHandler
                0x080026b8                LPTIM1_IRQHandler
                0x080026b8                DMAMUX_OVR_IRQHandler
                0x080026b8                USBWakeUp_IRQHandler
                0x080026b8                SAI1_IRQHandler
                0x080026b8                DMA2_Channel3_IRQHandler
                0x080026b8                COMP4_IRQHandler
                0x080026b8                TIM1_BRK_TIM15_IRQHandler
 .text.parityCheck
                0x080026ba       0x58 ./Drivers/Gen4_Drivers/Src/AS5x47P.o
                0x080026ba                parityCheck
 *fill*         0x08002712        0x2 
 .text.AS5047_SPI_Write
                0x08002714      0x14c ./Drivers/Gen4_Drivers/Src/AS5x47P.o
                0x08002714                AS5047_SPI_Write
 .text.AS5047_SPI_Read
                0x08002860       0xc8 ./Drivers/Gen4_Drivers/Src/AS5x47P.o
                0x08002860                AS5047_SPI_Read
 .text.AS5047_readRegister
                0x08002928       0x5a ./Drivers/Gen4_Drivers/Src/AS5x47P.o
                0x08002928                AS5047_readRegister
 .text.AS5047_writeRegister
                0x08002982       0x84 ./Drivers/Gen4_Drivers/Src/AS5x47P.o
                0x08002982                AS5047_writeRegister
 .text.AS5047_ReadZeroValue
                0x08002a06       0x3e ./Drivers/Gen4_Drivers/Src/AS5x47P.o
                0x08002a06                AS5047_ReadZeroValue
 .text.AS5047_WriteZeroValue
                0x08002a44       0x40 ./Drivers/Gen4_Drivers/Src/AS5x47P.o
                0x08002a44                AS5047_WriteZeroValue
 .text.setMaxFrictionPWM
                0x08002a84       0x3c ./Drivers/Gen4_Drivers/Src/CoggingFrictionRemoval.o
                0x08002a84                setMaxFrictionPWM
 .text.lookupFrictionAddition
                0x08002ac0       0x58 ./Drivers/Gen4_Drivers/Src/CoggingFrictionRemoval.o
                0x08002ac0                lookupFrictionAddition
 .text.setMaxCoggingPWM
                0x08002b18       0x3c ./Drivers/Gen4_Drivers/Src/CoggingFrictionRemoval.o
                0x08002b18                setMaxCoggingPWM
 .text.lookupCoggingAddition
                0x08002b54       0x78 ./Drivers/Gen4_Drivers/Src/CoggingFrictionRemoval.o
                0x08002b54                lookupCoggingAddition
 .text.Cordic_setup
                0x08002bcc       0x48 ./Drivers/Gen4_Drivers/Src/Cordic.o
                0x08002bcc                Cordic_setup
 .text.RunCordic_TwoSines
                0x08002c14       0xe4 ./Drivers/Gen4_Drivers/Src/Cordic.o
                0x08002c14                RunCordic_TwoSines
 .text.SetupABIwithoutPWM
                0x08002cf8       0x7c ./Drivers/Gen4_Drivers/Src/EncoderFns.o
                0x08002cf8                SetupABIwithoutPWM
 .text.Check_ABI_SetCorrectly
                0x08002d74       0x64 ./Drivers/Gen4_Drivers/Src/EncoderFns.o
                0x08002d74                Check_ABI_SetCorrectly
 .text.Encoder_setup
                0x08002dd8       0x3e ./Drivers/Gen4_Drivers/Src/EncoderFns.o
                0x08002dd8                Encoder_setup
 .text.Encoder_updateZeroPosition
                0x08002e16       0x44 ./Drivers/Gen4_Drivers/Src/EncoderFns.o
                0x08002e16                Encoder_updateZeroPosition
 .text.Encoder_enableMagErrors
                0x08002e5a       0x82 ./Drivers/Gen4_Drivers/Src/EncoderFns.o
                0x08002e5a                Encoder_enableMagErrors
 .text.Encoder_get16BitMechAngle_Single
                0x08002edc       0x34 ./Drivers/Gen4_Drivers/Src/EncoderFns.o
                0x08002edc                Encoder_get16BitMechAngle_Single
 .text.FOC_calcSVPWM
                0x08002f10      0x2d4 ./Drivers/Gen4_Drivers/Src/FOC.o
                0x08002f10                FOC_calcSVPWM
 .text.FOC_applyPWM
                0x080031e4      0x118 ./Drivers/Gen4_Drivers/Src/FOC.o
                0x080031e4                FOC_applyPWM
 .text.ZeroAllCCRs
                0x080032fc       0x26 ./Drivers/Gen4_Drivers/Src/FOC.o
                0x080032fc                ZeroAllCCRs
 .text.HW_statesInit
                0x08003322       0x1a ./Drivers/Gen4_Drivers/Src/FOC.o
                0x08003322                HW_statesInit
 .text.StartAllPWM
                0x0800333c       0x6c ./Drivers/Gen4_Drivers/Src/FOC.o
                0x0800333c                StartAllPWM
 .text.StopAllPWM
                0x080033a8       0x74 ./Drivers/Gen4_Drivers/Src/FOC.o
                0x080033a8                StopAllPWM
 .text.Zero_PID_Terms
                0x0800341c       0x34 ./Drivers/Gen4_Drivers/Src/FOC.o
                0x0800341c                Zero_PID_Terms
 .text.Init_PID_Terms
                0x08003450       0x4c ./Drivers/Gen4_Drivers/Src/FOC.o
                0x08003450                Init_PID_Terms
 .text.ExecVoltagePID
                0x0800349c       0xe4 ./Drivers/Gen4_Drivers/Src/FOC.o
                0x0800349c                ExecVoltagePID
 .text.hsLogInit
                0x08003580       0x30 ./Drivers/Gen4_Drivers/Src/Logger.o
                0x08003580                hsLogInit
 .text.hsLogStart
                0x080035b0       0x46 ./Drivers/Gen4_Drivers/Src/Logger.o
                0x080035b0                hsLogStart
 .text.hsLogReset
                0x080035f6       0x3e ./Drivers/Gen4_Drivers/Src/Logger.o
                0x080035f6                hsLogReset
 .text.switchBuffers
                0x08003634       0x6a ./Drivers/Gen4_Drivers/Src/Logger.o
                0x08003634                switchBuffers
 .text.add8Bit  0x0800369e       0x42 ./Drivers/Gen4_Drivers/Src/Logger.o
                0x0800369e                add8Bit
 .text.add16Bit
                0x080036e0       0x74 ./Drivers/Gen4_Drivers/Src/Logger.o
                0x080036e0                add16Bit
 .text.addFloat
                0x08003754       0xbc ./Drivers/Gen4_Drivers/Src/Logger.o
                0x08003754                addFloat
 .text.add32Bit
                0x08003810       0xba ./Drivers/Gen4_Drivers/Src/Logger.o
                0x08003810                add32Bit
 .text.addData  0x080038ca      0x144 ./Drivers/Gen4_Drivers/Src/Logger.o
                0x080038ca                addData
 .text.hsLog_CheckStopConditionReached
                0x08003a0e       0x70 ./Drivers/Gen4_Drivers/Src/Logger.o
                0x08003a0e                hsLog_CheckStopConditionReached
 .text.fast_fmaxf
                0x08003a7e       0x38 ./Drivers/Gen4_Drivers/Src/MathOps.o
                0x08003a7e                fast_fmaxf
 .text.fast_fminf
                0x08003ab6       0x38 ./Drivers/Gen4_Drivers/Src/MathOps.o
                0x08003ab6                fast_fminf
 *fill*         0x08003aee        0x2 
 .text.Init_ConstJerk_PosControl
                0x08003af0       0x34 ./Drivers/Gen4_Drivers/Src/PosControl-JC.o
                0x08003af0                Init_ConstJerk_PosControl
 .text.Reset_posControlJC
                0x08003b24       0xaa ./Drivers/Gen4_Drivers/Src/PosControl-JC.o
                0x08003b24                Reset_posControlJC
 *fill*         0x08003bce        0x2 
 .text.Setup_posControlJC
                0x08003bd0      0x170 ./Drivers/Gen4_Drivers/Src/PosControl-JC.o
                0x08003bd0                Setup_posControlJC
 .text.ExecPosTrajectory
                0x08003d40      0x298 ./Drivers/Gen4_Drivers/Src/PosControl-JC.o
                0x08003d40                ExecPosTrajectory
 .text.PositionSensor_update
                0x08003fd8      0x19c ./Drivers/Gen4_Drivers/Src/PositionSensor.o
                0x08003fd8                PositionSensor_update
 .text.getAveragedVelocityRadSec
                0x08004174       0x72 ./Drivers/Gen4_Drivers/Src/PositionSensor.o
                0x08004174                getAveragedVelocityRadSec
 *fill*         0x080041e6        0x2 
 .text.getElecAngleFromMechAngle
                0x080041e8       0x74 ./Drivers/Gen4_Drivers/Src/PositionSensor.o
                0x080041e8                getElecAngleFromMechAngle
 .text.InitRampDutyStruct
                0x0800425c      0x110 ./Drivers/Gen4_Drivers/Src/RampDuty.o
                0x0800425c                InitRampDutyStruct
 .text.StartRampDuty
                0x0800436c       0x1a ./Drivers/Gen4_Drivers/Src/RampDuty.o
                0x0800436c                StartRampDuty
 .text.StartRampDownDuty
                0x08004386       0x22 ./Drivers/Gen4_Drivers/Src/RampDuty.o
                0x08004386                StartRampDownDuty
 .text.StopRampDuty
                0x080043a8       0x30 ./Drivers/Gen4_Drivers/Src/RampDuty.o
                0x080043a8                StopRampDuty
 .text.ExecRampDuty
                0x080043d8      0x1e6 ./Drivers/Gen4_Drivers/Src/RampDuty.o
                0x080043d8                ExecRampDuty
 *fill*         0x080045be        0x2 
 .text.ChangeDuty
                0x080045c0       0xa4 ./Drivers/Gen4_Drivers/Src/RampDuty.o
                0x080045c0                ChangeDuty
 .text.Recalculate_RampDuty_RampRates
                0x08004664       0xc0 ./Drivers/Gen4_Drivers/Src/RampDuty.o
                0x08004664                Recalculate_RampDuty_RampRates
 .text.InitRampRPMStruct
                0x08004724      0x100 ./Drivers/Gen4_Drivers/Src/RampRpm.o
                0x08004724                InitRampRPMStruct
 .text.StartRampRPM
                0x08004824       0x1a ./Drivers/Gen4_Drivers/Src/RampRpm.o
                0x08004824                StartRampRPM
 .text.StartRampDownRPM
                0x0800483e       0x1a ./Drivers/Gen4_Drivers/Src/RampRpm.o
                0x0800483e                StartRampDownRPM
 .text.StopRampRPM
                0x08004858       0x1a ./Drivers/Gen4_Drivers/Src/RampRpm.o
                0x08004858                StopRampRPM
 .text.ExecRampRPM
                0x08004872      0x236 ./Drivers/Gen4_Drivers/Src/RampRpm.o
                0x08004872                ExecRampRPM
 .text.ChangeRPM
                0x08004aa8       0xfa ./Drivers/Gen4_Drivers/Src/RampRpm.o
                0x08004aa8                ChangeRPM
 .text.Recalculate_RampRPM_RampRates
                0x08004ba2       0xaa ./Drivers/Gen4_Drivers/Src/RampRpm.o
                0x08004ba2                Recalculate_RampRPM_RampRates
 .text.updateSpeedCalc
                0x08004c4c      0x164 ./Drivers/Gen4_Drivers/Src/SpeedSensor.o
                0x08004c4c                updateSpeedCalc
 .text.HAL_Init
                0x08004db0       0x30 ./Drivers/STM32G4xx_HAL_Driver/Src/stm32g4xx_hal.o
                0x08004db0                HAL_Init
 .text.HAL_InitTick
                0x08004de0       0x74 ./Drivers/STM32G4xx_HAL_Driver/Src/stm32g4xx_hal.o
                0x08004de0                HAL_InitTick
 .text.HAL_IncTick
                0x08004e54       0x24 ./Drivers/STM32G4xx_HAL_Driver/Src/stm32g4xx_hal.o
                0x08004e54                HAL_IncTick
 .text.HAL_GetTick
                0x08004e78       0x18 ./Drivers/STM32G4xx_HAL_Driver/Src/stm32g4xx_hal.o
                0x08004e78                HAL_GetTick
 .text.HAL_Delay
                0x08004e90       0x44 ./Drivers/STM32G4xx_HAL_Driver/Src/stm32g4xx_hal.o
                0x08004e90                HAL_Delay
 .text.HAL_CORDIC_Init
                0x08004ed4       0x62 ./Drivers/STM32G4xx_HAL_Driver/Src/stm32g4xx_hal_cordic.o
                0x08004ed4                HAL_CORDIC_Init
 *fill*         0x08004f36        0x2 
 .text.HAL_CORDIC_Configure
                0x08004f38       0x78 ./Drivers/STM32G4xx_HAL_Driver/Src/stm32g4xx_hal_cordic.o
                0x08004f38                HAL_CORDIC_Configure
 .text.__NVIC_SetPriorityGrouping
                0x08004fb0       0x48 ./Drivers/STM32G4xx_HAL_Driver/Src/stm32g4xx_hal_cortex.o
 .text.__NVIC_GetPriorityGrouping
                0x08004ff8       0x1c ./Drivers/STM32G4xx_HAL_Driver/Src/stm32g4xx_hal_cortex.o
 .text.__NVIC_EnableIRQ
                0x08005014       0x3c ./Drivers/STM32G4xx_HAL_Driver/Src/stm32g4xx_hal_cortex.o
 .text.__NVIC_SetPriority
                0x08005050       0x54 ./Drivers/STM32G4xx_HAL_Driver/Src/stm32g4xx_hal_cortex.o
 .text.NVIC_EncodePriority
                0x080050a4       0x66 ./Drivers/STM32G4xx_HAL_Driver/Src/stm32g4xx_hal_cortex.o
 *fill*         0x0800510a        0x2 
 .text.SysTick_Config
                0x0800510c       0x44 ./Drivers/STM32G4xx_HAL_Driver/Src/stm32g4xx_hal_cortex.o
 .text.HAL_NVIC_SetPriorityGrouping
                0x08005150       0x16 ./Drivers/STM32G4xx_HAL_Driver/Src/stm32g4xx_hal_cortex.o
                0x08005150                HAL_NVIC_SetPriorityGrouping
 .text.HAL_NVIC_SetPriority
                0x08005166       0x34 ./Drivers/STM32G4xx_HAL_Driver/Src/stm32g4xx_hal_cortex.o
                0x08005166                HAL_NVIC_SetPriority
 .text.HAL_NVIC_EnableIRQ
                0x0800519a       0x1c ./Drivers/STM32G4xx_HAL_Driver/Src/stm32g4xx_hal_cortex.o
                0x0800519a                HAL_NVIC_EnableIRQ
 .text.HAL_SYSTICK_Config
                0x080051b6       0x18 ./Drivers/STM32G4xx_HAL_Driver/Src/stm32g4xx_hal_cortex.o
                0x080051b6                HAL_SYSTICK_Config
 *fill*         0x080051ce        0x2 
 .text.HAL_DMA_Init
                0x080051d0      0x150 ./Drivers/STM32G4xx_HAL_Driver/Src/stm32g4xx_hal_dma.o
                0x080051d0                HAL_DMA_Init
 .text.HAL_DMA_Start_IT
                0x08005320       0xf6 ./Drivers/STM32G4xx_HAL_Driver/Src/stm32g4xx_hal_dma.o
                0x08005320                HAL_DMA_Start_IT
 .text.HAL_DMA_Abort
                0x08005416       0xb2 ./Drivers/STM32G4xx_HAL_Driver/Src/stm32g4xx_hal_dma.o
                0x08005416                HAL_DMA_Abort
 .text.HAL_DMA_Abort_IT
                0x080054c8       0xce ./Drivers/STM32G4xx_HAL_Driver/Src/stm32g4xx_hal_dma.o
                0x080054c8                HAL_DMA_Abort_IT
 .text.HAL_DMA_IRQHandler
                0x08005596      0x15e ./Drivers/STM32G4xx_HAL_Driver/Src/stm32g4xx_hal_dma.o
                0x08005596                HAL_DMA_IRQHandler
 .text.DMA_SetConfig
                0x080056f4       0x7c ./Drivers/STM32G4xx_HAL_Driver/Src/stm32g4xx_hal_dma.o
 .text.DMA_CalcDMAMUXChannelBaseAndMask
                0x08005770       0x7c ./Drivers/STM32G4xx_HAL_Driver/Src/stm32g4xx_hal_dma.o
 .text.DMA_CalcDMAMUXRequestGenBaseAndMask
                0x080057ec       0x48 ./Drivers/STM32G4xx_HAL_Driver/Src/stm32g4xx_hal_dma.o
 .text.HAL_GPIO_Init
                0x08005834      0x304 ./Drivers/STM32G4xx_HAL_Driver/Src/stm32g4xx_hal_gpio.o
                0x08005834                HAL_GPIO_Init
 .text.HAL_GPIO_WritePin
                0x08005b38       0x30 ./Drivers/STM32G4xx_HAL_Driver/Src/stm32g4xx_hal_gpio.o
                0x08005b38                HAL_GPIO_WritePin
 .text.HAL_GPIO_TogglePin
                0x08005b68       0x34 ./Drivers/STM32G4xx_HAL_Driver/Src/stm32g4xx_hal_gpio.o
                0x08005b68                HAL_GPIO_TogglePin
 .text.HAL_GPIO_EXTI_IRQHandler
                0x08005b9c       0x30 ./Drivers/STM32G4xx_HAL_Driver/Src/stm32g4xx_hal_gpio.o
                0x08005b9c                HAL_GPIO_EXTI_IRQHandler
 .text.HAL_GPIO_EXTI_Callback
                0x08005bcc       0x16 ./Drivers/STM32G4xx_HAL_Driver/Src/stm32g4xx_hal_gpio.o
                0x08005bcc                HAL_GPIO_EXTI_Callback
 *fill*         0x08005be2        0x2 
 .text.HAL_PWREx_ControlVoltageScaling
                0x08005be4      0x148 ./Drivers/STM32G4xx_HAL_Driver/Src/stm32g4xx_hal_pwr_ex.o
                0x08005be4                HAL_PWREx_ControlVoltageScaling
 .text.HAL_PWREx_DisableUCPDDeadBattery
                0x08005d2c       0x20 ./Drivers/STM32G4xx_HAL_Driver/Src/stm32g4xx_hal_pwr_ex.o
                0x08005d2c                HAL_PWREx_DisableUCPDDeadBattery
 .text.HAL_RCC_OscConfig
                0x08005d4c      0x624 ./Drivers/STM32G4xx_HAL_Driver/Src/stm32g4xx_hal_rcc.o
                0x08005d4c                HAL_RCC_OscConfig
 .text.HAL_RCC_ClockConfig
                0x08006370      0x278 ./Drivers/STM32G4xx_HAL_Driver/Src/stm32g4xx_hal_rcc.o
                0x08006370                HAL_RCC_ClockConfig
 .text.HAL_RCC_GetSysClockFreq
                0x080065e8       0xc0 ./Drivers/STM32G4xx_HAL_Driver/Src/stm32g4xx_hal_rcc.o
                0x080065e8                HAL_RCC_GetSysClockFreq
 .text.HAL_RCC_GetHCLKFreq
                0x080066a8       0x18 ./Drivers/STM32G4xx_HAL_Driver/Src/stm32g4xx_hal_rcc.o
                0x080066a8                HAL_RCC_GetHCLKFreq
 .text.HAL_RCC_GetPCLK1Freq
                0x080066c0       0x2c ./Drivers/STM32G4xx_HAL_Driver/Src/stm32g4xx_hal_rcc.o
                0x080066c0                HAL_RCC_GetPCLK1Freq
 .text.HAL_RCC_GetPCLK2Freq
                0x080066ec       0x2c ./Drivers/STM32G4xx_HAL_Driver/Src/stm32g4xx_hal_rcc.o
                0x080066ec                HAL_RCC_GetPCLK2Freq
 .text.RCC_GetSysClockFreqFromPLLSource
                0x08006718       0x88 ./Drivers/STM32G4xx_HAL_Driver/Src/stm32g4xx_hal_rcc.o
 .text.HAL_RCCEx_PeriphCLKConfig
                0x080067a0      0x3e0 ./Drivers/STM32G4xx_HAL_Driver/Src/stm32g4xx_hal_rcc_ex.o
                0x080067a0                HAL_RCCEx_PeriphCLKConfig
 .text.HAL_SPI_Init
                0x08006b80      0x156 ./Drivers/STM32G4xx_HAL_Driver/Src/stm32g4xx_hal_spi.o
                0x08006b80                HAL_SPI_Init
 .text.HAL_SPI_TransmitReceive
                0x08006cd6      0x43e ./Drivers/STM32G4xx_HAL_Driver/Src/stm32g4xx_hal_spi.o
                0x08006cd6                HAL_SPI_TransmitReceive
 .text.SPI_WaitFlagStateUntilTimeout
                0x08007114      0x110 ./Drivers/STM32G4xx_HAL_Driver/Src/stm32g4xx_hal_spi.o
 .text.SPI_WaitFifoStateUntilTimeout
                0x08007224      0x12c ./Drivers/STM32G4xx_HAL_Driver/Src/stm32g4xx_hal_spi.o
 .text.SPI_EndRxTxTransaction
                0x08007350       0x8c ./Drivers/STM32G4xx_HAL_Driver/Src/stm32g4xx_hal_spi.o
 .text.HAL_TIM_Base_Init
                0x080073dc       0xae ./Drivers/STM32G4xx_HAL_Driver/Src/stm32g4xx_hal_tim.o
                0x080073dc                HAL_TIM_Base_Init
 *fill*         0x0800748a        0x2 
 .text.HAL_TIM_Base_Start_IT
                0x0800748c       0xd4 ./Drivers/STM32G4xx_HAL_Driver/Src/stm32g4xx_hal_tim.o
                0x0800748c                HAL_TIM_Base_Start_IT
 .text.HAL_TIM_PWM_Init
                0x08007560       0xae ./Drivers/STM32G4xx_HAL_Driver/Src/stm32g4xx_hal_tim.o
                0x08007560                HAL_TIM_PWM_Init
 .text.HAL_TIM_PWM_MspInit
                0x0800760e       0x14 ./Drivers/STM32G4xx_HAL_Driver/Src/stm32g4xx_hal_tim.o
                0x0800760e                HAL_TIM_PWM_MspInit
 *fill*         0x08007622        0x2 
 .text.HAL_TIM_PWM_Start
                0x08007624      0x200 ./Drivers/STM32G4xx_HAL_Driver/Src/stm32g4xx_hal_tim.o
                0x08007624                HAL_TIM_PWM_Start
 .text.HAL_TIM_PWM_Stop
                0x08007824      0x12c ./Drivers/STM32G4xx_HAL_Driver/Src/stm32g4xx_hal_tim.o
                0x08007824                HAL_TIM_PWM_Stop
 .text.HAL_TIM_IRQHandler
                0x08007950      0x29e ./Drivers/STM32G4xx_HAL_Driver/Src/stm32g4xx_hal_tim.o
                0x08007950                HAL_TIM_IRQHandler
 *fill*         0x08007bee        0x2 
 .text.HAL_TIM_PWM_ConfigChannel
                0x08007bf0      0x228 ./Drivers/STM32G4xx_HAL_Driver/Src/stm32g4xx_hal_tim.o
                0x08007bf0                HAL_TIM_PWM_ConfigChannel
 .text.HAL_TIM_ConfigClockSource
                0x08007e18      0x1f4 ./Drivers/STM32G4xx_HAL_Driver/Src/stm32g4xx_hal_tim.o
                0x08007e18                HAL_TIM_ConfigClockSource
 .text.HAL_TIM_OC_DelayElapsedCallback
                0x0800800c       0x14 ./Drivers/STM32G4xx_HAL_Driver/Src/stm32g4xx_hal_tim.o
                0x0800800c                HAL_TIM_OC_DelayElapsedCallback
 .text.HAL_TIM_IC_CaptureCallback
                0x08008020       0x14 ./Drivers/STM32G4xx_HAL_Driver/Src/stm32g4xx_hal_tim.o
                0x08008020                HAL_TIM_IC_CaptureCallback
 .text.HAL_TIM_PWM_PulseFinishedCallback
                0x08008034       0x14 ./Drivers/STM32G4xx_HAL_Driver/Src/stm32g4xx_hal_tim.o
                0x08008034                HAL_TIM_PWM_PulseFinishedCallback
 .text.HAL_TIM_TriggerCallback
                0x08008048       0x14 ./Drivers/STM32G4xx_HAL_Driver/Src/stm32g4xx_hal_tim.o
                0x08008048                HAL_TIM_TriggerCallback
 .text.TIM_Base_SetConfig
                0x0800805c      0x138 ./Drivers/STM32G4xx_HAL_Driver/Src/stm32g4xx_hal_tim.o
                0x0800805c                TIM_Base_SetConfig
 .text.TIM_OC1_SetConfig
                0x08008194      0x120 ./Drivers/STM32G4xx_HAL_Driver/Src/stm32g4xx_hal_tim.o
 .text.TIM_OC2_SetConfig
                0x080082b4      0x114 ./Drivers/STM32G4xx_HAL_Driver/Src/stm32g4xx_hal_tim.o
                0x080082b4                TIM_OC2_SetConfig
 .text.TIM_OC3_SetConfig
                0x080083c8      0x110 ./Drivers/STM32G4xx_HAL_Driver/Src/stm32g4xx_hal_tim.o
 .text.TIM_OC4_SetConfig
                0x080084d8      0x114 ./Drivers/STM32G4xx_HAL_Driver/Src/stm32g4xx_hal_tim.o
 .text.TIM_OC5_SetConfig
                0x080085ec       0xc8 ./Drivers/STM32G4xx_HAL_Driver/Src/stm32g4xx_hal_tim.o
 .text.TIM_OC6_SetConfig
                0x080086b4       0xcc ./Drivers/STM32G4xx_HAL_Driver/Src/stm32g4xx_hal_tim.o
 .text.TIM_TI1_ConfigInputStage
                0x08008780       0x5e ./Drivers/STM32G4xx_HAL_Driver/Src/stm32g4xx_hal_tim.o
 .text.TIM_TI2_ConfigInputStage
                0x080087de       0x60 ./Drivers/STM32G4xx_HAL_Driver/Src/stm32g4xx_hal_tim.o
 .text.TIM_ITRx_SetConfig
                0x0800883e       0x3a ./Drivers/STM32G4xx_HAL_Driver/Src/stm32g4xx_hal_tim.o
 .text.TIM_ETR_SetConfig
                0x08008878       0x40 ./Drivers/STM32G4xx_HAL_Driver/Src/stm32g4xx_hal_tim.o
                0x08008878                TIM_ETR_SetConfig
 .text.TIM_CCxChannelCmd
                0x080088b8       0x4a ./Drivers/STM32G4xx_HAL_Driver/Src/stm32g4xx_hal_tim.o
                0x080088b8                TIM_CCxChannelCmd
 *fill*         0x08008902        0x2 
 .text.HAL_TIMEx_PWMN_Start
                0x08008904      0x168 ./Drivers/STM32G4xx_HAL_Driver/Src/stm32g4xx_hal_tim_ex.o
                0x08008904                HAL_TIMEx_PWMN_Start
 .text.HAL_TIMEx_PWMN_Stop
                0x08008a6c       0xba ./Drivers/STM32G4xx_HAL_Driver/Src/stm32g4xx_hal_tim_ex.o
                0x08008a6c                HAL_TIMEx_PWMN_Stop
 *fill*         0x08008b26        0x2 
 .text.HAL_TIMEx_MasterConfigSynchronization
                0x08008b28      0x104 ./Drivers/STM32G4xx_HAL_Driver/Src/stm32g4xx_hal_tim_ex.o
                0x08008b28                HAL_TIMEx_MasterConfigSynchronization
 .text.HAL_TIMEx_ConfigBreakDeadTime
                0x08008c2c      0x118 ./Drivers/STM32G4xx_HAL_Driver/Src/stm32g4xx_hal_tim_ex.o
                0x08008c2c                HAL_TIMEx_ConfigBreakDeadTime
 .text.HAL_TIMEx_CommutCallback
                0x08008d44       0x14 ./Drivers/STM32G4xx_HAL_Driver/Src/stm32g4xx_hal_tim_ex.o
                0x08008d44                HAL_TIMEx_CommutCallback
 .text.HAL_TIMEx_BreakCallback
                0x08008d58       0x14 ./Drivers/STM32G4xx_HAL_Driver/Src/stm32g4xx_hal_tim_ex.o
                0x08008d58                HAL_TIMEx_BreakCallback
 .text.HAL_TIMEx_Break2Callback
                0x08008d6c       0x14 ./Drivers/STM32G4xx_HAL_Driver/Src/stm32g4xx_hal_tim_ex.o
                0x08008d6c                HAL_TIMEx_Break2Callback
 .text.HAL_TIMEx_EncoderIndexCallback
                0x08008d80       0x14 ./Drivers/STM32G4xx_HAL_Driver/Src/stm32g4xx_hal_tim_ex.o
                0x08008d80                HAL_TIMEx_EncoderIndexCallback
 .text.HAL_TIMEx_DirectionChangeCallback
                0x08008d94       0x14 ./Drivers/STM32G4xx_HAL_Driver/Src/stm32g4xx_hal_tim_ex.o
                0x08008d94                HAL_TIMEx_DirectionChangeCallback
 .text.HAL_TIMEx_IndexErrorCallback
                0x08008da8       0x14 ./Drivers/STM32G4xx_HAL_Driver/Src/stm32g4xx_hal_tim_ex.o
                0x08008da8                HAL_TIMEx_IndexErrorCallback
 .text.HAL_TIMEx_TransitionErrorCallback
                0x08008dbc       0x14 ./Drivers/STM32G4xx_HAL_Driver/Src/stm32g4xx_hal_tim_ex.o
                0x08008dbc                HAL_TIMEx_TransitionErrorCallback
 .text.TIM_CCxNChannelCmd
                0x08008dd0       0x4a ./Drivers/STM32G4xx_HAL_Driver/Src/stm32g4xx_hal_tim_ex.o
 .text.HAL_UART_Init
                0x08008e1a       0xa0 ./Drivers/STM32G4xx_HAL_Driver/Src/stm32g4xx_hal_uart.o
                0x08008e1a                HAL_UART_Init
 *fill*         0x08008eba        0x2 
 .text.HAL_UART_Transmit_DMA
                0x08008ebc      0x100 ./Drivers/STM32G4xx_HAL_Driver/Src/stm32g4xx_hal_uart.o
                0x08008ebc                HAL_UART_Transmit_DMA
 .text.HAL_UART_IRQHandler
                0x08008fbc      0x684 ./Drivers/STM32G4xx_HAL_Driver/Src/stm32g4xx_hal_uart.o
                0x08008fbc                HAL_UART_IRQHandler
 .text.HAL_UART_TxHalfCpltCallback
                0x08009640       0x14 ./Drivers/STM32G4xx_HAL_Driver/Src/stm32g4xx_hal_uart.o
                0x08009640                HAL_UART_TxHalfCpltCallback
 .text.HAL_UART_ErrorCallback
                0x08009654       0x14 ./Drivers/STM32G4xx_HAL_Driver/Src/stm32g4xx_hal_uart.o
                0x08009654                HAL_UART_ErrorCallback
 .text.HAL_UARTEx_RxEventCallback
                0x08009668       0x18 ./Drivers/STM32G4xx_HAL_Driver/Src/stm32g4xx_hal_uart.o
                0x08009668                HAL_UARTEx_RxEventCallback
 .text.UART_SetConfig
                0x08009680      0x598 ./Drivers/STM32G4xx_HAL_Driver/Src/stm32g4xx_hal_uart.o
                0x08009680                UART_SetConfig
 .text.UART_AdvFeatureConfig
                0x08009c18      0x144 ./Drivers/STM32G4xx_HAL_Driver/Src/stm32g4xx_hal_uart.o
                0x08009c18                UART_AdvFeatureConfig
 .text.UART_CheckIdleState
                0x08009d5c      0x154 ./Drivers/STM32G4xx_HAL_Driver/Src/stm32g4xx_hal_uart.o
                0x08009d5c                UART_CheckIdleState
 .text.UART_WaitOnFlagUntilTimeout
                0x08009eb0       0xda ./Drivers/STM32G4xx_HAL_Driver/Src/stm32g4xx_hal_uart.o
                0x08009eb0                UART_WaitOnFlagUntilTimeout
 .text.UART_EndTxTransfer
                0x08009f8a       0x82 ./Drivers/STM32G4xx_HAL_Driver/Src/stm32g4xx_hal_uart.o
 .text.UART_EndRxTransfer
                0x0800a00c       0xcc ./Drivers/STM32G4xx_HAL_Driver/Src/stm32g4xx_hal_uart.o
 .text.UART_DMATransmitCplt
                0x0800a0d8       0x9a ./Drivers/STM32G4xx_HAL_Driver/Src/stm32g4xx_hal_uart.o
 .text.UART_DMATxHalfCplt
                0x0800a172       0x1c ./Drivers/STM32G4xx_HAL_Driver/Src/stm32g4xx_hal_uart.o
 .text.UART_DMAError
                0x0800a18e       0x80 ./Drivers/STM32G4xx_HAL_Driver/Src/stm32g4xx_hal_uart.o
 .text.UART_DMAAbortOnError
                0x0800a20e       0x24 ./Drivers/STM32G4xx_HAL_Driver/Src/stm32g4xx_hal_uart.o
 .text.UART_EndTransmit_IT
                0x0800a232       0x56 ./Drivers/STM32G4xx_HAL_Driver/Src/stm32g4xx_hal_uart.o
 .text.HAL_UARTEx_WakeupCallback
                0x0800a288       0x14 ./Drivers/STM32G4xx_HAL_Driver/Src/stm32g4xx_hal_uart_ex.o
                0x0800a288                HAL_UARTEx_WakeupCallback
 .text.HAL_UARTEx_RxFifoFullCallback
                0x0800a29c       0x14 ./Drivers/STM32G4xx_HAL_Driver/Src/stm32g4xx_hal_uart_ex.o
                0x0800a29c                HAL_UARTEx_RxFifoFullCallback
 .text.HAL_UARTEx_TxFifoEmptyCallback
                0x0800a2b0       0x14 ./Drivers/STM32G4xx_HAL_Driver/Src/stm32g4xx_hal_uart_ex.o
                0x0800a2b0                HAL_UARTEx_TxFifoEmptyCallback
 .text.HAL_UARTEx_DisableFifoMode
                0x0800a2c4       0x72 ./Drivers/STM32G4xx_HAL_Driver/Src/stm32g4xx_hal_uart_ex.o
                0x0800a2c4                HAL_UARTEx_DisableFifoMode
 .text.HAL_UARTEx_SetTxFifoThreshold
                0x0800a336       0x7c ./Drivers/STM32G4xx_HAL_Driver/Src/stm32g4xx_hal_uart_ex.o
                0x0800a336                HAL_UARTEx_SetTxFifoThreshold
 .text.HAL_UARTEx_SetRxFifoThreshold
                0x0800a3b2       0x7c ./Drivers/STM32G4xx_HAL_Driver/Src/stm32g4xx_hal_uart_ex.o
                0x0800a3b2                HAL_UARTEx_SetRxFifoThreshold
 *fill*         0x0800a42e        0x2 
 .text.UARTEx_SetNbDataToProcess
                0x0800a430       0x9c ./Drivers/STM32G4xx_HAL_Driver/Src/stm32g4xx_hal_uart_ex.o
 .text.__cvt    0x0800a4cc       0xca /opt/st/stm32cubeide_1.16.1/plugins/com.st.stm32cube.ide.mcu.externaltools.gnu-tools-for-stm32.12.3.rel1.linux64_1.0.200.202406132123/tools/bin/../lib/gcc/arm-none-eabi/12.3.1/../../../../arm-none-eabi/lib/thumb/v7e-m+fp/hard/libc_nano.a(libc_a-nano-vfprintf_float.o)
                0x0800a4cc                __cvt
 .text.__exponent
                0x0800a596       0x74 /opt/st/stm32cubeide_1.16.1/plugins/com.st.stm32cube.ide.mcu.externaltools.gnu-tools-for-stm32.12.3.rel1.linux64_1.0.200.202406132123/tools/bin/../lib/gcc/arm-none-eabi/12.3.1/../../../../arm-none-eabi/lib/thumb/v7e-m+fp/hard/libc_nano.a(libc_a-nano-vfprintf_float.o)
                0x0800a596                __exponent
 *fill*         0x0800a60a        0x2 
 .text._printf_float
                0x0800a60c      0x454 /opt/st/stm32cubeide_1.16.1/plugins/com.st.stm32cube.ide.mcu.externaltools.gnu-tools-for-stm32.12.3.rel1.linux64_1.0.200.202406132123/tools/bin/../lib/gcc/arm-none-eabi/12.3.1/../../../../arm-none-eabi/lib/thumb/v7e-m+fp/hard/libc_nano.a(libc_a-nano-vfprintf_float.o)
                0x0800a60c                _printf_float
 .text._printf_common
                0x0800aa60       0xda /opt/st/stm32cubeide_1.16.1/plugins/com.st.stm32cube.ide.mcu.externaltools.gnu-tools-for-stm32.12.3.rel1.linux64_1.0.200.202406132123/tools/bin/../lib/gcc/arm-none-eabi/12.3.1/../../../../arm-none-eabi/lib/thumb/v7e-m+fp/hard/libc_nano.a(libc_a-nano-vfprintf_i.o)
                0x0800aa60                _printf_common
 *fill*         0x0800ab3a        0x2 
 .text._printf_i
                0x0800ab3c      0x240 /opt/st/stm32cubeide_1.16.1/plugins/com.st.stm32cube.ide.mcu.externaltools.gnu-tools-for-stm32.12.3.rel1.linux64_1.0.200.202406132123/tools/bin/../lib/gcc/arm-none-eabi/12.3.1/../../../../arm-none-eabi/lib/thumb/v7e-m+fp/hard/libc_nano.a(libc_a-nano-vfprintf_i.o)
                0x0800ab3c                _printf_i
 .text.std      0x0800ad7c       0x6c /opt/st/stm32cubeide_1.16.1/plugins/com.st.stm32cube.ide.mcu.externaltools.gnu-tools-for-stm32.12.3.rel1.linux64_1.0.200.202406132123/tools/bin/../lib/gcc/arm-none-eabi/12.3.1/../../../../arm-none-eabi/lib/thumb/v7e-m+fp/hard/libc_nano.a(libc_a-findfp.o)
 .text.stdio_exit_handler
                0x0800ade8       0x18 /opt/st/stm32cubeide_1.16.1/plugins/com.st.stm32cube.ide.mcu.externaltools.gnu-tools-for-stm32.12.3.rel1.linux64_1.0.200.202406132123/tools/bin/../lib/gcc/arm-none-eabi/12.3.1/../../../../arm-none-eabi/lib/thumb/v7e-m+fp/hard/libc_nano.a(libc_a-findfp.o)
 .text.cleanup_stdio
                0x0800ae00       0x40 /opt/st/stm32cubeide_1.16.1/plugins/com.st.stm32cube.ide.mcu.externaltools.gnu-tools-for-stm32.12.3.rel1.linux64_1.0.200.202406132123/tools/bin/../lib/gcc/arm-none-eabi/12.3.1/../../../../arm-none-eabi/lib/thumb/v7e-m+fp/hard/libc_nano.a(libc_a-findfp.o)
 .text.global_stdio_init.part.0
                0x0800ae40       0x3c /opt/st/stm32cubeide_1.16.1/plugins/com.st.stm32cube.ide.mcu.externaltools.gnu-tools-for-stm32.12.3.rel1.linux64_1.0.200.202406132123/tools/bin/../lib/gcc/arm-none-eabi/12.3.1/../../../../arm-none-eabi/lib/thumb/v7e-m+fp/hard/libc_nano.a(libc_a-findfp.o)
 .text.__sfp_lock_acquire
                0x0800ae7c        0xc /opt/st/stm32cubeide_1.16.1/plugins/com.st.stm32cube.ide.mcu.externaltools.gnu-tools-for-stm32.12.3.rel1.linux64_1.0.200.202406132123/tools/bin/../lib/gcc/arm-none-eabi/12.3.1/../../../../arm-none-eabi/lib/thumb/v7e-m+fp/hard/libc_nano.a(libc_a-findfp.o)
                0x0800ae7c                __sfp_lock_acquire
 .text.__sfp_lock_release
                0x0800ae88        0xc /opt/st/stm32cubeide_1.16.1/plugins/com.st.stm32cube.ide.mcu.externaltools.gnu-tools-for-stm32.12.3.rel1.linux64_1.0.200.202406132123/tools/bin/../lib/gcc/arm-none-eabi/12.3.1/../../../../arm-none-eabi/lib/thumb/v7e-m+fp/hard/libc_nano.a(libc_a-findfp.o)
                0x0800ae88                __sfp_lock_release
 .text.__sinit  0x0800ae94       0x30 /opt/st/stm32cubeide_1.16.1/plugins/com.st.stm32cube.ide.mcu.externaltools.gnu-tools-for-stm32.12.3.rel1.linux64_1.0.200.202406132123/tools/bin/../lib/gcc/arm-none-eabi/12.3.1/../../../../arm-none-eabi/lib/thumb/v7e-m+fp/hard/libc_nano.a(libc_a-findfp.o)
                0x0800ae94                __sinit
 .text._fwalk_sglue
                0x0800aec4       0x3c /opt/st/stm32cubeide_1.16.1/plugins/com.st.stm32cube.ide.mcu.externaltools.gnu-tools-for-stm32.12.3.rel1.linux64_1.0.200.202406132123/tools/bin/../lib/gcc/arm-none-eabi/12.3.1/../../../../arm-none-eabi/lib/thumb/v7e-m+fp/hard/libc_nano.a(libc_a-fwalk.o)
                0x0800aec4                _fwalk_sglue
 .text.__sread  0x0800af00       0x22 /opt/st/stm32cubeide_1.16.1/plugins/com.st.stm32cube.ide.mcu.externaltools.gnu-tools-for-stm32.12.3.rel1.linux64_1.0.200.202406132123/tools/bin/../lib/gcc/arm-none-eabi/12.3.1/../../../../arm-none-eabi/lib/thumb/v7e-m+fp/hard/libc_nano.a(libc_a-stdio.o)
                0x0800af00                __sread
 .text.__swrite
                0x0800af22       0x38 /opt/st/stm32cubeide_1.16.1/plugins/com.st.stm32cube.ide.mcu.externaltools.gnu-tools-for-stm32.12.3.rel1.linux64_1.0.200.202406132123/tools/bin/../lib/gcc/arm-none-eabi/12.3.1/../../../../arm-none-eabi/lib/thumb/v7e-m+fp/hard/libc_nano.a(libc_a-stdio.o)
                0x0800af22                __swrite
 .text.__sseek  0x0800af5a       0x24 /opt/st/stm32cubeide_1.16.1/plugins/com.st.stm32cube.ide.mcu.externaltools.gnu-tools-for-stm32.12.3.rel1.linux64_1.0.200.202406132123/tools/bin/../lib/gcc/arm-none-eabi/12.3.1/../../../../arm-none-eabi/lib/thumb/v7e-m+fp/hard/libc_nano.a(libc_a-stdio.o)
                0x0800af5a                __sseek
 .text.__sclose
                0x0800af7e        0x8 /opt/st/stm32cubeide_1.16.1/plugins/com.st.stm32cube.ide.mcu.externaltools.gnu-tools-for-stm32.12.3.rel1.linux64_1.0.200.202406132123/tools/bin/../lib/gcc/arm-none-eabi/12.3.1/../../../../arm-none-eabi/lib/thumb/v7e-m+fp/hard/libc_nano.a(libc_a-stdio.o)
                0x0800af7e                __sclose
 .text.memset   0x0800af86       0x10 /opt/st/stm32cubeide_1.16.1/plugins/com.st.stm32cube.ide.mcu.externaltools.gnu-tools-for-stm32.12.3.rel1.linux64_1.0.200.202406132123/tools/bin/../lib/gcc/arm-none-eabi/12.3.1/../../../../arm-none-eabi/lib/thumb/v7e-m+fp/hard/libc_nano.a(libc_a-memset.o)
                0x0800af86                memset
 *fill*         0x0800af96        0x2 
 .text._localeconv_r
                0x0800af98        0x8 /opt/st/stm32cubeide_1.16.1/plugins/com.st.stm32cube.ide.mcu.externaltools.gnu-tools-for-stm32.12.3.rel1.linux64_1.0.200.202406132123/tools/bin/../lib/gcc/arm-none-eabi/12.3.1/../../../../arm-none-eabi/lib/thumb/v7e-m+fp/hard/libc_nano.a(libc_a-localeconv.o)
                0x0800af98                _localeconv_r
 .text._close_r
                0x0800afa0       0x20 /opt/st/stm32cubeide_1.16.1/plugins/com.st.stm32cube.ide.mcu.externaltools.gnu-tools-for-stm32.12.3.rel1.linux64_1.0.200.202406132123/tools/bin/../lib/gcc/arm-none-eabi/12.3.1/../../../../arm-none-eabi/lib/thumb/v7e-m+fp/hard/libc_nano.a(libc_a-closer.o)
                0x0800afa0                _close_r
 .text._lseek_r
                0x0800afc0       0x24 /opt/st/stm32cubeide_1.16.1/plugins/com.st.stm32cube.ide.mcu.externaltools.gnu-tools-for-stm32.12.3.rel1.linux64_1.0.200.202406132123/tools/bin/../lib/gcc/arm-none-eabi/12.3.1/../../../../arm-none-eabi/lib/thumb/v7e-m+fp/hard/libc_nano.a(libc_a-lseekr.o)
                0x0800afc0                _lseek_r
 .text._read_r  0x0800afe4       0x24 /opt/st/stm32cubeide_1.16.1/plugins/com.st.stm32cube.ide.mcu.externaltools.gnu-tools-for-stm32.12.3.rel1.linux64_1.0.200.202406132123/tools/bin/../lib/gcc/arm-none-eabi/12.3.1/../../../../arm-none-eabi/lib/thumb/v7e-m+fp/hard/libc_nano.a(libc_a-readr.o)
                0x0800afe4                _read_r
 .text._write_r
                0x0800b008       0x24 /opt/st/stm32cubeide_1.16.1/plugins/com.st.stm32cube.ide.mcu.externaltools.gnu-tools-for-stm32.12.3.rel1.linux64_1.0.200.202406132123/tools/bin/../lib/gcc/arm-none-eabi/12.3.1/../../../../arm-none-eabi/lib/thumb/v7e-m+fp/hard/libc_nano.a(libc_a-writer.o)
                0x0800b008                _write_r
 .text.__errno  0x0800b02c        0xc /opt/st/stm32cubeide_1.16.1/plugins/com.st.stm32cube.ide.mcu.externaltools.gnu-tools-for-stm32.12.3.rel1.linux64_1.0.200.202406132123/tools/bin/../lib/gcc/arm-none-eabi/12.3.1/../../../../arm-none-eabi/lib/thumb/v7e-m+fp/hard/libc_nano.a(libc_a-errno.o)
                0x0800b02c                __errno
 .text.__libc_init_array
                0x0800b038       0x48 /opt/st/stm32cubeide_1.16.1/plugins/com.st.stm32cube.ide.mcu.externaltools.gnu-tools-for-stm32.12.3.rel1.linux64_1.0.200.202406132123/tools/bin/../lib/gcc/arm-none-eabi/12.3.1/../../../../arm-none-eabi/lib/thumb/v7e-m+fp/hard/libc_nano.a(libc_a-init.o)
                0x0800b038                __libc_init_array
 .text.__retarget_lock_init_recursive
                0x0800b080        0x2 /opt/st/stm32cubeide_1.16.1/plugins/com.st.stm32cube.ide.mcu.externaltools.gnu-tools-for-stm32.12.3.rel1.linux64_1.0.200.202406132123/tools/bin/../lib/gcc/arm-none-eabi/12.3.1/../../../../arm-none-eabi/lib/thumb/v7e-m+fp/hard/libc_nano.a(libc_a-lock.o)
                0x0800b080                __retarget_lock_init_recursive
 .text.__retarget_lock_acquire_recursive
                0x0800b082        0x2 /opt/st/stm32cubeide_1.16.1/plugins/com.st.stm32cube.ide.mcu.externaltools.gnu-tools-for-stm32.12.3.rel1.linux64_1.0.200.202406132123/tools/bin/../lib/gcc/arm-none-eabi/12.3.1/../../../../arm-none-eabi/lib/thumb/v7e-m+fp/hard/libc_nano.a(libc_a-lock.o)
                0x0800b082                __retarget_lock_acquire_recursive
 .text.__retarget_lock_release_recursive
                0x0800b084        0x2 /opt/st/stm32cubeide_1.16.1/plugins/com.st.stm32cube.ide.mcu.externaltools.gnu-tools-for-stm32.12.3.rel1.linux64_1.0.200.202406132123/tools/bin/../lib/gcc/arm-none-eabi/12.3.1/../../../../arm-none-eabi/lib/thumb/v7e-m+fp/hard/libc_nano.a(libc_a-lock.o)
                0x0800b084                __retarget_lock_release_recursive
 .text.quorem   0x0800b086      0x110 /opt/st/stm32cubeide_1.16.1/plugins/com.st.stm32cube.ide.mcu.externaltools.gnu-tools-for-stm32.12.3.rel1.linux64_1.0.200.202406132123/tools/bin/../lib/gcc/arm-none-eabi/12.3.1/../../../../arm-none-eabi/lib/thumb/v7e-m+fp/hard/libc_nano.a(libc_a-dtoa.o)
 *fill*         0x0800b196        0x2 
 .text._dtoa_r  0x0800b198      0xb88 /opt/st/stm32cubeide_1.16.1/plugins/com.st.stm32cube.ide.mcu.externaltools.gnu-tools-for-stm32.12.3.rel1.linux64_1.0.200.202406132123/tools/bin/../lib/gcc/arm-none-eabi/12.3.1/../../../../arm-none-eabi/lib/thumb/v7e-m+fp/hard/libc_nano.a(libc_a-dtoa.o)
                0x0800b198                _dtoa_r
 .text._free_r  0x0800bd20       0x94 /opt/st/stm32cubeide_1.16.1/plugins/com.st.stm32cube.ide.mcu.externaltools.gnu-tools-for-stm32.12.3.rel1.linux64_1.0.200.202406132123/tools/bin/../lib/gcc/arm-none-eabi/12.3.1/../../../../arm-none-eabi/lib/thumb/v7e-m+fp/hard/libc_nano.a(libc_a-freer.o)
                0x0800bd20                _free_r
 .text.malloc   0x0800bdb4       0x10 /opt/st/stm32cubeide_1.16.1/plugins/com.st.stm32cube.ide.mcu.externaltools.gnu-tools-for-stm32.12.3.rel1.linux64_1.0.200.202406132123/tools/bin/../lib/gcc/arm-none-eabi/12.3.1/../../../../arm-none-eabi/lib/thumb/v7e-m+fp/hard/libc_nano.a(libc_a-malloc.o)
                0x0800bdb4                malloc
 .text.sbrk_aligned
                0x0800bdc4       0x44 /opt/st/stm32cubeide_1.16.1/plugins/com.st.stm32cube.ide.mcu.externaltools.gnu-tools-for-stm32.12.3.rel1.linux64_1.0.200.202406132123/tools/bin/../lib/gcc/arm-none-eabi/12.3.1/../../../../arm-none-eabi/lib/thumb/v7e-m+fp/hard/libc_nano.a(libc_a-mallocr.o)
 .text._malloc_r
                0x0800be08      0x100 /opt/st/stm32cubeide_1.16.1/plugins/com.st.stm32cube.ide.mcu.externaltools.gnu-tools-for-stm32.12.3.rel1.linux64_1.0.200.202406132123/tools/bin/../lib/gcc/arm-none-eabi/12.3.1/../../../../arm-none-eabi/lib/thumb/v7e-m+fp/hard/libc_nano.a(libc_a-mallocr.o)
                0x0800be08                _malloc_r
 .text.__malloc_lock
                0x0800bf08        0xc /opt/st/stm32cubeide_1.16.1/plugins/com.st.stm32cube.ide.mcu.externaltools.gnu-tools-for-stm32.12.3.rel1.linux64_1.0.200.202406132123/tools/bin/../lib/gcc/arm-none-eabi/12.3.1/../../../../arm-none-eabi/lib/thumb/v7e-m+fp/hard/libc_nano.a(libc_a-mlock.o)
                0x0800bf08                __malloc_lock
 .text.__malloc_unlock
                0x0800bf14        0xc /opt/st/stm32cubeide_1.16.1/plugins/com.st.stm32cube.ide.mcu.externaltools.gnu-tools-for-stm32.12.3.rel1.linux64_1.0.200.202406132123/tools/bin/../lib/gcc/arm-none-eabi/12.3.1/../../../../arm-none-eabi/lib/thumb/v7e-m+fp/hard/libc_nano.a(libc_a-mlock.o)
                0x0800bf14                __malloc_unlock
 .text._Balloc  0x0800bf20       0x80 /opt/st/stm32cubeide_1.16.1/plugins/com.st.stm32cube.ide.mcu.externaltools.gnu-tools-for-stm32.12.3.rel1.linux64_1.0.200.202406132123/tools/bin/../lib/gcc/arm-none-eabi/12.3.1/../../../../arm-none-eabi/lib/thumb/v7e-m+fp/hard/libc_nano.a(libc_a-mprec.o)
                0x0800bf20                _Balloc
 .text._Bfree   0x0800bfa0       0x44 /opt/st/stm32cubeide_1.16.1/plugins/com.st.stm32cube.ide.mcu.externaltools.gnu-tools-for-stm32.12.3.rel1.linux64_1.0.200.202406132123/tools/bin/../lib/gcc/arm-none-eabi/12.3.1/../../../../arm-none-eabi/lib/thumb/v7e-m+fp/hard/libc_nano.a(libc_a-mprec.o)
                0x0800bfa0                _Bfree
 .text.__multadd
                0x0800bfe4       0x8c /opt/st/stm32cubeide_1.16.1/plugins/com.st.stm32cube.ide.mcu.externaltools.gnu-tools-for-stm32.12.3.rel1.linux64_1.0.200.202406132123/tools/bin/../lib/gcc/arm-none-eabi/12.3.1/../../../../arm-none-eabi/lib/thumb/v7e-m+fp/hard/libc_nano.a(libc_a-mprec.o)
                0x0800bfe4                __multadd
 .text.__hi0bits
                0x0800c070       0x3e /opt/st/stm32cubeide_1.16.1/plugins/com.st.stm32cube.ide.mcu.externaltools.gnu-tools-for-stm32.12.3.rel1.linux64_1.0.200.202406132123/tools/bin/../lib/gcc/arm-none-eabi/12.3.1/../../../../arm-none-eabi/lib/thumb/v7e-m+fp/hard/libc_nano.a(libc_a-mprec.o)
                0x0800c070                __hi0bits
 .text.__lo0bits
                0x0800c0ae       0x5a /opt/st/stm32cubeide_1.16.1/plugins/com.st.stm32cube.ide.mcu.externaltools.gnu-tools-for-stm32.12.3.rel1.linux64_1.0.200.202406132123/tools/bin/../lib/gcc/arm-none-eabi/12.3.1/../../../../arm-none-eabi/lib/thumb/v7e-m+fp/hard/libc_nano.a(libc_a-mprec.o)
                0x0800c0ae                __lo0bits
 .text.__i2b    0x0800c108       0x2c /opt/st/stm32cubeide_1.16.1/plugins/com.st.stm32cube.ide.mcu.externaltools.gnu-tools-for-stm32.12.3.rel1.linux64_1.0.200.202406132123/tools/bin/../lib/gcc/arm-none-eabi/12.3.1/../../../../arm-none-eabi/lib/thumb/v7e-m+fp/hard/libc_nano.a(libc_a-mprec.o)
                0x0800c108                __i2b
 .text.__multiply
                0x0800c134      0x154 /opt/st/stm32cubeide_1.16.1/plugins/com.st.stm32cube.ide.mcu.externaltools.gnu-tools-for-stm32.12.3.rel1.linux64_1.0.200.202406132123/tools/bin/../lib/gcc/arm-none-eabi/12.3.1/../../../../arm-none-eabi/lib/thumb/v7e-m+fp/hard/libc_nano.a(libc_a-mprec.o)
                0x0800c134                __multiply
 .text.__pow5mult
                0x0800c288       0xb4 /opt/st/stm32cubeide_1.16.1/plugins/com.st.stm32cube.ide.mcu.externaltools.gnu-tools-for-stm32.12.3.rel1.linux64_1.0.200.202406132123/tools/bin/../lib/gcc/arm-none-eabi/12.3.1/../../../../arm-none-eabi/lib/thumb/v7e-m+fp/hard/libc_nano.a(libc_a-mprec.o)
                0x0800c288                __pow5mult
 .text.__lshift
                0x0800c33c       0xd8 /opt/st/stm32cubeide_1.16.1/plugins/com.st.stm32cube.ide.mcu.externaltools.gnu-tools-for-stm32.12.3.rel1.linux64_1.0.200.202406132123/tools/bin/../lib/gcc/arm-none-eabi/12.3.1/../../../../arm-none-eabi/lib/thumb/v7e-m+fp/hard/libc_nano.a(libc_a-mprec.o)
                0x0800c33c                __lshift
 .text.__mcmp   0x0800c414       0x36 /opt/st/stm32cubeide_1.16.1/plugins/com.st.stm32cube.ide.mcu.externaltools.gnu-tools-for-stm32.12.3.rel1.linux64_1.0.200.202406132123/tools/bin/../lib/gcc/arm-none-eabi/12.3.1/../../../../arm-none-eabi/lib/thumb/v7e-m+fp/hard/libc_nano.a(libc_a-mprec.o)
                0x0800c414                __mcmp
 *fill*         0x0800c44a        0x2 
 .text.__mdiff  0x0800c44c      0x128 /opt/st/stm32cubeide_1.16.1/plugins/com.st.stm32cube.ide.mcu.externaltools.gnu-tools-for-stm32.12.3.rel1.linux64_1.0.200.202406132123/tools/bin/../lib/gcc/arm-none-eabi/12.3.1/../../../../arm-none-eabi/lib/thumb/v7e-m+fp/hard/libc_nano.a(libc_a-mprec.o)
                0x0800c44c                __mdiff
 .text.__d2b    0x0800c574       0xb0 /opt/st/stm32cubeide_1.16.1/plugins/com.st.stm32cube.ide.mcu.externaltools.gnu-tools-for-stm32.12.3.rel1.linux64_1.0.200.202406132123/tools/bin/../lib/gcc/arm-none-eabi/12.3.1/../../../../arm-none-eabi/lib/thumb/v7e-m+fp/hard/libc_nano.a(libc_a-mprec.o)
                0x0800c574                __d2b
 .text.__sflush_r
                0x0800c624      0x108 /opt/st/stm32cubeide_1.16.1/plugins/com.st.stm32cube.ide.mcu.externaltools.gnu-tools-for-stm32.12.3.rel1.linux64_1.0.200.202406132123/tools/bin/../lib/gcc/arm-none-eabi/12.3.1/../../../../arm-none-eabi/lib/thumb/v7e-m+fp/hard/libc_nano.a(libc_a-fflush.o)
                0x0800c624                __sflush_r
 .text._fflush_r
                0x0800c72c       0x50 /opt/st/stm32cubeide_1.16.1/plugins/com.st.stm32cube.ide.mcu.externaltools.gnu-tools-for-stm32.12.3.rel1.linux64_1.0.200.202406132123/tools/bin/../lib/gcc/arm-none-eabi/12.3.1/../../../../arm-none-eabi/lib/thumb/v7e-m+fp/hard/libc_nano.a(libc_a-fflush.o)
                0x0800c72c                _fflush_r
 .text._sbrk_r  0x0800c77c       0x20 /opt/st/stm32cubeide_1.16.1/plugins/com.st.stm32cube.ide.mcu.externaltools.gnu-tools-for-stm32.12.3.rel1.linux64_1.0.200.202406132123/tools/bin/../lib/gcc/arm-none-eabi/12.3.1/../../../../arm-none-eabi/lib/thumb/v7e-m+fp/hard/libc_nano.a(libc_a-sbrkr.o)
                0x0800c77c                _sbrk_r
 .text.memcpy   0x0800c79c       0x1c /opt/st/stm32cubeide_1.16.1/plugins/com.st.stm32cube.ide.mcu.externaltools.gnu-tools-for-stm32.12.3.rel1.linux64_1.0.200.202406132123/tools/bin/../lib/gcc/arm-none-eabi/12.3.1/../../../../arm-none-eabi/lib/thumb/v7e-m+fp/hard/libc_nano.a(libc_a-memcpy-stub.o)
                0x0800c79c                memcpy
 .text.__assert_func
                0x0800c7b8       0x3c /opt/st/stm32cubeide_1.16.1/plugins/com.st.stm32cube.ide.mcu.externaltools.gnu-tools-for-stm32.12.3.rel1.linux64_1.0.200.202406132123/tools/bin/../lib/gcc/arm-none-eabi/12.3.1/../../../../arm-none-eabi/lib/thumb/v7e-m+fp/hard/libc_nano.a(libc_a-assert.o)
                0x0800c7b8                __assert_func
 .text._calloc_r
                0x0800c7f4       0x28 /opt/st/stm32cubeide_1.16.1/plugins/com.st.stm32cube.ide.mcu.externaltools.gnu-tools-for-stm32.12.3.rel1.linux64_1.0.200.202406132123/tools/bin/../lib/gcc/arm-none-eabi/12.3.1/../../../../arm-none-eabi/lib/thumb/v7e-m+fp/hard/libc_nano.a(libc_a-callocr.o)
                0x0800c7f4                _calloc_r
 .text.__ascii_mbtowc
                0x0800c81c       0x24 /opt/st/stm32cubeide_1.16.1/plugins/com.st.stm32cube.ide.mcu.externaltools.gnu-tools-for-stm32.12.3.rel1.linux64_1.0.200.202406132123/tools/bin/../lib/gcc/arm-none-eabi/12.3.1/../../../../arm-none-eabi/lib/thumb/v7e-m+fp/hard/libc_nano.a(libc_a-mbtowc_r.o)
                0x0800c81c                __ascii_mbtowc
 .text.__ascii_wctomb
                0x0800c840       0x1a /opt/st/stm32cubeide_1.16.1/plugins/com.st.stm32cube.ide.mcu.externaltools.gnu-tools-for-stm32.12.3.rel1.linux64_1.0.200.202406132123/tools/bin/../lib/gcc/arm-none-eabi/12.3.1/../../../../arm-none-eabi/lib/thumb/v7e-m+fp/hard/libc_nano.a(libc_a-wctomb_r.o)
                0x0800c840                __ascii_wctomb
 *fill*         0x0800c85a        0x2 
 .text.fprintf  0x0800c85c       0x24 /opt/st/stm32cubeide_1.16.1/plugins/com.st.stm32cube.ide.mcu.externaltools.gnu-tools-for-stm32.12.3.rel1.linux64_1.0.200.202406132123/tools/bin/../lib/gcc/arm-none-eabi/12.3.1/../../../../arm-none-eabi/lib/thumb/v7e-m+fp/hard/libc_nano.a(libc_a-fprintf.o)
                0x0800c85c                fprintf
                0x0800c85c                fiprintf
 .text.abort    0x0800c880        0xe /opt/st/stm32cubeide_1.16.1/plugins/com.st.stm32cube.ide.mcu.externaltools.gnu-tools-for-stm32.12.3.rel1.linux64_1.0.200.202406132123/tools/bin/../lib/gcc/arm-none-eabi/12.3.1/../../../../arm-none-eabi/lib/thumb/v7e-m+fp/hard/libc_nano.a(libc_a-abort.o)
                0x0800c880                abort
 .text.__sfputc_r
                0x0800c88e       0x2e /opt/st/stm32cubeide_1.16.1/plugins/com.st.stm32cube.ide.mcu.externaltools.gnu-tools-for-stm32.12.3.rel1.linux64_1.0.200.202406132123/tools/bin/../lib/gcc/arm-none-eabi/12.3.1/../../../../arm-none-eabi/lib/thumb/v7e-m+fp/hard/libc_nano.a(libc_a-nano-vfprintf.o)
 .text.__sfputs_r
                0x0800c8bc       0x24 /opt/st/stm32cubeide_1.16.1/plugins/com.st.stm32cube.ide.mcu.externaltools.gnu-tools-for-stm32.12.3.rel1.linux64_1.0.200.202406132123/tools/bin/../lib/gcc/arm-none-eabi/12.3.1/../../../../arm-none-eabi/lib/thumb/v7e-m+fp/hard/libc_nano.a(libc_a-nano-vfprintf.o)
                0x0800c8bc                __sfputs_r
 .text._vfprintf_r
                0x0800c8e0      0x230 /opt/st/stm32cubeide_1.16.1/plugins/com.st.stm32cube.ide.mcu.externaltools.gnu-tools-for-stm32.12.3.rel1.linux64_1.0.200.202406132123/tools/bin/../lib/gcc/arm-none-eabi/12.3.1/../../../../arm-none-eabi/lib/thumb/v7e-m+fp/hard/libc_nano.a(libc_a-nano-vfprintf.o)
                0x0800c8e0                _vfiprintf_r
                0x0800c8e0                _vfprintf_r
 .text.__swbuf_r
                0x0800cb10       0x7c /opt/st/stm32cubeide_1.16.1/plugins/com.st.stm32cube.ide.mcu.externaltools.gnu-tools-for-stm32.12.3.rel1.linux64_1.0.200.202406132123/tools/bin/../lib/gcc/arm-none-eabi/12.3.1/../../../../arm-none-eabi/lib/thumb/v7e-m+fp/hard/libc_nano.a(libc_a-wbuf.o)
                0x0800cb10                __swbuf_r
 .text.__swsetup_r
                0x0800cb8c       0xac /opt/st/stm32cubeide_1.16.1/plugins/com.st.stm32cube.ide.mcu.externaltools.gnu-tools-for-stm32.12.3.rel1.linux64_1.0.200.202406132123/tools/bin/../lib/gcc/arm-none-eabi/12.3.1/../../../../arm-none-eabi/lib/thumb/v7e-m+fp/hard/libc_nano.a(libc_a-wsetup.o)
                0x0800cb8c                __swsetup_r
 .text._raise_r
                0x0800cc38       0x50 /opt/st/stm32cubeide_1.16.1/plugins/com.st.stm32cube.ide.mcu.externaltools.gnu-tools-for-stm32.12.3.rel1.linux64_1.0.200.202406132123/tools/bin/../lib/gcc/arm-none-eabi/12.3.1/../../../../arm-none-eabi/lib/thumb/v7e-m+fp/hard/libc_nano.a(libc_a-signal.o)
                0x0800cc38                _raise_r
 .text.raise    0x0800cc88       0x10 /opt/st/stm32cubeide_1.16.1/plugins/com.st.stm32cube.ide.mcu.externaltools.gnu-tools-for-stm32.12.3.rel1.linux64_1.0.200.202406132123/tools/bin/../lib/gcc/arm-none-eabi/12.3.1/../../../../arm-none-eabi/lib/thumb/v7e-m+fp/hard/libc_nano.a(libc_a-signal.o)
                0x0800cc88                raise
 .text._kill_r  0x0800cc98       0x24 /opt/st/stm32cubeide_1.16.1/plugins/com.st.stm32cube.ide.mcu.externaltools.gnu-tools-for-stm32.12.3.rel1.linux64_1.0.200.202406132123/tools/bin/../lib/gcc/arm-none-eabi/12.3.1/../../../../arm-none-eabi/lib/thumb/v7e-m+fp/hard/libc_nano.a(libc_a-signalr.o)
                0x0800cc98                _kill_r
 .text._getpid_r
                0x0800ccbc        0x4 /opt/st/stm32cubeide_1.16.1/plugins/com.st.stm32cube.ide.mcu.externaltools.gnu-tools-for-stm32.12.3.rel1.linux64_1.0.200.202406132123/tools/bin/../lib/gcc/arm-none-eabi/12.3.1/../../../../arm-none-eabi/lib/thumb/v7e-m+fp/hard/libc_nano.a(libc_a-signalr.o)
                0x0800ccbc                _getpid_r
 .text.__swhatbuf_r
                0x0800ccc0       0x4c /opt/st/stm32cubeide_1.16.1/plugins/com.st.stm32cube.ide.mcu.externaltools.gnu-tools-for-stm32.12.3.rel1.linux64_1.0.200.202406132123/tools/bin/../lib/gcc/arm-none-eabi/12.3.1/../../../../arm-none-eabi/lib/thumb/v7e-m+fp/hard/libc_nano.a(libc_a-makebuf.o)
                0x0800ccc0                __swhatbuf_r
 .text.__smakebuf_r
                0x0800cd0c       0x78 /opt/st/stm32cubeide_1.16.1/plugins/com.st.stm32cube.ide.mcu.externaltools.gnu-tools-for-stm32.12.3.rel1.linux64_1.0.200.202406132123/tools/bin/../lib/gcc/arm-none-eabi/12.3.1/../../../../arm-none-eabi/lib/thumb/v7e-m+fp/hard/libc_nano.a(libc_a-makebuf.o)
                0x0800cd0c                __smakebuf_r
 .text._fstat_r
                0x0800cd84       0x24 /opt/st/stm32cubeide_1.16.1/plugins/com.st.stm32cube.ide.mcu.externaltools.gnu-tools-for-stm32.12.3.rel1.linux64_1.0.200.202406132123/tools/bin/../lib/gcc/arm-none-eabi/12.3.1/../../../../arm-none-eabi/lib/thumb/v7e-m+fp/hard/libc_nano.a(libc_a-fstatr.o)
                0x0800cd84                _fstat_r
 .text._isatty_r
                0x0800cda8       0x20 /opt/st/stm32cubeide_1.16.1/plugins/com.st.stm32cube.ide.mcu.externaltools.gnu-tools-for-stm32.12.3.rel1.linux64_1.0.200.202406132123/tools/bin/../lib/gcc/arm-none-eabi/12.3.1/../../../../arm-none-eabi/lib/thumb/v7e-m+fp/hard/libc_nano.a(libc_a-isattyr.o)
                0x0800cda8                _isatty_r
 *(.glue_7)
 .glue_7        0x0800cdc8        0x0 linker stubs
 *(.glue_7t)
 .glue_7t       0x0800cdc8        0x0 linker stubs
 *(.eh_frame)
 .eh_frame      0x0800cdc8        0x0 /opt/st/stm32cubeide_1.16.1/plugins/com.st.stm32cube.ide.mcu.externaltools.gnu-tools-for-stm32.12.3.rel1.linux64_1.0.200.202406132123/tools/bin/../lib/gcc/arm-none-eabi/12.3.1/thumb/v7e-m+fp/hard/crtbegin.o
 *(.init)
 .init          0x0800cdc8        0x4 /opt/st/stm32cubeide_1.16.1/plugins/com.st.stm32cube.ide.mcu.externaltools.gnu-tools-for-stm32.12.3.rel1.linux64_1.0.200.202406132123/tools/bin/../lib/gcc/arm-none-eabi/12.3.1/thumb/v7e-m+fp/hard/crti.o
                0x0800cdc8                _init
 .init          0x0800cdcc        0x8 /opt/st/stm32cubeide_1.16.1/plugins/com.st.stm32cube.ide.mcu.externaltools.gnu-tools-for-stm32.12.3.rel1.linux64_1.0.200.202406132123/tools/bin/../lib/gcc/arm-none-eabi/12.3.1/thumb/v7e-m+fp/hard/crtn.o
 *(.fini)
 .fini          0x0800cdd4        0x4 /opt/st/stm32cubeide_1.16.1/plugins/com.st.stm32cube.ide.mcu.externaltools.gnu-tools-for-stm32.12.3.rel1.linux64_1.0.200.202406132123/tools/bin/../lib/gcc/arm-none-eabi/12.3.1/thumb/v7e-m+fp/hard/crti.o
                0x0800cdd4                _fini
 .fini          0x0800cdd8        0x8 /opt/st/stm32cubeide_1.16.1/plugins/com.st.stm32cube.ide.mcu.externaltools.gnu-tools-for-stm32.12.3.rel1.linux64_1.0.200.202406132123/tools/bin/../lib/gcc/arm-none-eabi/12.3.1/thumb/v7e-m+fp/hard/crtn.o
                0x0800cde0                        . = ALIGN (0x4)
                0x0800cde0                        _etext = .

.vfp11_veneer   0x0800cde0        0x0
 .vfp11_veneer  0x0800cde0        0x0 linker stubs

.v4_bx          0x0800cde0        0x0
 .v4_bx         0x0800cde0        0x0 linker stubs

.iplt           0x0800cde0        0x0
 .iplt          0x0800cde0        0x0 /opt/st/stm32cubeide_1.16.1/plugins/com.st.stm32cube.ide.mcu.externaltools.gnu-tools-for-stm32.12.3.rel1.linux64_1.0.200.202406132123/tools/bin/../lib/gcc/arm-none-eabi/12.3.1/thumb/v7e-m+fp/hard/crtbegin.o

.rodata         0x0800cde0      0x3c8
                0x0800cde0                        . = ALIGN (0x4)
 *(.rodata)
 .rodata        0x0800cde0       0x16 ./Core/Src/main.o
 *(.rodata*)
 *fill*         0x0800cdf6        0x2 
 .rodata.AHBPrescTable
                0x0800cdf8       0x10 ./Core/Src/system_stm32g4xx.o
                0x0800cdf8                AHBPrescTable
 .rodata.APBPrescTable
                0x0800ce08        0x8 ./Core/Src/system_stm32g4xx.o
                0x0800ce08                APBPrescTable
 .rodata.UARTPrescTable
                0x0800ce10       0x18 ./Drivers/STM32G4xx_HAL_Driver/Src/stm32g4xx_hal_uart.o
                0x0800ce10                UARTPrescTable
 .rodata.numerator.1
                0x0800ce28        0x8 ./Drivers/STM32G4xx_HAL_Driver/Src/stm32g4xx_hal_uart_ex.o
 .rodata.denominator.0
                0x0800ce30        0x8 ./Drivers/STM32G4xx_HAL_Driver/Src/stm32g4xx_hal_uart_ex.o
 .rodata._printf_float.str1.1
                0x0800ce38       0x12 /opt/st/stm32cubeide_1.16.1/plugins/com.st.stm32cube.ide.mcu.externaltools.gnu-tools-for-stm32.12.3.rel1.linux64_1.0.200.202406132123/tools/bin/../lib/gcc/arm-none-eabi/12.3.1/../../../../arm-none-eabi/lib/thumb/v7e-m+fp/hard/libc_nano.a(libc_a-nano-vfprintf_float.o)
 .rodata._printf_i.str1.1
                0x0800ce4a       0x22 /opt/st/stm32cubeide_1.16.1/plugins/com.st.stm32cube.ide.mcu.externaltools.gnu-tools-for-stm32.12.3.rel1.linux64_1.0.200.202406132123/tools/bin/../lib/gcc/arm-none-eabi/12.3.1/../../../../arm-none-eabi/lib/thumb/v7e-m+fp/hard/libc_nano.a(libc_a-nano-vfprintf_i.o)
 .rodata._dtoa_r.str1.1
                0x0800ce6c       0x8d /opt/st/stm32cubeide_1.16.1/plugins/com.st.stm32cube.ide.mcu.externaltools.gnu-tools-for-stm32.12.3.rel1.linux64_1.0.200.202406132123/tools/bin/../lib/gcc/arm-none-eabi/12.3.1/../../../../arm-none-eabi/lib/thumb/v7e-m+fp/hard/libc_nano.a(libc_a-dtoa.o)
                                 0x8f (size before relaxing)
 .rodata._Balloc.str1.1
                0x0800cef9       0x59 /opt/st/stm32cubeide_1.16.1/plugins/com.st.stm32cube.ide.mcu.externaltools.gnu-tools-for-stm32.12.3.rel1.linux64_1.0.200.202406132123/tools/bin/../lib/gcc/arm-none-eabi/12.3.1/../../../../arm-none-eabi/lib/thumb/v7e-m+fp/hard/libc_nano.a(libc_a-mprec.o)
                                 0x70 (size before relaxing)
 .rodata.__multadd.str1.1
                0x0800cf52       0x11 /opt/st/stm32cubeide_1.16.1/plugins/com.st.stm32cube.ide.mcu.externaltools.gnu-tools-for-stm32.12.3.rel1.linux64_1.0.200.202406132123/tools/bin/../lib/gcc/arm-none-eabi/12.3.1/../../../../arm-none-eabi/lib/thumb/v7e-m+fp/hard/libc_nano.a(libc_a-mprec.o)
 *fill*         0x0800cf52        0x2 
 .rodata.p05.0  0x0800cf54        0xc /opt/st/stm32cubeide_1.16.1/plugins/com.st.stm32cube.ide.mcu.externaltools.gnu-tools-for-stm32.12.3.rel1.linux64_1.0.200.202406132123/tools/bin/../lib/gcc/arm-none-eabi/12.3.1/../../../../arm-none-eabi/lib/thumb/v7e-m+fp/hard/libc_nano.a(libc_a-mprec.o)
 .rodata.__mprec_bigtens
                0x0800cf60       0x28 /opt/st/stm32cubeide_1.16.1/plugins/com.st.stm32cube.ide.mcu.externaltools.gnu-tools-for-stm32.12.3.rel1.linux64_1.0.200.202406132123/tools/bin/../lib/gcc/arm-none-eabi/12.3.1/../../../../arm-none-eabi/lib/thumb/v7e-m+fp/hard/libc_nano.a(libc_a-mprec.o)
                0x0800cf60                __mprec_bigtens
 .rodata.__mprec_tens
                0x0800cf88       0xc8 /opt/st/stm32cubeide_1.16.1/plugins/com.st.stm32cube.ide.mcu.externaltools.gnu-tools-for-stm32.12.3.rel1.linux64_1.0.200.202406132123/tools/bin/../lib/gcc/arm-none-eabi/12.3.1/../../../../arm-none-eabi/lib/thumb/v7e-m+fp/hard/libc_nano.a(libc_a-mprec.o)
                0x0800cf88                __mprec_tens
 .rodata._setlocale_r.str1.1
                0x0800d050        0x8 /opt/st/stm32cubeide_1.16.1/plugins/com.st.stm32cube.ide.mcu.externaltools.gnu-tools-for-stm32.12.3.rel1.linux64_1.0.200.202406132123/tools/bin/../lib/gcc/arm-none-eabi/12.3.1/../../../../arm-none-eabi/lib/thumb/v7e-m+fp/hard/libc_nano.a(libc_a-locale.o)
                                  0x9 (size before relaxing)
 .rodata.str1.1
                0x0800d058        0x2 /opt/st/stm32cubeide_1.16.1/plugins/com.st.stm32cube.ide.mcu.externaltools.gnu-tools-for-stm32.12.3.rel1.linux64_1.0.200.202406132123/tools/bin/../lib/gcc/arm-none-eabi/12.3.1/../../../../arm-none-eabi/lib/thumb/v7e-m+fp/hard/libc_nano.a(libc_a-locale.o)
 .rodata.__assert_func.str1.1
                0x0800d05a       0x3c /opt/st/stm32cubeide_1.16.1/plugins/com.st.stm32cube.ide.mcu.externaltools.gnu-tools-for-stm32.12.3.rel1.linux64_1.0.200.202406132123/tools/bin/../lib/gcc/arm-none-eabi/12.3.1/../../../../arm-none-eabi/lib/thumb/v7e-m+fp/hard/libc_nano.a(libc_a-assert.o)
                                 0x3d (size before relaxing)
 .rodata._ctype_
                0x0800d096      0x101 /opt/st/stm32cubeide_1.16.1/plugins/com.st.stm32cube.ide.mcu.externaltools.gnu-tools-for-stm32.12.3.rel1.linux64_1.0.200.202406132123/tools/bin/../lib/gcc/arm-none-eabi/12.3.1/../../../../arm-none-eabi/lib/thumb/v7e-m+fp/hard/libc_nano.a(libc_a-ctype_.o)
                0x0800d096                _ctype_
 .rodata._vfprintf_r.str1.1
                0x0800d197       0x11 /opt/st/stm32cubeide_1.16.1/plugins/com.st.stm32cube.ide.mcu.externaltools.gnu-tools-for-stm32.12.3.rel1.linux64_1.0.200.202406132123/tools/bin/../lib/gcc/arm-none-eabi/12.3.1/../../../../arm-none-eabi/lib/thumb/v7e-m+fp/hard/libc_nano.a(libc_a-nano-vfprintf.o)
                0x0800d1a8                        . = ALIGN (0x4)

.ARM.extab      0x0800d1a8        0x0
                0x0800d1a8                        . = ALIGN (0x4)
 *(.ARM.extab* .gnu.linkonce.armextab.*)
                0x0800d1a8                        . = ALIGN (0x4)

.ARM            0x0800d1a8        0x8
                0x0800d1a8                        . = ALIGN (0x4)
                0x0800d1a8                        __exidx_start = .
 *(.ARM.exidx*)
 .ARM.exidx     0x0800d1a8        0x8 /opt/st/stm32cubeide_1.16.1/plugins/com.st.stm32cube.ide.mcu.externaltools.gnu-tools-for-stm32.12.3.rel1.linux64_1.0.200.202406132123/tools/bin/../lib/gcc/arm-none-eabi/12.3.1/../../../../arm-none-eabi/lib/thumb/v7e-m+fp/hard/libc_nano.a(libc_a-memchr.o)
 .ARM.exidx     0x0800d1b0        0x0 /opt/st/stm32cubeide_1.16.1/plugins/com.st.stm32cube.ide.mcu.externaltools.gnu-tools-for-stm32.12.3.rel1.linux64_1.0.200.202406132123/tools/bin/../lib/gcc/arm-none-eabi/12.3.1/../../../../arm-none-eabi/lib/thumb/v7e-m+fp/hard/libc_nano.a(libc_a-strlen.o)
                                  0x8 (size before relaxing)
 .ARM.exidx     0x0800d1b0        0x0 /opt/st/stm32cubeide_1.16.1/plugins/com.st.stm32cube.ide.mcu.externaltools.gnu-tools-for-stm32.12.3.rel1.linux64_1.0.200.202406132123/tools/bin/../lib/gcc/arm-none-eabi/12.3.1/thumb/v7e-m+fp/hard/libgcc.a(_udivmoddi4.o)
                                  0x8 (size before relaxing)
                0x0800d1b0                        __exidx_end = .
                0x0800d1b0                        . = ALIGN (0x4)

.rel.dyn        0x0800d1b0        0x0
 .rel.iplt      0x0800d1b0        0x0 /opt/st/stm32cubeide_1.16.1/plugins/com.st.stm32cube.ide.mcu.externaltools.gnu-tools-for-stm32.12.3.rel1.linux64_1.0.200.202406132123/tools/bin/../lib/gcc/arm-none-eabi/12.3.1/thumb/v7e-m+fp/hard/crtbegin.o

.preinit_array  0x0800d1b0        0x0
                0x0800d1b0                        . = ALIGN (0x4)
                0x0800d1b0                        PROVIDE (__preinit_array_start = .)
 *(.preinit_array*)
                0x0800d1b0                        PROVIDE (__preinit_array_end = .)
                0x0800d1b0                        . = ALIGN (0x4)

.init_array     0x0800d1b0        0x4
                0x0800d1b0                        . = ALIGN (0x4)
                0x0800d1b0                        PROVIDE (__init_array_start = .)
 *(SORT_BY_NAME(.init_array.*))
 *(.init_array*)
 .init_array    0x0800d1b0        0x4 /opt/st/stm32cubeide_1.16.1/plugins/com.st.stm32cube.ide.mcu.externaltools.gnu-tools-for-stm32.12.3.rel1.linux64_1.0.200.202406132123/tools/bin/../lib/gcc/arm-none-eabi/12.3.1/thumb/v7e-m+fp/hard/crtbegin.o
                0x0800d1b4                        PROVIDE (__init_array_end = .)
                0x0800d1b4                        . = ALIGN (0x4)

.fini_array     0x0800d1b4        0x4
                0x0800d1b4                        . = ALIGN (0x4)
                [!provide]                        PROVIDE (__fini_array_start = .)
 *(SORT_BY_NAME(.fini_array.*))
 *(.fini_array*)
 .fini_array    0x0800d1b4        0x4 /opt/st/stm32cubeide_1.16.1/plugins/com.st.stm32cube.ide.mcu.externaltools.gnu-tools-for-stm32.12.3.rel1.linux64_1.0.200.202406132123/tools/bin/../lib/gcc/arm-none-eabi/12.3.1/thumb/v7e-m+fp/hard/crtbegin.o
                [!provide]                        PROVIDE (__fini_array_end = .)
                0x0800d1b8                        . = ALIGN (0x4)
                0x0800d1b8                        _sidata = LOADADDR (.data)

.data           0x20000000      0x35c load address 0x0800d1b8
                0x20000000                        . = ALIGN (0x4)
                0x20000000                        _sdata = .
 *(.data)
 *(.data*)
 .data.direction
                0x20000000        0x1 ./Core/Src/main.o
                0x20000000                direction
 *fill*         0x20000001        0x1 
 .data.frictionMaxPWM
                0x20000002        0x2 ./Core/Src/main.o
                0x20000002                frictionMaxPWM
 .data.coggingMaxPWM
                0x20000004        0x2 ./Core/Src/main.o
                0x20000004                coggingMaxPWM
 *fill*         0x20000006        0x2 
 .data.SystemCoreClock
                0x20000008        0x4 ./Core/Src/system_stm32g4xx.o
                0x20000008                SystemCoreClock
 .data.frictionNormalized
                0x2000000c       0x80 ./Drivers/Gen4_Drivers/Src/CoggingFrictionRemoval.o
                0x2000000c                frictionNormalized
 .data.coggingNormalized
                0x2000008c      0x100 ./Drivers/Gen4_Drivers/Src/CoggingFrictionRemoval.o
                0x2000008c                coggingNormalized
 .data.uwTickPrio
                0x2000018c        0x4 ./Drivers/STM32G4xx_HAL_Driver/Src/stm32g4xx_hal.o
                0x2000018c                uwTickPrio
 .data.uwTickFreq
                0x20000190        0x4 ./Drivers/STM32G4xx_HAL_Driver/Src/stm32g4xx_hal.o
                0x20000190                uwTickFreq
 .data.__sglue  0x20000194        0xc /opt/st/stm32cubeide_1.16.1/plugins/com.st.stm32cube.ide.mcu.externaltools.gnu-tools-for-stm32.12.3.rel1.linux64_1.0.200.202406132123/tools/bin/../lib/gcc/arm-none-eabi/12.3.1/../../../../arm-none-eabi/lib/thumb/v7e-m+fp/hard/libc_nano.a(libc_a-findfp.o)
                0x20000194                __sglue
 .data._impure_ptr
                0x200001a0        0x4 /opt/st/stm32cubeide_1.16.1/plugins/com.st.stm32cube.ide.mcu.externaltools.gnu-tools-for-stm32.12.3.rel1.linux64_1.0.200.202406132123/tools/bin/../lib/gcc/arm-none-eabi/12.3.1/../../../../arm-none-eabi/lib/thumb/v7e-m+fp/hard/libc_nano.a(libc_a-impure.o)
                0x200001a0                _impure_ptr
 .data._impure_data
                0x200001a4       0x4c /opt/st/stm32cubeide_1.16.1/plugins/com.st.stm32cube.ide.mcu.externaltools.gnu-tools-for-stm32.12.3.rel1.linux64_1.0.200.202406132123/tools/bin/../lib/gcc/arm-none-eabi/12.3.1/../../../../arm-none-eabi/lib/thumb/v7e-m+fp/hard/libc_nano.a(libc_a-impure.o)
                0x200001a4                _impure_data
 .data.__global_locale
                0x200001f0      0x16c /opt/st/stm32cubeide_1.16.1/plugins/com.st.stm32cube.ide.mcu.externaltools.gnu-tools-for-stm32.12.3.rel1.linux64_1.0.200.202406132123/tools/bin/../lib/gcc/arm-none-eabi/12.3.1/../../../../arm-none-eabi/lib/thumb/v7e-m+fp/hard/libc_nano.a(libc_a-locale.o)
                0x200001f0                __global_locale
 *(.RamFunc)
 *(.RamFunc*)
                0x2000035c                        . = ALIGN (0x4)
                0x2000035c                        _edata = .

.igot.plt       0x2000035c        0x0 load address 0x0800d514
 .igot.plt      0x2000035c        0x0 /opt/st/stm32cubeide_1.16.1/plugins/com.st.stm32cube.ide.mcu.externaltools.gnu-tools-for-stm32.12.3.rel1.linux64_1.0.200.202406132123/tools/bin/../lib/gcc/arm-none-eabi/12.3.1/thumb/v7e-m+fp/hard/crtbegin.o
                0x2000035c                        . = ALIGN (0x4)

.bss            0x2000035c     0x16a4 load address 0x0800d514
                0x2000035c                        _sbss = .
                0x2000035c                        __bss_start__ = _sbss
 *(.bss)
 .bss           0x2000035c       0x1c /opt/st/stm32cubeide_1.16.1/plugins/com.st.stm32cube.ide.mcu.externaltools.gnu-tools-for-stm32.12.3.rel1.linux64_1.0.200.202406132123/tools/bin/../lib/gcc/arm-none-eabi/12.3.1/thumb/v7e-m+fp/hard/crtbegin.o
 *(.bss*)
 .bss.hcordic   0x20000378       0x28 ./Core/Src/main.o
                0x20000378                hcordic
 .bss.hspi1     0x200003a0       0x64 ./Core/Src/main.o
                0x200003a0                hspi1
 .bss.htim1     0x20000404       0x4c ./Core/Src/main.o
                0x20000404                htim1
 .bss.htim6     0x20000450       0x4c ./Core/Src/main.o
                0x20000450                htim6
 .bss.htim7     0x2000049c       0x4c ./Core/Src/main.o
                0x2000049c                htim7
 .bss.huart2    0x200004e8       0x94 ./Core/Src/main.o
                0x200004e8                huart2
 .bss.hdma_usart2_tx
                0x2000057c       0x60 ./Core/Src/main.o
                0x2000057c                hdma_usart2_tx
 .bss.sCordicConfig
                0x200005dc       0x1c ./Core/Src/main.o
                0x200005dc                sCordicConfig
 .bss.ps        0x200005f8       0x70 ./Core/Src/main.o
                0x200005f8                ps
 .bss.s         0x20000668       0x7c ./Core/Src/main.o
                0x20000668                s
 .bss.svpwm     0x200006e4       0x24 ./Core/Src/main.o
                0x200006e4                svpwm
 .bss.hw        0x20000708        0x1 ./Core/Src/main.o
                0x20000708                hw
 *fill*         0x20000709        0x3 
 .bss.ms        0x2000070c        0xc ./Core/Src/main.o
                0x2000070c                ms
 .bss.r         0x20000718       0x30 ./Core/Src/main.o
                0x20000718                r
 .bss.foc       0x20000748       0x40 ./Core/Src/main.o
                0x20000748                foc
 .bss.rampRPM   0x20000788       0x30 ./Core/Src/main.o
                0x20000788                rampRPM
 .bss.hsLog     0x200007b8      0xfc4 ./Core/Src/main.o
                0x200007b8                hsLog
 .bss.speedPID  0x2000177c       0x28 ./Core/Src/main.o
                0x2000177c                speedPID
 .bss.posPID    0x200017a4       0x28 ./Core/Src/main.o
                0x200017a4                posPID
 .bss.p         0x200017cc       0x58 ./Core/Src/main.o
                0x200017cc                p
 .bss.fr        0x20001824       0x14 ./Core/Src/main.o
                0x20001824                fr
 .bss.cg        0x20001838       0x18 ./Core/Src/main.o
                0x20001838                cg
 .bss.setupOK   0x20001850        0x1 ./Core/Src/main.o
                0x20001850                setupOK
 .bss.errorSetupOK
                0x20001851        0x1 ./Core/Src/main.o
                0x20001851                errorSetupOK
 .bss.encZeroPosSetup
                0x20001852        0x1 ./Core/Src/main.o
                0x20001852                encZeroPosSetup
 .bss.dbg_rampDuty_RUStart
                0x20001853        0x1 ./Core/Src/main.o
                0x20001853                dbg_rampDuty_RUStart
 .bss.dbg_rampDuty_RDStart
                0x20001854        0x1 ./Core/Src/main.o
                0x20001854                dbg_rampDuty_RDStart
 .bss.dbg_rampDuty_ChangeDuty
                0x20001855        0x1 ./Core/Src/main.o
                0x20001855                dbg_rampDuty_ChangeDuty
 .bss.dbg_rampDuty_Stop
                0x20001856        0x1 ./Core/Src/main.o
                0x20001856                dbg_rampDuty_Stop
 .bss.dbg_rampRPM_RUStart
                0x20001857        0x1 ./Core/Src/main.o
                0x20001857                dbg_rampRPM_RUStart
 .bss.dbg_rampRPM_RDStart
                0x20001858        0x1 ./Core/Src/main.o
                0x20001858                dbg_rampRPM_RDStart
 .bss.dbg_rampRPM_ChangeRPM
                0x20001859        0x1 ./Core/Src/main.o
                0x20001859                dbg_rampRPM_ChangeRPM
 .bss.dbg_rampRPM_Stop
                0x2000185a        0x1 ./Core/Src/main.o
                0x2000185a                dbg_rampRPM_Stop
 *fill*         0x2000185b        0x1 
 .bss.RPM_transitionTime
                0x2000185c        0x2 ./Core/Src/main.o