Archive member included to satisfy reference by file (symbol)

/opt/st/stm32cubeide_1.16.1/plugins/com.st.stm32cube.ide.mcu.externaltools.gnu-tools-for-stm32.12.3.rel1.linux64_1.0.200.202406132123/tools/bin/../lib/gcc/arm-none-eabi/12.3.1/../../../../arm-none-eabi/lib/thumb/v7e-m+fp/hard/libc_nano.a(libc_a-exit.o)
                              /opt/st/stm32cubeide_1.16.1/plugins/com.st.stm32cube.ide.mcu.externaltools.gnu-tools-for-stm32.12.3.rel1.linux64_1.0.200.202406132123/tools/bin/../lib/gcc/arm-none-eabi/12.3.1/../../../../arm-none-eabi/lib/thumb/v7e-m+fp/hard/crt0.o (exit)
/opt/st/stm32cubeide_1.16.1/plugins/com.st.stm32cube.ide.mcu.externaltools.gnu-tools-for-stm32.12.3.rel1.linux64_1.0.200.202406132123/tools/bin/../lib/gcc/arm-none-eabi/12.3.1/../../../../arm-none-eabi/lib/thumb/v7e-m+fp/hard/libc_nano.a(libc_a-nano-vfprintf_float.o)
                              (_printf_float)
/opt/st/stm32cubeide_1.16.1/plugins/com.st.stm32cube.ide.mcu.externaltools.gnu-tools-for-stm32.12.3.rel1.linux64_1.0.200.202406132123/tools/bin/../lib/gcc/arm-none-eabi/12.3.1/../../../../arm-none-eabi/lib/thumb/v7e-m+fp/hard/libc_nano.a(libc_a-nano-vfprintf_i.o)
                              /opt/st/stm32cubeide_1.16.1/plugins/com.st.stm32cube.ide.mcu.externaltools.gnu-tools-for-stm32.12.3.rel1.linux64_1.0.200.202406132123/tools/bin/../lib/gcc/arm-none-eabi/12.3.1/../../../../arm-none-eabi/lib/thumb/v7e-m+fp/hard/libc_nano.a(libc_a-nano-vfprintf_float.o) (_printf_common)
/opt/st/stm32cubeide_1.16.1/plugins/com.st.stm32cube.ide.mcu.externaltools.gnu-tools-for-stm32.12.3.rel1.linux64_1.0.200.202406132123/tools/bin/../lib/gcc/arm-none-eabi/12.3.1/../../../../arm-none-eabi/lib/thumb/v7e-m+fp/hard/libc_nano.a(libc_a-findfp.o)
                              /opt/st/stm32cubeide_1.16.1/plugins/com.st.stm32cube.ide.mcu.externaltools.gnu-tools-for-stm32.12.3.rel1.linux64_1.0.200.202406132123/tools/bin/../lib/gcc/arm-none-eabi/12.3.1/../../../../arm-none-eabi/lib/thumb/v7e-m+fp/hard/libc_nano.a(libc_a-exit.o) (__stdio_exit_handler)
/opt/st/stm32cubeide_1.16.1/plugins/com.st.stm32cube.ide.mcu.externaltools.gnu-tools-for-stm32.12.3.rel1.linux64_1.0.200.202406132123/tools/bin/../lib/gcc/arm-none-eabi/12.3.1/../../../../arm-none-eabi/lib/thumb/v7e-m+fp/hard/libc_nano.a(libc_a-fwalk.o)
                              /opt/st/stm32cubeide_1.16.1/plugins/com.st.stm32cube.ide.mcu.externaltools.gnu-tools-for-stm32.12.3.rel1.linux64_1.0.200.202406132123/tools/bin/../lib/gcc/arm-none-eabi/12.3.1/../../../../arm-none-eabi/lib/thumb/v7e-m+fp/hard/libc_nano.a(libc_a-findfp.o) (_fwalk_sglue)
/opt/st/stm32cubeide_1.16.1/plugins/com.st.stm32cube.ide.mcu.externaltools.gnu-tools-for-stm32.12.3.rel1.linux64_1.0.200.202406132123/tools/bin/../lib/gcc/arm-none-eabi/12.3.1/../../../../arm-none-eabi/lib/thumb/v7e-m+fp/hard/libc_nano.a(libc_a-stdio.o)
                              /opt/st/stm32cubeide_1.16.1/plugins/com.st.stm32cube.ide.mcu.externaltools.gnu-tools-for-stm32.12.3.rel1.linux64_1.0.200.202406132123/tools/bin/../lib/gcc/arm-none-eabi/12.3.1/../../../../arm-none-eabi/lib/thumb/v7e-m+fp/hard/libc_nano.a(libc_a-findfp.o) (__sread)
/opt/st/stm32cubeide_1.16.1/plugins/com.st.stm32cube.ide.mcu.externaltools.gnu-tools-for-stm32.12.3.rel1.linux64_1.0.200.202406132123/tools/bin/../lib/gcc/arm-none-eabi/12.3.1/../../../../arm-none-eabi/lib/thumb/v7e-m+fp/hard/libc_nano.a(libc_a-memset.o)
                              /opt/st/stm32cubeide_1.16.1/plugins/com.st.stm32cube.ide.mcu.externaltools.gnu-tools-for-stm32.12.3.rel1.linux64_1.0.200.202406132123/tools/bin/../lib/gcc/arm-none-eabi/12.3.1/../../../../arm-none-eabi/lib/thumb/v7e-m+fp/hard/crt0.o (memset)
/opt/st/stm32cubeide_1.16.1/plugins/com.st.stm32cube.ide.mcu.externaltools.gnu-tools-for-stm32.12.3.rel1.linux64_1.0.200.202406132123/tools/bin/../lib/gcc/arm-none-eabi/12.3.1/../../../../arm-none-eabi/lib/thumb/v7e-m+fp/hard/libc_nano.a(libc_a-localeconv.o)
                              /opt/st/stm32cubeide_1.16.1/plugins/com.st.stm32cube.ide.mcu.externaltools.gnu-tools-for-stm32.12.3.rel1.linux64_1.0.200.202406132123/tools/bin/../lib/gcc/arm-none-eabi/12.3.1/../../../../arm-none-eabi/lib/thumb/v7e-m+fp/hard/libc_nano.a(libc_a-nano-vfprintf_float.o) (_localeconv_r)
/opt/st/stm32cubeide_1.16.1/plugins/com.st.stm32cube.ide.mcu.externaltools.gnu-tools-for-stm32.12.3.rel1.linux64_1.0.200.202406132123/tools/bin/../lib/gcc/arm-none-eabi/12.3.1/../../../../arm-none-eabi/lib/thumb/v7e-m+fp/hard/libc_nano.a(libc_a-closer.o)
                              /opt/st/stm32cubeide_1.16.1/plugins/com.st.stm32cube.ide.mcu.externaltools.gnu-tools-for-stm32.12.3.rel1.linux64_1.0.200.202406132123/tools/bin/../lib/gcc/arm-none-eabi/12.3.1/../../../../arm-none-eabi/lib/thumb/v7e-m+fp/hard/libc_nano.a(libc_a-stdio.o) (_close_r)
[...]
Memory Configuration

Name             Origin             Length             Attributes
RAM              0x20000000         0x00008000         xrw
FLASH            0x08000000         0x00020000         xr
*default*        0x00000000         0xffffffff

Linker script and memory map

LOAD /opt/st/stm32cubeide_1.16.1/plugins/com.st.stm32cube.ide.mcu.externaltools.gnu-tools-for-stm32.12.3.rel1.linux64_1.0.200.202406132123/tools/bin/../lib/gcc/arm-none-eabi/12.3.1/thumb/v7e-m+fp/hard/crti.o
LOAD /opt/st/stm32cubeide_1.16.1/plugins/com.st.stm32cube.ide.mcu.externaltools.gnu-tools-for-stm32.12.3.rel1.linux64_1.0.200.202406132123/tools/bin/../lib/gcc/arm-none-eabi/12.3.1/thumb/v7e-m+fp/hard/crtbegin.o
LOAD /opt/st/stm32cubeide_1.16.1/plugins/com.st.stm32cube.ide.mcu.externaltools.gnu-tools-for-stm32.12.3.rel1.linux64_1.0.200.202406132123/tools/bin/../lib/gcc/arm-none-eabi/12.3.1/../../../../arm-none-eabi/lib/thumb/v7e-m+fp/hard/crt0.o
LOAD ./Core/Src/UnusedFns.o
LOAD ./Core/Src/main.o
LOAD ./Core/Src/stm32g4xx_hal_msp.o
LOAD ./Core/Src/stm32g4xx_it.o
LOAD ./Core/Src/syscalls.o
LOAD ./Core/Src/sysmem.o
LOAD ./Core/Src/system_stm32g4xx.o
LOAD ./Core/Startup/startup_stm32g431cbtx.o
LOAD ./Drivers/Gen4_Drivers/Src/ADC.o
LOAD ./Drivers/Gen4_Drivers/Src/AS5x47P.o
LOAD ./Drivers/Gen4_Drivers/Src/Calibration.o
LOAD ./Drivers/Gen4_Drivers/Src/CoggingFrictionRemoval.o
LOAD ./Drivers/Gen4_Drivers/Src/Cordic.o
LOAD ./Drivers/Gen4_Drivers/Src/EncoderFns.o
LOAD ./Drivers/Gen4_Drivers/Src/FOC.o
LOAD ./Drivers/Gen4_Drivers/Src/Logger.o
LOAD ./Drivers/Gen4_Drivers/Src/MathOps.o
LOAD ./Drivers/Gen4_Drivers/Src/PosControl-JC.o
LOAD ./Drivers/Gen4_Drivers/Src/PositionControl.o
LOAD ./Drivers/Gen4_Drivers/Src/PositionSensor.o
LOAD ./Drivers/Gen4_Drivers/Src/RampDuty.o
LOAD ./Drivers/Gen4_Drivers/Src/RampRpm.o
LOAD ./Drivers/Gen4_Drivers/Src/SpeedSensor.o
LOAD ./Drivers/STM32G4xx_HAL_Driver/Src/stm32g4xx_hal.o
LOAD ./Drivers/STM32G4xx_HAL_Driver/Src/stm32g4xx_hal_cordic.o
LOAD ./Drivers/STM32G4xx_HAL_Driver/Src/stm32g4xx_hal_cortex.o
LOAD ./Drivers/STM32G4xx_HAL_Driver/Src/stm32g4xx_hal_dma.o
LOAD ./Drivers/STM32G4xx_HAL_Driver/Src/stm32g4xx_hal_dma_ex.o
LOAD ./Drivers/STM32G4xx_HAL_Driver/Src/stm32g4xx_hal_exti.o
LOAD ./Drivers/STM32G4xx_HAL_Driver/Src/stm32g4xx_hal_flash.o
LOAD ./Drivers/STM32G4xx_HAL_Driver/Src/stm32g4xx_hal_flash_ex.o
LOAD ./Drivers/STM32G4xx_HAL_Driver/Src/stm32g4xx_hal_flash_ramfunc.o
LOAD ./Drivers/STM32G4xx_HAL_Driver/Src/stm32g4xx_hal_gpio.o
LOAD ./Drivers/STM32G4xx_HAL_Driver/Src/stm32g4xx_hal_pwr.o
LOAD ./Drivers/STM32G4xx_HAL_Driver/Src/stm32g4xx_hal_pwr_ex.o
LOAD ./Drivers/STM32G4xx_HAL_Driver/Src/stm32g4xx_hal_rcc.o
LOAD ./Drivers/STM32G4xx_HAL_Driver/Src/stm32g4xx_hal_rcc_ex.o
LOAD ./Drivers/STM32G4xx_HAL_Driver/Src/stm32g4xx_hal_spi.o
LOAD ./Drivers/STM32G4xx_HAL_Driver/Src/stm32g4xx_hal_spi_ex.o
LOAD ./Drivers/STM32G4xx_HAL_Driver/Src/stm32g4xx_hal_tim.o
LOAD ./Drivers/STM32G4xx_HAL_Driver/Src/stm32g4xx_hal_tim_ex.o
LOAD ./Drivers/STM32G4xx_HAL_Driver/Src/stm32g4xx_hal_uart.o
LOAD ./Drivers/STM32G4xx_HAL_Driver/Src/stm32g4xx_hal_uart_ex.o
START GROUP
LOAD /opt/st/stm32cubeide_1.16.1/plugins/com.st.stm32cube.ide.mcu.externaltools.gnu-tools-for-stm32.12.3.rel1.linux64_1.0.200.202406132123/tools/bin/../lib/gcc/arm-none-eabi/12.3.1/../../../../arm-none-eabi/lib/thumb/v7e-m+fp/hard/libc_nano.a
LOAD /opt/st/stm32cubeide_1.16.1/plugins/com.st.stm32cube.ide.mcu.externaltools.gnu-tools-for-stm32.12.3.rel1.linux64_1.0.200.202406132123/tools/bin/../lib/gcc/arm-none-eabi/12.3.1/../../../../arm-none-eabi/lib/thumb/v7e-m+fp/hard/libm.a
END GROUP
START GROUP
LOAD /opt/st/stm32cubeide_1.16.1/plugins/com.st.stm32cube.ide.mcu.externaltools.gnu-tools-for-stm32.12.3.rel1.linux64_1.0.200.202406132123/tools/bin/../lib/gcc/arm-none-eabi/12.3.1/thumb/v7e-m+fp/hard/libgcc.a
LOAD /opt/st/stm32cubeide_1.16.1/plugins/com.st.stm32cube.ide.mcu.externaltools.gnu-tools-for-stm32.12.3.rel1.linux64_1.0.200.202406132123/tools/bin/../lib/gcc/arm-none-eabi/12.3.1/../../../../arm-none-eabi/lib/thumb/v7e-m+fp/hard/libc_nano.a
END GROUP
START GROUP
LOAD /opt/st/stm32cubeide_1.16.1/plugins/com.st.stm32cube.ide.mcu.externaltools.gnu-tools-for-stm32.12.3.rel1.linux64_1.0.200.202406132123/tools/bin/../lib/gcc/arm-none-eabi/12.3.1/thumb/v7e-m+fp/hard/libgcc.a
LOAD /opt/st/stm32cubeide_1.16.1/plugins/com.st.stm32cube.ide.mcu.externaltools.gnu-tools-for-stm32.12.3.rel1.linux64_1.0.200.202406132123/tools/bin/../lib/gcc/arm-none-eabi/12.3.1/../../../../arm-none-eabi/lib/thumb/v7e-m+fp/hard/libc_nano.a
LOAD /opt/st/stm32cubeide_1.16.1/plugins/com.st.stm32cube.ide.mcu.externaltools.gnu-tools-for-stm32.12.3.rel1.linux64_1.0.200.202406132123/tools/bin/../lib/gcc/arm-none-eabi/12.3.1/../../../../arm-none-eabi/lib/thumb/v7e-m+fp/hard/libnosys.a
END GROUP
START GROUP
LOAD /opt/st/stm32cubeide_1.16.1/plugins/com.st.stm32cube.ide.mcu.externaltools.gnu-tools-for-stm32.12.3.rel1.linux64_1.0.200.202406132123/tools/bin/../lib/gcc/arm-none-eabi/12.3.1/thumb/v7e-m+fp/hard/libgcc.a
LOAD /opt/st/stm32cubeide_1.16.1/plugins/com.st.stm32cube.ide.mcu.externaltools.gnu-tools-for-stm32.12.3.rel1.linux64_1.0.200.202406132123/tools/bin/../lib/gcc/arm-none-eabi/12.3.1/../../../../arm-none-eabi/lib/thumb/v7e-m+fp/hard/libc_nano.a
LOAD /opt/st/stm32cubeide_1.16.1/plugins/com.st.stm32cube.ide.mcu.externaltools.gnu-tools-for-stm32.12.3.rel1.linux64_1.0.200.202406132123/tools/bin/../lib/gcc/arm-none-eabi/12.3.1/../../../../arm-none-eabi/lib/thumb/v7e-m+fp/hard/libnosys.a
END GROUP
LOAD /opt/st/stm32cubeide_1.16.1/plugins/com.st.stm32cube.ide.mcu.externaltools.gnu-tools-for-stm32.12.3.rel1.linux64_1.0.200.202406132123/tools/bin/../lib/gcc/arm-none-eabi/12.3.1/thumb/v7e-m+fp/hard/crtend.o
LOAD /opt/st/stm32cubeide_1.16.1/plugins/com.st.stm32cube.ide.mcu.externaltools.gnu-tools-for-stm32.12.3.rel1.linux64_1.0.200.202406132123/tools/bin/../lib/gcc/arm-none-eabi/12.3.1/thumb/v7e-m+fp/hard/crtn.o
                0x20008000                        _estack = (ORIGIN (RAM) + LENGTH (RAM))
                0x00000200                        _Min_Heap_Size = 0x200
                0x00000400                        _Min_Stack_Size = 0x400

.isr_vector     0x08000000      0x1d8
                0x08000000                        . = ALIGN (0x4)
 *(.isr_vector)
 .isr_vector    0x08000000      0x1d8 ./Core/Startup/startup_stm32g431cbtx.o
                0x08000000                g_pfnVectors
                0x080001d8                        . = ALIGN (0x4)

.text           0x080001e0     0xce80
                0x080001e0                        . = ALIGN (0x4)
 *(.text)
 .text          0x080001e0       0x40 /opt/st/stm32cubeide_1.16.1/plugins/com.st.stm32cube.ide.mcu.externaltools.gnu-tools-for-stm32.12.3.rel1.linux64_1.0.200.202406132123/tools/bin/../lib/gcc/arm-none-eabi/12.3.1/thumb/v7e-m+fp/hard/crtbegin.o
 .text          0x08000220       0xa0 /opt/st/stm32cubeide_1.16.1/plugins/com.st.stm32cube.ide.mcu.externaltools.gnu-tools-for-stm32.12.3.rel1.linux64_1.0.200.202406132123/tools/bin/../lib/gcc/arm-none-eabi/12.3.1/../../../../arm-none-eabi/lib/thumb/v7e-m+fp/hard/libc_nano.a(libc_a-memchr.o)
                0x08000220                memchr
 .text          0x080002c0       0x10 /opt/st/stm32cubeide_1.16.1/plugins/com.st.stm32cube.ide.mcu.externaltools.gnu-tools-for-stm32.12.3.rel1.linux64_1.0.200.202406132123/tools/bin/../lib/gcc/arm-none-eabi/12.3.1/../../../../arm-none-eabi/lib/thumb/v7e-m+fp/hard/libc_nano.a(libc_a-strlen.o)
                0x080002c0                strlen
 .text          0x080002d0      0x378 /opt/st/stm32cubeide_1.16.1/plugins/com.st.stm32cube.ide.mcu.externaltools.gnu-tools-for-stm32.12.3.rel1.linux64_1.0.200.202406132123/tools/bin/../lib/gcc/arm-none-eabi/12.3.1/thumb/v7e-m+fp/hard/libgcc.a(_arm_addsubdf3.o)
                0x080002d0                __aeabi_drsub
                0x080002d8                __aeabi_dsub
                0x080002d8                __subdf3
                0x080002dc                __adddf3
                0x080002dc                __aeabi_dadd
                0x08000554                __aeabi_ui2d
                0x08000554                __floatunsidf
                0x08000574                __floatsidf
                0x08000574                __aeabi_i2d
                0x08000598                __extendsfdf2
                0x08000598                __aeabi_f2d
                0x080005dc                __aeabi_ul2d
                0x080005dc                __floatundidf
                0x080005ec                __floatdidf
                0x080005ec                __aeabi_l2d
 .text          0x08000648      0x424 /opt/st/stm32cubeide_1.16.1/plugins/com.st.stm32cube.ide.mcu.externaltools.gnu-tools-for-stm32.12.3.rel1.linux64_1.0.200.202406132123/tools/bin/../lib/gcc/arm-none-eabi/12.3.1/thumb/v7e-m+fp/hard/libgcc.a(_arm_muldivdf3.o)
                0x08000648                __aeabi_dmul
                0x08000648                __muldf3
                0x0800089c                __aeabi_ddiv
                0x0800089c                __divdf3
 .text          0x08000a6c      0x110 /opt/st/stm32cubeide_1.16.1/plugins/com.st.stm32cube.ide.mcu.externaltools.gnu-tools-for-stm32.12.3.rel1.linux64_1.0.200.202406132123/tools/bin/../lib/gcc/arm-none-eabi/12.3.1/thumb/v7e-m+fp/hard/libgcc.a(_arm_cmpdf2.o)
                0x08000a6c                __gtdf2
                0x08000a6c                __gedf2
                0x08000a74                __ltdf2
                0x08000a74                __ledf2
                0x08000a7c                __cmpdf2
                0x08000a7c                __eqdf2
                0x08000a7c                __nedf2
                0x08000af8                __aeabi_cdrcmple
                0x08000b08                __aeabi_cdcmple
                0x08000b08                __aeabi_cdcmpeq
                0x08000b18                __aeabi_dcmpeq
                0x08000b2c                __aeabi_dcmplt
                0x08000b40                __aeabi_dcmple
                0x08000b54                __aeabi_dcmpge
                0x08000b68                __aeabi_dcmpgt
 .text          0x08000b7c       0x2c /opt/st/stm32cubeide_1.16.1/plugins/com.st.stm32cube.ide.mcu.externaltools.gnu-tools-for-stm32.12.3.rel1.linux64_1.0.200.202406132123/tools/bin/../lib/gcc/arm-none-eabi/12.3.1/thumb/v7e-m+fp/hard/libgcc.a(_arm_unorddf2.o)
                0x08000b7c                __aeabi_dcmpun
                0x08000b7c                __unorddf2
 .text          0x08000ba8       0x50 /opt/st/stm32cubeide_1.16.1/plugins/com.st.stm32cube.ide.mcu.externaltools.gnu-tools-for-stm32.12.3.rel1.linux64_1.0.200.202406132123/tools/bin/../lib/gcc/arm-none-eabi/12.3.1/thumb/v7e-m+fp/hard/libgcc.a(_arm_fixdfsi.o)
                0x08000ba8                __fixdfsi
                0x08000ba8                __aeabi_d2iz
 .text          0x08000bf8       0x30 /opt/st/stm32cubeide_1.16.1/plugins/com.st.stm32cube.ide.mcu.externaltools.gnu-tools-for-stm32.12.3.rel1.linux64_1.0.200.202406132123/tools/bin/../lib/gcc/arm-none-eabi/12.3.1/thumb/v7e-m+fp/hard/libgcc.a(_aeabi_uldivmod.o)
                0x08000bf8                __aeabi_uldivmod
 .text          0x08000c28      0x2bc /opt/st/stm32cubeide_1.16.1/plugins/com.st.stm32cube.ide.mcu.externaltools.gnu-tools-for-stm32.12.3.rel1.linux64_1.0.200.202406132123/tools/bin/../lib/gcc/arm-none-eabi/12.3.1/thumb/v7e-m+fp/hard/libgcc.a(_udivmoddi4.o)
                0x08000c28                __udivmoddi4
 .text          0x08000ee4        0x4 /opt/st/stm32cubeide_1.16.1/plugins/com.st.stm32cube.ide.mcu.externaltools.gnu-tools-for-stm32.12.3.rel1.linux64_1.0.200.202406132123/tools/bin/../lib/gcc/arm-none-eabi/12.3.1/thumb/v7e-m+fp/hard/libgcc.a(_dvmd_tls.o)
                0x08000ee4                __aeabi_ldiv0
                0x08000ee4                __aeabi_idiv0
 *(.text*)
 .text.HAL_UART_TxCpltCallback
                0x08000ee8       0x28 ./Core/Src/main.o
                0x08000ee8                HAL_UART_TxCpltCallback
 .text.HAL_TIM_PeriodElapsedCallback
                0x08000f10      0x620 ./Core/Src/main.o
                0x08000f10                HAL_TIM_PeriodElapsedCallback
 .text.main     0x08001530      0x694 ./Core/Src/main.o
                0x08001530                main
 .text.SystemClock_Config
                0x08001bc4       0x94 ./Core/Src/main.o
                0x08001bc4                SystemClock_Config
 .text.MX_CORDIC_Init
                0x08001c58       0x28 ./Core/Src/main.o
 .text.MX_SPI1_Init
                0x08001c80       0x7c ./Core/Src/main.o
 .text.MX_TIM1_Init
                0x08001cfc      0x194 ./Core/Src/main.o
 .text.MX_TIM6_Init
                0x08001e90       0x70 ./Core/Src/main.o
 .text.MX_TIM7_Init
                0x08001f00       0x6c ./Core/Src/main.o
 .text.MX_USART2_UART_Init
                0x08001f6c       0x9c ./Core/Src/main.o
 .text.MX_DMA_Init
                0x08002008       0x54 ./Core/Src/main.o
 .text.MX_GPIO_Init
                0x0800205c       0xe0 ./Core/Src/main.o
 .text.Error_Handler
                0x0800213c        0xc ./Core/Src/main.o
                0x0800213c                Error_Handler
 .text.HAL_MspInit
                0x08002148       0x48 ./Core/Src/stm32g4xx_hal_msp.o
                0x08002148                HAL_MspInit
 .text.HAL_CORDIC_MspInit
                0x08002190       0x40 ./Core/Src/stm32g4xx_hal_msp.o
                0x08002190                HAL_CORDIC_MspInit
 .text.HAL_SPI_MspInit
                0x080021d0       0x88 ./Core/Src/stm32g4xx_hal_msp.o
                0x080021d0                HAL_SPI_MspInit
 .text.HAL_TIM_Base_MspInit
                0x08002258       0xbc ./Core/Src/stm32g4xx_hal_msp.o
                0x08002258                HAL_TIM_Base_MspInit
 .text.HAL_TIM_MspPostInit
                0x08002314       0xd0 ./Core/Src/stm32g4xx_hal_msp.o
                0x08002314                HAL_TIM_MspPostInit
 .text.HAL_UART_MspInit
                0x080023e4      0x11c ./Core/Src/stm32g4xx_hal_msp.o
                0x080023e4                HAL_UART_MspInit
 .text.NMI_Handler
                0x08002500        0x8 ./Core/Src/stm32g4xx_it.o
                0x08002500                NMI_Handler
 .text.HardFault_Handler
                0x08002508        0x8 ./Core/Src/stm32g4xx_it.o
                0x08002508                HardFault_Handler
 .text.MemManage_Handler
                0x08002510        0x8 ./Core/Src/stm32g4xx_it.o
                0x08002510                MemManage_Handler
 .text.BusFault_Handler
                0x08002518        0x8 ./Core/Src/stm32g4xx_it.o
                0x08002518                BusFault_Handler
 .text.UsageFault_Handler
                0x08002520        0x8 ./Core/Src/stm32g4xx_it.o
                0x08002520                UsageFault_Handler
 .text.SVC_Handler
                0x08002528        0xe ./Core/Src/stm32g4xx_it.o
                0x08002528                SVC_Handler
 .text.DebugMon_Handler
                0x08002536        0xe ./Core/Src/stm32g4xx_it.o
                0x08002536                DebugMon_Handler
 .text.PendSV_Handler
                0x08002544        0xe ./Core/Src/stm32g4xx_it.o
                0x08002544                PendSV_Handler
 .text.SysTick_Handler
                0x08002552        0xc ./Core/Src/stm32g4xx_it.o
                0x08002552                SysTick_Handler
 *fill*         0x0800255e        0x2 
 .text.EXTI0_IRQHandler
                0x08002560       0x3c ./Core/Src/stm32g4xx_it.o
                0x08002560                EXTI0_IRQHandler
 .text.DMA1_Channel1_IRQHandler
                0x0800259c       0x14 ./Core/Src/stm32g4xx_it.o
                0x0800259c                DMA1_Channel1_IRQHandler
 .text.TIM1_UP_TIM16_IRQHandler
                0x080025b0       0x14 ./Core/Src/stm32g4xx_it.o
                0x080025b0                TIM1_UP_TIM16_IRQHandler
 .text.USART2_IRQHandler
                0x080025c4       0x14 ./Core/Src/stm32g4xx_it.o
                0x080025c4                USART2_IRQHandler
 .text.TIM6_DAC_IRQHandler
                0x080025d8       0x14 ./Core/Src/stm32g4xx_it.o
                0x080025d8                TIM6_DAC_IRQHandler
 .text.TIM7_IRQHandler
                0x080025ec       0x14 ./Core/Src/stm32g4xx_it.o
                0x080025ec                TIM7_IRQHandler
 .text._getpid  0x08002600       0x10 ./Core/Src/syscalls.o
                0x08002600                _getpid
 .text._kill    0x08002610       0x20 ./Core/Src/syscalls.o
                0x08002610                _kill
 .text._exit    0x08002630       0x16 ./Core/Src/syscalls.o
                0x08002630                _exit
 .text._read    0x08002646       0x3a ./Core/Src/syscalls.o
                0x08002646                _read
 .text._write   0x08002680       0x38 ./Core/Src/syscalls.o
                0x08002680                _write
 .text._close   0x080026b8       0x18 ./Core/Src/syscalls.o
                0x080026b8                _close
 .text._fstat   0x080026d0       0x20 ./Core/Src/syscalls.o
                0x080026d0                _fstat
 .text._isatty  0x080026f0       0x16 ./Core/Src/syscalls.o
                0x080026f0                _isatty
 .text._lseek   0x08002706       0x1a ./Core/Src/syscalls.o
                0x08002706                _lseek
 .text._sbrk    0x08002720       0x6c ./Core/Src/sysmem.o
                0x08002720                _sbrk
 .text.SystemInit
                0x0800278c       0x24 ./Core/Src/system_stm32g4xx.o
                0x0800278c                SystemInit
 .text.Reset_Handler
                0x080027b0       0x50 ./Core/Startup/startup_stm32g431cbtx.o
                0x080027b0                Reset_Handler
 .text.Default_Handler
                0x08002800        0x2 ./Core/Startup/startup_stm32g431cbtx.o
                0x08002800                RTC_Alarm_IRQHandler
                0x08002800                EXTI2_IRQHandler
                0x08002800                TIM8_TRG_COM_IRQHandler
                0x08002800                TIM8_CC_IRQHandler
                0x08002800                TIM1_CC_IRQHandler
                0x08002800                USB_HP_IRQHandler
                0x08002800                CORDIC_IRQHandler
                0x08002800                EXTI3_IRQHandler
                0x08002800                I2C3_ER_IRQHandler
                0x08002800                I2C2_EV_IRQHandler
                0x08002800                FPU_IRQHandler
                0x08002800                FDCAN1_IT1_IRQHandler
                0x08002800                ADC1_2_IRQHandler
                0x08002800                SPI1_IRQHandler
                0x08002800                TIM8_UP_IRQHandler
                0x08002800                DMA2_Channel2_IRQHandler
                0x08002800                DMA1_Channel4_IRQHandler
                0x08002800                USART3_IRQHandler
                0x08002800                TIM4_IRQHandler
                0x08002800                DMA2_Channel1_IRQHandler
                0x08002800                I2C1_EV_IRQHandler
                0x08002800                DMA1_Channel6_IRQHandler
                0x08002800                UART4_IRQHandler
                0x08002800                DMA2_Channel4_IRQHandler
                0x08002800                TIM3_IRQHandler
                0x08002800                RCC_IRQHandler
                0x08002800                Default_Handler
                0x08002800                RTC_TAMP_LSECSS_IRQHandler
                0x08002800                FMAC_IRQHandler
                0x08002800                EXTI15_10_IRQHandler
                0x08002800                UCPD1_IRQHandler
                0x08002800                I2C3_EV_IRQHandler
                0x08002800                EXTI9_5_IRQHandler
                0x08002800                RTC_WKUP_IRQHandler
                0x08002800                PVD_PVM_IRQHandler
                0x08002800                SPI2_IRQHandler
                0x08002800                DMA2_Channel5_IRQHandler
                0x08002800                CRS_IRQHandler
                0x08002800                DMA1_Channel5_IRQHandler
                0x08002800                USB_LP_IRQHandler
                0x08002800                EXTI4_IRQHandler
                0x08002800                RNG_IRQHandler
                0x08002800                TIM1_TRG_COM_TIM17_IRQHandler
                0x08002800                DMA1_Channel3_IRQHandler
                0x08002800                WWDG_IRQHandler
                0x08002800                LPUART1_IRQHandler
                0x08002800                DMA2_Channel6_IRQHandler
                0x08002800                FDCAN1_IT0_IRQHandler
                0x08002800                TIM2_IRQHandler
                0x08002800                COMP1_2_3_IRQHandler
                0x08002800                EXTI1_IRQHandler
                0x08002800                I2C2_ER_IRQHandler
                0x08002800                DMA1_Channel2_IRQHandler
                0x08002800                TIM8_BRK_IRQHandler
                0x08002800                FLASH_IRQHandler
                0x08002800                USART1_IRQHandler
                0x08002800                SPI3_IRQHandler
                0x08002800                I2C1_ER_IRQHandler
                0x08002800                LPTIM1_IRQHandler
                0x08002800                DMAMUX_OVR_IRQHandler
                0x08002800                USBWakeUp_IRQHandler
                0x08002800                SAI1_IRQHandler
                0x08002800                DMA2_Channel3_IRQHandler
                0x08002800                COMP4_IRQHandler
                0x08002800                TIM1_BRK_TIM15_IRQHandler
 .text.parityCheck
                0x08002802       0x58 ./Drivers/Gen4_Drivers/Src/AS5x47P.o
                0x08002802                parityCheck
 *fill*         0x0800285a        0x2 
 .text.AS5047_SPI_Write
                0x0800285c      0x14c ./Drivers/Gen4_Drivers/Src/AS5x47P.o
                0x0800285c                AS5047_SPI_Write
 .text.AS5047_SPI_Read
                0x080029a8       0xc8 ./Drivers/Gen4_Drivers/Src/AS5x47P.o
                0x080029a8                AS5047_SPI_Read
 .text.AS5047_readRegister
                0x08002a70       0x5a ./Drivers/Gen4_Drivers/Src/AS5x47P.o
                0x08002a70                AS5047_readRegister
 .text.AS5047_writeRegister
                0x08002aca       0x84 ./Drivers/Gen4_Drivers/Src/AS5x47P.o
                0x08002aca                AS5047_writeRegister
 .text.AS5047_ReadZeroValue
                0x08002b4e       0x3e ./Drivers/Gen4_Drivers/Src/AS5x47P.o
                0x08002b4e                AS5047_ReadZeroValue
 .text.AS5047_WriteZeroValue
                0x08002b8c       0x40 ./Drivers/Gen4_Drivers/Src/AS5x47P.o
                0x08002b8c                AS5047_WriteZeroValue
 .text.setMaxFrictionPWM
                0x08002bcc       0x3c ./Drivers/Gen4_Drivers/Src/CoggingFrictionRemoval.o
                0x08002bcc                setMaxFrictionPWM
 .text.lookupFrictionAddition
                0x08002c08       0x58 ./Drivers/Gen4_Drivers/Src/CoggingFrictionRemoval.o
                0x08002c08                lookupFrictionAddition
 .text.setMaxCoggingPWM
                0x08002c60       0x3c ./Drivers/Gen4_Drivers/Src/CoggingFrictionRemoval.o
                0x08002c60                setMaxCoggingPWM
 .text.lookupCoggingAddition
                0x08002c9c       0x78 ./Drivers/Gen4_Drivers/Src/CoggingFrictionRemoval.o
                0x08002c9c                lookupCoggingAddition
 .text.Cordic_setup
                0x08002d14       0x48 ./Drivers/Gen4_Drivers/Src/Cordic.o
                0x08002d14                Cordic_setup
 .text.RunCordic_TwoSines
                0x08002d5c       0xe4 ./Drivers/Gen4_Drivers/Src/Cordic.o
                0x08002d5c                RunCordic_TwoSines
 .text.Encoder_checkHealth
                0x08002e40       0x4e ./Drivers/Gen4_Drivers/Src/EncoderFns.o
                0x08002e40                Encoder_checkHealth
 .text.SetupABIwithoutPWM
                0x08002e8e       0x7c ./Drivers/Gen4_Drivers/Src/EncoderFns.o
                0x08002e8e                SetupABIwithoutPWM
 .text.Check_ABI_SetCorrectly
                0x08002f0a       0x64 ./Drivers/Gen4_Drivers/Src/EncoderFns.o
                0x08002f0a                Check_ABI_SetCorrectly
 .text.Encoder_setup
                0x08002f6e       0x3e ./Drivers/Gen4_Drivers/Src/EncoderFns.o
                0x08002f6e                Encoder_setup
 .text.Encoder_updateZeroPosition
                0x08002fac       0x44 ./Drivers/Gen4_Drivers/Src/EncoderFns.o
                0x08002fac                Encoder_updateZeroPosition
 .text.Encoder_enableMagErrors
                0x08002ff0       0x82 ./Drivers/Gen4_Drivers/Src/EncoderFns.o
                0x08002ff0                Encoder_enableMagErrors
 .text.Encoder_get16BitMechAngle_Single
                0x08003072       0x34 ./Drivers/Gen4_Drivers/Src/EncoderFns.o
                0x08003072                Encoder_get16BitMechAngle_Single
 *fill*         0x080030a6        0x2 
 .text.FOC_calcSVPWM
                0x080030a8      0x2d4 ./Drivers/Gen4_Drivers/Src/FOC.o
                0x080030a8                FOC_calcSVPWM
 .text.FOC_applyPWM
                0x0800337c      0x118 ./Drivers/Gen4_Drivers/Src/FOC.o
                0x0800337c                FOC_applyPWM
 .text.ZeroAllCCRs
                0x08003494       0x26 ./Drivers/Gen4_Drivers/Src/FOC.o
                0x08003494                ZeroAllCCRs
 .text.HW_statesInit
                0x080034ba       0x1a ./Drivers/Gen4_Drivers/Src/FOC.o
                0x080034ba                HW_statesInit
 .text.StartAllPWM
                0x080034d4       0x6c ./Drivers/Gen4_Drivers/Src/FOC.o
                0x080034d4                StartAllPWM
 .text.StopAllPWM
                0x08003540       0x74 ./Drivers/Gen4_Drivers/Src/FOC.o
                0x08003540                StopAllPWM
 .text.Zero_PID_Terms
                0x080035b4       0x34 ./Drivers/Gen4_Drivers/Src/FOC.o
                0x080035b4                Zero_PID_Terms
 .text.Init_PID_Terms
                0x080035e8       0x4c ./Drivers/Gen4_Drivers/Src/FOC.o
                0x080035e8                Init_PID_Terms
 .text.ExecVoltagePID
                0x08003634       0xe4 ./Drivers/Gen4_Drivers/Src/FOC.o
                0x08003634                ExecVoltagePID
 .text.ExecPID  0x08003718       0xe4 ./Drivers/Gen4_Drivers/Src/FOC.o
                0x08003718                ExecPID
 .text.hsLogInit
                0x080037fc       0x30 ./Drivers/Gen4_Drivers/Src/Logger.o
                0x080037fc                hsLogInit
 .text.hsLogStart
                0x0800382c       0x46 ./Drivers/Gen4_Drivers/Src/Logger.o
                0x0800382c                hsLogStart
 .text.hsLogReset
                0x08003872       0x3e ./Drivers/Gen4_Drivers/Src/Logger.o
                0x08003872                hsLogReset
 .text.switchBuffers
                0x080038b0       0x6a ./Drivers/Gen4_Drivers/Src/Logger.o
                0x080038b0                switchBuffers
 .text.add8Bit  0x0800391a       0x42 ./Drivers/Gen4_Drivers/Src/Logger.o
                0x0800391a                add8Bit
 .text.add16Bit
                0x0800395c       0x74 ./Drivers/Gen4_Drivers/Src/Logger.o
                0x0800395c                add16Bit
 .text.addFloat
                0x080039d0       0xbc ./Drivers/Gen4_Drivers/Src/Logger.o
                0x080039d0                addFloat
 .text.add32Bit
                0x08003a8c       0xba ./Drivers/Gen4_Drivers/Src/Logger.o
                0x08003a8c                add32Bit
 *fill*         0x08003b46        0x2 
 .text.addData  0x08003b48      0x148 ./Drivers/Gen4_Drivers/Src/Logger.o
                0x08003b48                addData
 .text.hsLog_CheckStopConditionReached
                0x08003c90       0x70 ./Drivers/Gen4_Drivers/Src/Logger.o
                0x08003c90                hsLog_CheckStopConditionReached
 .text.fast_fmaxf
                0x08003d00       0x38 ./Drivers/Gen4_Drivers/Src/MathOps.o
                0x08003d00                fast_fmaxf
 .text.fast_fminf
                0x08003d38       0x38 ./Drivers/Gen4_Drivers/Src/MathOps.o
                0x08003d38                fast_fminf
 .text.Init_ConstJerk_PosControl
                0x08003d70       0x34 ./Drivers/Gen4_Drivers/Src/PosControl-JC.o
                0x08003d70                Init_ConstJerk_PosControl
 .text.Reset_posControlJC
                0x08003da4       0xaa ./Drivers/Gen4_Drivers/Src/PosControl-JC.o
                0x08003da4                Reset_posControlJC
 *fill*         0x08003e4e        0x2 
 .text.Setup_posControlJC
                0x08003e50      0x170 ./Drivers/Gen4_Drivers/Src/PosControl-JC.o
                0x08003e50                Setup_posControlJC
 .text.ExecPosTrajectory
                0x08003fc0      0x298 ./Drivers/Gen4_Drivers/Src/PosControl-JC.o
                0x08003fc0                ExecPosTrajectory
 .text.PositionSensor_update
                0x08004258      0x19c ./Drivers/Gen4_Drivers/Src/PositionSensor.o
                0x08004258                PositionSensor_update
 .text.getAveragedVelocityRadSec
                0x080043f4       0x72 ./Drivers/Gen4_Drivers/Src/PositionSensor.o
                0x080043f4                getAveragedVelocityRadSec
 *fill*         0x08004466        0x2 
 .text.getElecAngleFromMechAngle
                0x08004468       0x74 ./Drivers/Gen4_Drivers/Src/PositionSensor.o
                0x08004468                getElecAngleFromMechAngle
 .text.InitRampDutyStruct
                0x080044dc      0x110 ./Drivers/Gen4_Drivers/Src/RampDuty.o
                0x080044dc                InitRampDutyStruct
 .text.StartRampDuty
                0x080045ec       0x1a ./Drivers/Gen4_Drivers/Src/RampDuty.o
                0x080045ec                StartRampDuty
 .text.StartRampDownDuty
                0x08004606       0x22 ./Drivers/Gen4_Drivers/Src/RampDuty.o
                0x08004606                StartRampDownDuty
 .text.StopRampDuty
                0x08004628       0x30 ./Drivers/Gen4_Drivers/Src/RampDuty.o
                0x08004628                StopRampDuty
 .text.ExecRampDuty
                0x08004658      0x1e6 ./Drivers/Gen4_Drivers/Src/RampDuty.o
                0x08004658                ExecRampDuty
 *fill*         0x0800483e        0x2 
 .text.ChangeDuty
                0x08004840       0xa4 ./Drivers/Gen4_Drivers/Src/RampDuty.o
                0x08004840                ChangeDuty
 .text.Recalculate_RampDuty_RampRates
                0x080048e4       0xc0 ./Drivers/Gen4_Drivers/Src/RampDuty.o
                0x080048e4                Recalculate_RampDuty_RampRates
 .text.InitRampRPMStruct
                0x080049a4      0x100 ./Drivers/Gen4_Drivers/Src/RampRpm.o
                0x080049a4                InitRampRPMStruct
 .text.StartRampRPM
                0x08004aa4       0x1a ./Drivers/Gen4_Drivers/Src/RampRpm.o
                0x08004aa4                StartRampRPM
 .text.StartRampDownRPM
                0x08004abe       0x1a ./Drivers/Gen4_Drivers/Src/RampRpm.o
                0x08004abe                StartRampDownRPM
 .text.StopRampRPM
                0x08004ad8       0x1a ./Drivers/Gen4_Drivers/Src/RampRpm.o
                0x08004ad8                StopRampRPM
 .text.ExecRampRPM
                0x08004af2      0x236 ./Drivers/Gen4_Drivers/Src/RampRpm.o
                0x08004af2                ExecRampRPM
 .text.ChangeRPM
                0x08004d28       0xfa ./Drivers/Gen4_Drivers/Src/RampRpm.o
                0x08004d28                ChangeRPM
 .text.Recalculate_RampRPM_RampRates
                0x08004e22       0xaa ./Drivers/Gen4_Drivers/Src/RampRpm.o
                0x08004e22                Recalculate_RampRPM_RampRates
 .text.updateSpeedCalc
                0x08004ecc      0x164 ./Drivers/Gen4_Drivers/Src/SpeedSensor.o
                0x08004ecc                updateSpeedCalc
 .text.HAL_Init
                0x08005030       0x30 ./Drivers/STM32G4xx_HAL_Driver/Src/stm32g4xx_hal.o
                0x08005030                HAL_Init
 .text.HAL_InitTick
                0x08005060       0x74 ./Drivers/STM32G4xx_HAL_Driver/Src/stm32g4xx_hal.o
                0x08005060                HAL_InitTick
 .text.HAL_IncTick
                0x080050d4       0x24 ./Drivers/STM32G4xx_HAL_Driver/Src/stm32g4xx_hal.o
                0x080050d4                HAL_IncTick
 .text.HAL_GetTick
                0x080050f8       0x18 ./Drivers/STM32G4xx_HAL_Driver/Src/stm32g4xx_hal.o
                0x080050f8                HAL_GetTick
 .text.HAL_Delay
                0x08005110       0x44 ./Drivers/STM32G4xx_HAL_Driver/Src/stm32g4xx_hal.o
                0x08005110                HAL_Delay
 .text.HAL_CORDIC_Init
                0x08005154       0x62 ./Drivers/STM32G4xx_HAL_Driver/Src/stm32g4xx_hal_cordic.o
                0x08005154                HAL_CORDIC_Init
 *fill*         0x080051b6        0x2 
 .text.HAL_CORDIC_Configure
                0x080051b8       0x78 ./Drivers/STM32G4xx_HAL_Driver/Src/stm32g4xx_hal_cordic.o
                0x080051b8                HAL_CORDIC_Configure
 .text.__NVIC_SetPriorityGrouping
                0x08005230       0x48 ./Drivers/STM32G4xx_HAL_Driver/Src/stm32g4xx_hal_cortex.o
 .text.__NVIC_GetPriorityGrouping
                0x08005278       0x1c ./Drivers/STM32G4xx_HAL_Driver/Src/stm32g4xx_hal_cortex.o
 .text.__NVIC_EnableIRQ
                0x08005294       0x3c ./Drivers/STM32G4xx_HAL_Driver/Src/stm32g4xx_hal_cortex.o
 .text.__NVIC_SetPriority
                0x080052d0       0x54 ./Drivers/STM32G4xx_HAL_Driver/Src/stm32g4xx_hal_cortex.o
 .text.NVIC_EncodePriority
                0x08005324       0x66 ./Drivers/STM32G4xx_HAL_Driver/Src/stm32g4xx_hal_cortex.o
 *fill*         0x0800538a        0x2 
 .text.SysTick_Config
                0x0800538c       0x44 ./Drivers/STM32G4xx_HAL_Driver/Src/stm32g4xx_hal_cortex.o
 .text.HAL_NVIC_SetPriorityGrouping
                0x080053d0       0x16 ./Drivers/STM32G4xx_HAL_Driver/Src/stm32g4xx_hal_cortex.o
                0x080053d0                HAL_NVIC_SetPriorityGrouping
 .text.HAL_NVIC_SetPriority
                0x080053e6       0x34 ./Drivers/STM32G4xx_HAL_Driver/Src/stm32g4xx_hal_cortex.o
                0x080053e6                HAL_NVIC_SetPriority
 .text.HAL_NVIC_EnableIRQ
                0x0800541a       0x1c ./Drivers/STM32G4xx_HAL_Driver/Src/stm32g4xx_hal_cortex.o
                0x0800541a                HAL_NVIC_EnableIRQ
 .text.HAL_SYSTICK_Config
                0x08005436       0x18 ./Drivers/STM32G4xx_HAL_Driver/Src/stm32g4xx_hal_cortex.o
                0x08005436                HAL_SYSTICK_Config
 *fill*         0x0800544e        0x2 
 .text.HAL_DMA_Init
                0x08005450      0x150 ./Drivers/STM32G4xx_HAL_Driver/Src/stm32g4xx_hal_dma.o
                0x08005450                HAL_DMA_Init
 .text.HAL_DMA_Start_IT
                0x080055a0       0xf6 ./Drivers/STM32G4xx_HAL_Driver/Src/stm32g4xx_hal_dma.o
                0x080055a0                HAL_DMA_Start_IT
 .text.HAL_DMA_Abort
                0x08005696       0xb2 ./Drivers/STM32G4xx_HAL_Driver/Src/stm32g4xx_hal_dma.o
                0x08005696                HAL_DMA_Abort
 .text.HAL_DMA_Abort_IT
                0x08005748       0xce ./Drivers/STM32G4xx_HAL_Driver/Src/stm32g4xx_hal_dma.o
                0x08005748                HAL_DMA_Abort_IT
 .text.HAL_DMA_IRQHandler
                0x08005816      0x15e ./Drivers/STM32G4xx_HAL_Driver/Src/stm32g4xx_hal_dma.o
                0x08005816                HAL_DMA_IRQHandler
 .text.DMA_SetConfig
                0x08005974       0x7c ./Drivers/STM32G4xx_HAL_Driver/Src/stm32g4xx_hal_dma.o
 .text.DMA_CalcDMAMUXChannelBaseAndMask
                0x080059f0       0x7c ./Drivers/STM32G4xx_HAL_Driver/Src/stm32g4xx_hal_dma.o
 .text.DMA_CalcDMAMUXRequestGenBaseAndMask
                0x08005a6c       0x48 ./Drivers/STM32G4xx_HAL_Driver/Src/stm32g4xx_hal_dma.o
 .text.HAL_GPIO_Init
                0x08005ab4      0x304 ./Drivers/STM32G4xx_HAL_Driver/Src/stm32g4xx_hal_gpio.o
                0x08005ab4                HAL_GPIO_Init
 .text.HAL_GPIO_WritePin
                0x08005db8       0x30 ./Drivers/STM32G4xx_HAL_Driver/Src/stm32g4xx_hal_gpio.o
                0x08005db8                HAL_GPIO_WritePin
 .text.HAL_GPIO_TogglePin
                0x08005de8       0x34 ./Drivers/STM32G4xx_HAL_Driver/Src/stm32g4xx_hal_gpio.o
                0x08005de8                HAL_GPIO_TogglePin
 .text.HAL_GPIO_EXTI_IRQHandler
                0x08005e1c       0x30 ./Drivers/STM32G4xx_HAL_Driver/Src/stm32g4xx_hal_gpio.o
                0x08005e1c                HAL_GPIO_EXTI_IRQHandler
 .text.HAL_GPIO_EXTI_Callback
                0x08005e4c       0x16 ./Drivers/STM32G4xx_HAL_Driver/Src/stm32g4xx_hal_gpio.o
                0x08005e4c                HAL_GPIO_EXTI_Callback
 *fill*         0x08005e62        0x2 
 .text.HAL_PWREx_ControlVoltageScaling
                0x08005e64      0x148 ./Drivers/STM32G4xx_HAL_Driver/Src/stm32g4xx_hal_pwr_ex.o
                0x08005e64                HAL_PWREx_ControlVoltageScaling
 .text.HAL_PWREx_DisableUCPDDeadBattery
                0x08005fac       0x20 ./Drivers/STM32G4xx_HAL_Driver/Src/stm32g4xx_hal_pwr_ex.o
                0x08005fac                HAL_PWREx_DisableUCPDDeadBattery
 .text.HAL_RCC_OscConfig
                0x08005fcc      0x624 ./Drivers/STM32G4xx_HAL_Driver/Src/stm32g4xx_hal_rcc.o
                0x08005fcc                HAL_RCC_OscConfig
 .text.HAL_RCC_ClockConfig
                0x080065f0      0x278 ./Drivers/STM32G4xx_HAL_Driver/Src/stm32g4xx_hal_rcc.o
                0x080065f0                HAL_RCC_ClockConfig
 .text.HAL_RCC_GetSysClockFreq
                0x08006868       0xc0 ./Drivers/STM32G4xx_HAL_Driver/Src/stm32g4xx_hal_rcc.o
                0x08006868                HAL_RCC_GetSysClockFreq
 .text.HAL_RCC_GetHCLKFreq
                0x08006928       0x18 ./Drivers/STM32G4xx_HAL_Driver/Src/stm32g4xx_hal_rcc.o
                0x08006928                HAL_RCC_GetHCLKFreq
 .text.HAL_RCC_GetPCLK1Freq
                0x08006940       0x2c ./Drivers/STM32G4xx_HAL_Driver/Src/stm32g4xx_hal_rcc.o
                0x08006940                HAL_RCC_GetPCLK1Freq
 .text.HAL_RCC_GetPCLK2Freq
                0x0800696c       0x2c ./Drivers/STM32G4xx_HAL_Driver/Src/stm32g4xx_hal_rcc.o
                0x0800696c                HAL_RCC_GetPCLK2Freq
 .text.RCC_GetSysClockFreqFromPLLSource
                0x08006998       0x88 ./Drivers/STM32G4xx_HAL_Driver/Src/stm32g4xx_hal_rcc.o
 .text.HAL_RCCEx_PeriphCLKConfig
                0x08006a20      0x3e0 ./Drivers/STM32G4xx_HAL_Driver/Src/stm32g4xx_hal_rcc_ex.o
                0x08006a20                HAL_RCCEx_PeriphCLKConfig
 .text.HAL_SPI_Init
                0x08006e00      0x156 ./Drivers/STM32G4xx_HAL_Driver/Src/stm32g4xx_hal_spi.o
                0x08006e00                HAL_SPI_Init
 .text.HAL_SPI_TransmitReceive
                0x08006f56      0x43e ./Drivers/STM32G4xx_HAL_Driver/Src/stm32g4xx_hal_spi.o
                0x08006f56                HAL_SPI_TransmitReceive
 .text.SPI_WaitFlagStateUntilTimeout
                0x08007394      0x110 ./Drivers/STM32G4xx_HAL_Driver/Src/stm32g4xx_hal_spi.o
 .text.SPI_WaitFifoStateUntilTimeout
                0x080074a4      0x12c ./Drivers/STM32G4xx_HAL_Driver/Src/stm32g4xx_hal_spi.o
 .text.SPI_EndRxTxTransaction
                0x080075d0       0x8c ./Drivers/STM32G4xx_HAL_Driver/Src/stm32g4xx_hal_spi.o
 .text.HAL_TIM_Base_Init
                0x0800765c       0xae ./Drivers/STM32G4xx_HAL_Driver/Src/stm32g4xx_hal_tim.o
                0x0800765c                HAL_TIM_Base_Init
 *fill*         0x0800770a        0x2 
 .text.HAL_TIM_Base_Start_IT
                0x0800770c       0xd4 ./Drivers/STM32G4xx_HAL_Driver/Src/stm32g4xx_hal_tim.o
                0x0800770c                HAL_TIM_Base_Start_IT
 .text.HAL_TIM_PWM_Init
                0x080077e0       0xae ./Drivers/STM32G4xx_HAL_Driver/Src/stm32g4xx_hal_tim.o
                0x080077e0                HAL_TIM_PWM_Init
 .text.HAL_TIM_PWM_MspInit
                0x0800788e       0x14 ./Drivers/STM32G4xx_HAL_Driver/Src/stm32g4xx_hal_tim.o
                0x0800788e                HAL_TIM_PWM_MspInit
 *fill*         0x080078a2        0x2 
 .text.HAL_TIM_PWM_Start
                0x080078a4      0x200 ./Drivers/STM32G4xx_HAL_Driver/Src/stm32g4xx_hal_tim.o
                0x080078a4                HAL_TIM_PWM_Start
 .text.HAL_TIM_PWM_Stop
                0x08007aa4      0x12c ./Drivers/STM32G4xx_HAL_Driver/Src/stm32g4xx_hal_tim.o
                0x08007aa4                HAL_TIM_PWM_Stop
 .text.HAL_TIM_IRQHandler
                0x08007bd0      0x29e ./Drivers/STM32G4xx_HAL_Driver/Src/stm32g4xx_hal_tim.o
                0x08007bd0                HAL_TIM_IRQHandler
 *fill*         0x08007e6e        0x2 
 .text.HAL_TIM_PWM_ConfigChannel
                0x08007e70      0x228 ./Drivers/STM32G4xx_HAL_Driver/Src/stm32g4xx_hal_tim.o
                0x08007e70                HAL_TIM_PWM_ConfigChannel
 .text.HAL_TIM_ConfigClockSource
                0x08008098      0x1f4 ./Drivers/STM32G4xx_HAL_Driver/Src/stm32g4xx_hal_tim.o
                0x08008098                HAL_TIM_ConfigClockSource
 .text.HAL_TIM_OC_DelayElapsedCallback
                0x0800828c       0x14 ./Drivers/STM32G4xx_HAL_Driver/Src/stm32g4xx_hal_tim.o
                0x0800828c                HAL_TIM_OC_DelayElapsedCallback
 .text.HAL_TIM_IC_CaptureCallback
                0x080082a0       0x14 ./Drivers/STM32G4xx_HAL_Driver/Src/stm32g4xx_hal_tim.o
                0x080082a0                HAL_TIM_IC_CaptureCallback
 .text.HAL_TIM_PWM_PulseFinishedCallback
                0x080082b4       0x14 ./Drivers/STM32G4xx_HAL_Driver/Src/stm32g4xx_hal_tim.o
                0x080082b4                HAL_TIM_PWM_PulseFinishedCallback
 .text.HAL_TIM_TriggerCallback
                0x080082c8       0x14 ./Drivers/STM32G4xx_HAL_Driver/Src/stm32g4xx_hal_tim.o
                0x080082c8                HAL_TIM_TriggerCallback
 .text.TIM_Base_SetConfig
                0x080082dc      0x138 ./Drivers/STM32G4xx_HAL_Driver/Src/stm32g4xx_hal_tim.o
                0x080082dc                TIM_Base_SetConfig
 .text.TIM_OC1_SetConfig
                0x08008414      0x120 ./Drivers/STM32G4xx_HAL_Driver/Src/stm32g4xx_hal_tim.o
 .text.TIM_OC2_SetConfig
                0x08008534      0x114 ./Drivers/STM32G4xx_HAL_Driver/Src/stm32g4xx_hal_tim.o
                0x08008534                TIM_OC2_SetConfig
 .text.TIM_OC3_SetConfig
                0x08008648      0x110 ./Drivers/STM32G4xx_HAL_Driver/Src/stm32g4xx_hal_tim.o
 .text.TIM_OC4_SetConfig
                0x08008758      0x114 ./Drivers/STM32G4xx_HAL_Driver/Src/stm32g4xx_hal_tim.o
 .text.TIM_OC5_SetConfig
                0x0800886c       0xc8 ./Drivers/STM32G4xx_HAL_Driver/Src/stm32g4xx_hal_tim.o
 .text.TIM_OC6_SetConfig
                0x08008934       0xcc ./Drivers/STM32G4xx_HAL_Driver/Src/stm32g4xx_hal_tim.o
 .text.TIM_TI1_ConfigInputStage
                0x08008a00       0x5e ./Drivers/STM32G4xx_HAL_Driver/Src/stm32g4xx_hal_tim.o
 .text.TIM_TI2_ConfigInputStage
                0x08008a5e       0x60 ./Drivers/STM32G4xx_HAL_Driver/Src/stm32g4xx_hal_tim.o
 .text.TIM_ITRx_SetConfig
                0x08008abe       0x3a ./Drivers/STM32G4xx_HAL_Driver/Src/stm32g4xx_hal_tim.o
 .text.TIM_ETR_SetConfig
                0x08008af8       0x40 ./Drivers/STM32G4xx_HAL_Driver/Src/stm32g4xx_hal_tim.o
                0x08008af8                TIM_ETR_SetConfig
 .text.TIM_CCxChannelCmd
                0x08008b38       0x4a ./Drivers/STM32G4xx_HAL_Driver/Src/stm32g4xx_hal_tim.o
                0x08008b38                TIM_CCxChannelCmd
 *fill*         0x08008b82        0x2 
 .text.HAL_TIMEx_PWMN_Start
                0x08008b84      0x168 ./Drivers/STM32G4xx_HAL_Driver/Src/stm32g4xx_hal_tim_ex.o
                0x08008b84                HAL_TIMEx_PWMN_Start
 .text.HAL_TIMEx_PWMN_Stop
                0x08008cec       0xba ./Drivers/STM32G4xx_HAL_Driver/Src/stm32g4xx_hal_tim_ex.o
                0x08008cec                HAL_TIMEx_PWMN_Stop
 *fill*         0x08008da6        0x2 
 .text.HAL_TIMEx_MasterConfigSynchronization
                0x08008da8      0x104 ./Drivers/STM32G4xx_HAL_Driver/Src/stm32g4xx_hal_tim_ex.o
                0x08008da8                HAL_TIMEx_MasterConfigSynchronization
 .text.HAL_TIMEx_ConfigBreakDeadTime
                0x08008eac      0x118 ./Drivers/STM32G4xx_HAL_Driver/Src/stm32g4xx_hal_tim_ex.o
                0x08008eac                HAL_TIMEx_ConfigBreakDeadTime
 .text.HAL_TIMEx_CommutCallback
                0x08008fc4       0x14 ./Drivers/STM32G4xx_HAL_Driver/Src/stm32g4xx_hal_tim_ex.o
                0x08008fc4                HAL_TIMEx_CommutCallback
 .text.HAL_TIMEx_BreakCallback
                0x08008fd8       0x14 ./Drivers/STM32G4xx_HAL_Driver/Src/stm32g4xx_hal_tim_ex.o
                0x08008fd8                HAL_TIMEx_BreakCallback
 .text.HAL_TIMEx_Break2Callback
                0x08008fec       0x14 ./Drivers/STM32G4xx_HAL_Driver/Src/stm32g4xx_hal_tim_ex.o
                0x08008fec                HAL_TIMEx_Break2Callback
 .text.HAL_TIMEx_EncoderIndexCallback
                0x08009000       0x14 ./Drivers/STM32G4xx_HAL_Driver/Src/stm32g4xx_hal_tim_ex.o
                0x08009000                HAL_TIMEx_EncoderIndexCallback
 .text.HAL_TIMEx_DirectionChangeCallback
                0x08009014       0x14 ./Drivers/STM32G4xx_HAL_Driver/Src/stm32g4xx_hal_tim_ex.o
                0x08009014                HAL_TIMEx_DirectionChangeCallback
 .text.HAL_TIMEx_IndexErrorCallback
                0x08009028       0x14 ./Drivers/STM32G4xx_HAL_Driver/Src/stm32g4xx_hal_tim_ex.o
                0x08009028                HAL_TIMEx_IndexErrorCallback
 .text.HAL_TIMEx_TransitionErrorCallback
                0x0800903c       0x14 ./Drivers/STM32G4xx_HAL_Driver/Src/stm32g4xx_hal_tim_ex.o
                0x0800903c                HAL_TIMEx_TransitionErrorCallback
 .text.TIM_CCxNChannelCmd
                0x08009050       0x4a ./Drivers/STM32G4xx_HAL_Driver/Src/stm32g4xx_hal_tim_ex.o
 .text.HAL_UART_Init
                0x0800909a       0xa0 ./Drivers/STM32G4xx_HAL_Driver/Src/stm32g4xx_hal_uart.o
                0x0800909a                HAL_UART_Init
 *fill*         0x0800913a        0x2 
 .text.HAL_UART_Transmit_DMA
                0x0800913c      0x100 ./Drivers/STM32G4xx_HAL_Driver/Src/stm32g4xx_hal_uart.o
                0x0800913c                HAL_UART_Transmit_DMA
 .text.HAL_UART_IRQHandler
                0x0800923c      0x684 ./Drivers/STM32G4xx_HAL_Driver/Src/stm32g4xx_hal_uart.o
                0x0800923c                HAL_UART_IRQHandler
 .text.HAL_UART_TxHalfCpltCallback
                0x080098c0       0x14 ./Drivers/STM32G4xx_HAL_Driver/Src/stm32g4xx_hal_uart.o
                0x080098c0                HAL_UART_TxHalfCpltCallback
 .text.HAL_UART_ErrorCallback
                0x080098d4       0x14 ./Drivers/STM32G4xx_HAL_Driver/Src/stm32g4xx_hal_uart.o
                0x080098d4                HAL_UART_ErrorCallback
 .text.HAL_UARTEx_RxEventCallback
                0x080098e8       0x18 ./Drivers/STM32G4xx_HAL_Driver/Src/stm32g4xx_hal_uart.o
                0x080098e8                HAL_UARTEx_RxEventCallback
 .text.UART_SetConfig
                0x08009900      0x598 ./Drivers/STM32G4xx_HAL_Driver/Src/stm32g4xx_hal_uart.o
                0x08009900                UART_SetConfig
 .text.UART_AdvFeatureConfig
                0x08009e98      0x144 ./Drivers/STM32G4xx_HAL_Driver/Src/stm32g4xx_hal_uart.o
                0x08009e98                UART_AdvFeatureConfig
 .text.UART_CheckIdleState
                0x08009fdc      0x154 ./Drivers/STM32G4xx_HAL_Driver/Src/stm32g4xx_hal_uart.o
                0x08009fdc                UART_CheckIdleState
 .text.UART_WaitOnFlagUntilTimeout
                0x0800a130       0xda ./Drivers/STM32G4xx_HAL_Driver/Src/stm32g4xx_hal_uart.o
                0x0800a130                UART_WaitOnFlagUntilTimeout
 .text.UART_EndTxTransfer
                0x0800a20a       0x82 ./Drivers/STM32G4xx_HAL_Driver/Src/stm32g4xx_hal_uart.o
 .text.UART_EndRxTransfer
                0x0800a28c       0xcc ./Drivers/STM32G4xx_HAL_Driver/Src/stm32g4xx_hal_uart.o
 .text.UART_DMATransmitCplt
                0x0800a358       0x9a ./Drivers/STM32G4xx_HAL_Driver/Src/stm32g4xx_hal_uart.o
 .text.UART_DMATxHalfCplt
                0x0800a3f2       0x1c ./Drivers/STM32G4xx_HAL_Driver/Src/stm32g4xx_hal_uart.o
 .text.UART_DMAError
                0x0800a40e       0x80 ./Drivers/STM32G4xx_HAL_Driver/Src/stm32g4xx_hal_uart.o
 .text.UART_DMAAbortOnError
                0x0800a48e       0x24 ./Drivers/STM32G4xx_HAL_Driver/Src/stm32g4xx_hal_uart.o
 .text.UART_EndTransmit_IT
                0x0800a4b2       0x56 ./Drivers/STM32G4xx_HAL_Driver/Src/stm32g4xx_hal_uart.o
 .text.HAL_UARTEx_WakeupCallback
                0x0800a508       0x14 ./Drivers/STM32G4xx_HAL_Driver/Src/stm32g4xx_hal_uart_ex.o
                0x0800a508                HAL_UARTEx_WakeupCallback
 .text.HAL_UARTEx_RxFifoFullCallback
                0x0800a51c       0x14 ./Drivers/STM32G4xx_HAL_Driver/Src/stm32g4xx_hal_uart_ex.o
                0x0800a51c                HAL_UARTEx_RxFifoFullCallback
 .text.HAL_UARTEx_TxFifoEmptyCallback
                0x0800a530       0x14 ./Drivers/STM32G4xx_HAL_Driver/Src/stm32g4xx_hal_uart_ex.o
                0x0800a530                HAL_UARTEx_TxFifoEmptyCallback
 .text.HAL_UARTEx_DisableFifoMode
                0x0800a544       0x72 ./Drivers/STM32G4xx_HAL_Driver/Src/stm32g4xx_hal_uart_ex.o
                0x0800a544                HAL_UARTEx_DisableFifoMode
 .text.HAL_UARTEx_SetTxFifoThreshold
                0x0800a5b6       0x7c ./Drivers/STM32G4xx_HAL_Driver/Src/stm32g4xx_hal_uart_ex.o
                0x0800a5b6                HAL_UARTEx_SetTxFifoThreshold
 .text.HAL_UARTEx_SetRxFifoThreshold
                0x0800a632       0x7c ./Drivers/STM32G4xx_HAL_Driver/Src/stm32g4xx_hal_uart_ex.o
                0x0800a632                HAL_UARTEx_SetRxFifoThreshold
 *fill*         0x0800a6ae        0x2 
 .text.UARTEx_SetNbDataToProcess
                0x0800a6b0       0x9c ./Drivers/STM32G4xx_HAL_Driver/Src/stm32g4xx_hal_uart_ex.o
 .text.__cvt    0x0800a74c       0xca /opt/st/stm32cubeide_1.16.1/plugins/com.st.stm32cube.ide.mcu.externaltools.gnu-tools-for-stm32.12.3.rel1.linux64_1.0.200.202406132123/tools/bin/../lib/gcc/arm-none-eabi/12.3.1/../../../../arm-none-eabi/lib/thumb/v7e-m+fp/hard/libc_nano.a(libc_a-nano-vfprintf_float.o)
                0x0800a74c                __cvt
 .text.__exponent
                0x0800a816       0x74 /opt/st/stm32cubeide_1.16.1/plugins/com.st.stm32cube.ide.mcu.externaltools.gnu-tools-for-stm32.12.3.rel1.linux64_1.0.200.202406132123/tools/bin/../lib/gcc/arm-none-eabi/12.3.1/../../../../arm-none-eabi/lib/thumb/v7e-m+fp/hard/libc_nano.a(libc_a-nano-vfprintf_float.o)
                0x0800a816                __exponent
 *fill*         0x0800a88a        0x2 
 .text._printf_float
                0x0800a88c      0x454 /opt/st/stm32cubeide_1.16.1/plugins/com.st.stm32cube.ide.mcu.externaltools.gnu-tools-for-stm32.12.3.rel1.linux64_1.0.200.202406132123/tools/bin/../lib/gcc/arm-none-eabi/12.3.1/../../../../arm-none-eabi/lib/thumb/v7e-m+fp/hard/libc_nano.a(libc_a-nano-vfprintf_float.o)
                0x0800a88c                _printf_float
 .text._printf_common
                0x0800ace0       0xda /opt/st/stm32cubeide_1.16.1/plugins/com.st.stm32cube.ide.mcu.externaltools.gnu-tools-for-stm32.12.3.rel1.linux64_1.0.200.202406132123/tools/bin/../lib/gcc/arm-none-eabi/12.3.1/../../../../arm-none-eabi/lib/thumb/v7e-m+fp/hard/libc_nano.a(libc_a-nano-vfprintf_i.o)
                0x0800ace0                _printf_common
 *fill*         0x0800adba        0x2 
 .text._printf_i
                0x0800adbc      0x240 /opt/st/stm32cubeide_1.16.1/plugins/com.st.stm32cube.ide.mcu.externaltools.gnu-tools-for-stm32.12.3.rel1.linux64_1.0.200.202406132123/tools/bin/../lib/gcc/arm-none-eabi/12.3.1/../../../../arm-none-eabi/lib/thumb/v7e-m+fp/hard/libc_nano.a(libc_a-nano-vfprintf_i.o)
                0x0800adbc                _printf_i
 .text.std      0x0800affc       0x6c /opt/st/stm32cubeide_1.16.1/plugins/com.st.stm32cube.ide.mcu.externaltools.gnu-tools-for-stm32.12.3.rel1.linux64_1.0.200.202406132123/tools/bin/../lib/gcc/arm-none-eabi/12.3.1/../../../../arm-none-eabi/lib/thumb/v7e-m+fp/hard/libc_nano.a(libc_a-findfp.o)
 .text.stdio_exit_handler
                0x0800b068       0x18 /opt/st/stm32cubeide_1.16.1/plugins/com.st.stm32cube.ide.mcu.externaltools.gnu-tools-for-stm32.12.3.rel1.linux64_1.0.200.202406132123/tools/bin/../lib/gcc/arm-none-eabi/12.3.1/../../../../arm-none-eabi/lib/thumb/v7e-m+fp/hard/libc_nano.a(libc_a-findfp.o)
 .text.cleanup_stdio
                0x0800b080       0x40 /opt/st/stm32cubeide_1.16.1/plugins/com.st.stm32cube.ide.mcu.externaltools.gnu-tools-for-stm32.12.3.rel1.linux64_1.0.200.202406132123/tools/bin/../lib/gcc/arm-none-eabi/12.3.1/../../../../arm-none-eabi/lib/thumb/v7e-m+fp/hard/libc_nano.a(libc_a-findfp.o)
 .text.global_stdio_init.part.0
                0x0800b0c0       0x3c /opt/st/stm32cubeide_1.16.1/plugins/com.st.stm32cube.ide.mcu.externaltools.gnu-tools-for-stm32.12.3.rel1.linux64_1.0.200.202406132123/tools/bin/../lib/gcc/arm-none-eabi/12.3.1/../../../../arm-none-eabi/lib/thumb/v7e-m+fp/hard/libc_nano.a(libc_a-findfp.o)
 .text.__sfp_lock_acquire
                0x0800b0fc        0xc /opt/st/stm32cubeide_1.16.1/plugins/com.st.stm32cube.ide.mcu.externaltools.gnu-tools-for-stm32.12.3.rel1.linux64_1.0.200.202406132123/tools/bin/../lib/gcc/arm-none-eabi/12.3.1/../../../../arm-none-eabi/lib/thumb/v7e-m+fp/hard/libc_nano.a(libc_a-findfp.o)
                0x0800b0fc                __sfp_lock_acquire
 .text.__sfp_lock_release
                0x0800b108        0xc /opt/st/stm32cubeide_1.16.1/plugins/com.st.stm32cube.ide.mcu.externaltools.gnu-tools-for-stm32.12.3.rel1.linux64_1.0.200.202406132123/tools/bin/../lib/gcc/arm-none-eabi/12.3.1/../../../../arm-none-eabi/lib/thumb/v7e-m+fp/hard/libc_nano.a(libc_a-findfp.o)
                0x0800b108                __sfp_lock_release
 .text.__sinit  0x0800b114       0x30 /opt/st/stm32cubeide_1.16.1/plugins/com.st.stm32cube.ide.mcu.externaltools.gnu-tools-for-stm32.12.3.rel1.linux64_1.0.200.202406132123/tools/bin/../lib/gcc/arm-none-eabi/12.3.1/../../../../arm-none-eabi/lib/thumb/v7e-m+fp/hard/libc_nano.a(libc_a-findfp.o)
                0x0800b114                __sinit
 .text._fwalk_sglue
                0x0800b144       0x3c /opt/st/stm32cubeide_1.16.1/plugins/com.st.stm32cube.ide.mcu.externaltools.gnu-tools-for-stm32.12.3.rel1.linux64_1.0.200.202406132123/tools/bin/../lib/gcc/arm-none-eabi/12.3.1/../../../../arm-none-eabi/lib/thumb/v7e-m+fp/hard/libc_nano.a(libc_a-fwalk.o)
                0x0800b144                _fwalk_sglue
 .text.__sread  0x0800b180       0x22 /opt/st/stm32cubeide_1.16.1/plugins/com.st.stm32cube.ide.mcu.externaltools.gnu-tools-for-stm32.12.3.rel1.linux64_1.0.200.202406132123/tools/bin/../lib/gcc/arm-none-eabi/12.3.1/../../../../arm-none-eabi/lib/thumb/v7e-m+fp/hard/libc_nano.a(libc_a-stdio.o)
                0x0800b180                __sread
 .text.__swrite
                0x0800b1a2       0x38 /opt/st/stm32cubeide_1.16.1/plugins/com.st.stm32cube.ide.mcu.externaltools.gnu-tools-for-stm32.12.3.rel1.linux64_1.0.200.202406132123/tools/bin/../lib/gcc/arm-none-eabi/12.3.1/../../../../arm-none-eabi/lib/thumb/v7e-m+fp/hard/libc_nano.a(libc_a-stdio.o)
                0x0800b1a2                __swrite
 .text.__sseek  0x0800b1da       0x24 /opt/st/stm32cubeide_1.16.1/plugins/com.st.stm32cube.ide.mcu.externaltools.gnu-tools-for-stm32.12.3.rel1.linux64_1.0.200.202406132123/tools/bin/../lib/gcc/arm-none-eabi/12.3.1/../../../../arm-none-eabi/lib/thumb/v7e-m+fp/hard/libc_nano.a(libc_a-stdio.o)
                0x0800b1da                __sseek
 .text.__sclose
                0x0800b1fe        0x8 /opt/st/stm32cubeide_1.16.1/plugins/com.st.stm32cube.ide.mcu.externaltools.gnu-tools-for-stm32.12.3.rel1.linux64_1.0.200.202406132123/tools/bin/../lib/gcc/arm-none-eabi/12.3.1/../../../../arm-none-eabi/lib/thumb/v7e-m+fp/hard/libc_nano.a(libc_a-stdio.o)
                0x0800b1fe                __sclose
 .text.memset   0x0800b206       0x10 /opt/st/stm32cubeide_1.16.1/plugins/com.st.stm32cube.ide.mcu.externaltools.gnu-tools-for-stm32.12.3.rel1.linux64_1.0.200.202406132123/tools/bin/../lib/gcc/arm-none-eabi/12.3.1/../../../../arm-none-eabi/lib/thumb/v7e-m+fp/hard/libc_nano.a(libc_a-memset.o)
                0x0800b206                memset
 *fill*         0x0800b216        0x2 
 .text._localeconv_r
                0x0800b218        0x8 /opt/st/stm32cubeide_1.16.1/plugins/com.st.stm32cube.ide.mcu.externaltools.gnu-tools-for-stm32.12.3.rel1.linux64_1.0.200.202406132123/tools/bin/../lib/gcc/arm-none-eabi/12.3.1/../../../../arm-none-eabi/lib/thumb/v7e-m+fp/hard/libc_nano.a(libc_a-localeconv.o)
                0x0800b218                _localeconv_r
 .text._close_r
                0x0800b220       0x20 /opt/st/stm32cubeide_1.16.1/plugins/com.st.stm32cube.ide.mcu.externaltools.gnu-tools-for-stm32.12.3.rel1.linux64_1.0.200.202406132123/tools/bin/../lib/gcc/arm-none-eabi/12.3.1/../../../../arm-none-eabi/lib/thumb/v7e-m+fp/hard/libc_nano.a(libc_a-closer.o)
                0x0800b220                _close_r
 .text._lseek_r
                0x0800b240       0x24 /opt/st/stm32cubeide_1.16.1/plugins/com.st.stm32cube.ide.mcu.externaltools.gnu-tools-for-stm32.12.3.rel1.linux64_1.0.200.202406132123/tools/bin/../lib/gcc/arm-none-eabi/12.3.1/../../../../arm-none-eabi/lib/thumb/v7e-m+fp/hard/libc_nano.a(libc_a-lseekr.o)
                0x0800b240                _lseek_r
 .text._read_r  0x0800b264       0x24 /opt/st/stm32cubeide_1.16.1/plugins/com.st.stm32cube.ide.mcu.externaltools.gnu-tools-for-stm32.12.3.rel1.linux64_1.0.200.202406132123/tools/bin/../lib/gcc/arm-none-eabi/12.3.1/../../../../arm-none-eabi/lib/thumb/v7e-m+fp/hard/libc_nano.a(libc_a-readr.o)
                0x0800b264                _read_r
 .text._write_r
                0x0800b288       0x24 /opt/st/stm32cubeide_1.16.1/plugins/com.st.stm32cube.ide.mcu.externaltools.gnu-tools-for-stm32.12.3.rel1.linux64_1.0.200.202406132123/tools/bin/../lib/gcc/arm-none-eabi/12.3.1/../../../../arm-none-eabi/lib/thumb/v7e-m+fp/hard/libc_nano.a(libc_a-writer.o)
                0x0800b288                _write_r
 .text.__errno  0x0800b2ac        0xc /opt/st/stm32cubeide_1.16.1/plugins/com.st.stm32cube.ide.mcu.externaltools.gnu-tools-for-stm32.12.3.rel1.linux64_1.0.200.202406132123/tools/bin/../lib/gcc/arm-none-eabi/12.3.1/../../../../arm-none-eabi/lib/thumb/v7e-m+fp/hard/libc_nano.a(libc_a-errno.o)
                0x0800b2ac                __errno
 .text.__libc_init_array
                0x0800b2b8       0x48 /opt/st/stm32cubeide_1.16.1/plugins/com.st.stm32cube.ide.mcu.externaltools.gnu-tools-for-stm32.12.3.rel1.linux64_1.0.200.202406132123/tools/bin/../lib/gcc/arm-none-eabi/12.3.1/../../../../arm-none-eabi/lib/thumb/v7e-m+fp/hard/libc_nano.a(libc_a-init.o)
                0x0800b2b8                __libc_init_array
 .text.__retarget_lock_init_recursive
                0x0800b300        0x2 /opt/st/stm32cubeide_1.16.1/plugins/com.st.stm32cube.ide.mcu.externaltools.gnu-tools-for-stm32.12.3.rel1.linux64_1.0.200.202406132123/tools/bin/../lib/gcc/arm-none-eabi/12.3.1/../../../../arm-none-eabi/lib/thumb/v7e-m+fp/hard/libc_nano.a(libc_a-lock.o)
                0x0800b300                __retarget_lock_init_recursive
 .text.__retarget_lock_acquire_recursive
                0x0800b302        0x2 /opt/st/stm32cubeide_1.16.1/plugins/com.st.stm32cube.ide.mcu.externaltools.gnu-tools-for-stm32.12.3.rel1.linux64_1.0.200.202406132123/tools/bin/../lib/gcc/arm-none-eabi/12.3.1/../../../../arm-none-eabi/lib/thumb/v7e-m+fp/hard/libc_nano.a(libc_a-lock.o)
                0x0800b302                __retarget_lock_acquire_recursive
 .text.__retarget_lock_release_recursive
                0x0800b304        0x2 /opt/st/stm32cubeide_1.16.1/plugins/com.st.stm32cube.ide.mcu.externaltools.gnu-tools-for-stm32.12.3.rel1.linux64_1.0.200.202406132123/tools/bin/../lib/gcc/arm-none-eabi/12.3.1/../../../../arm-none-eabi/lib/thumb/v7e-m+fp/hard/libc_nano.a(libc_a-lock.o)
                0x0800b304                __retarget_lock_release_recursive
 .text.quorem   0x0800b306      0x110 /opt/st/stm32cubeide_1.16.1/plugins/com.st.stm32cube.ide.mcu.externaltools.gnu-tools-for-stm32.12.3.rel1.linux64_1.0.200.202406132123/tools/bin/../lib/gcc/arm-none-eabi/12.3.1/../../../../arm-none-eabi/lib/thumb/v7e-m+fp/hard/libc_nano.a(libc_a-dtoa.o)
 *fill*         0x0800b416        0x2 
 .text._dtoa_r  0x0800b418      0xb88 /opt/st/stm32cubeide_1.16.1/plugins/com.st.stm32cube.ide.mcu.externaltools.gnu-tools-for-stm32.12.3.rel1.linux64_1.0.200.202406132123/tools/bin/../lib/gcc/arm-none-eabi/12.3.1/../../../../arm-none-eabi/lib/thumb/v7e-m+fp/hard/libc_nano.a(libc_a-dtoa.o)
                0x0800b418                _dtoa_r
 .text._free_r  0x0800bfa0       0x94 /opt/st/stm32cubeide_1.16.1/plugins/com.st.stm32cube.ide.mcu.externaltools.gnu-tools-for-stm32.12.3.rel1.linux64_1.0.200.202406132123/tools/bin/../lib/gcc/arm-none-eabi/12.3.1/../../../../arm-none-eabi/lib/thumb/v7e-m+fp/hard/libc_nano.a(libc_a-freer.o)
                0x0800bfa0                _free_r
 .text.malloc   0x0800c034       0x10 /opt/st/stm32cubeide_1.16.1/plugins/com.st.stm32cube.ide.mcu.externaltools.gnu-tools-for-stm32.12.3.rel1.linux64_1.0.200.202406132123/tools/bin/../lib/gcc/arm-none-eabi/12.3.1/../../../../arm-none-eabi/lib/thumb/v7e-m+fp/hard/libc_nano.a(libc_a-malloc.o)
                0x0800c034                malloc
 .text.sbrk_aligned
                0x0800c044       0x44 /opt/st/stm32cubeide_1.16.1/plugins/com.st.stm32cube.ide.mcu.externaltools.gnu-tools-for-stm32.12.3.rel1.linux64_1.0.200.202406132123/tools/bin/../lib/gcc/arm-none-eabi/12.3.1/../../../../arm-none-eabi/lib/thumb/v7e-m+fp/hard/libc_nano.a(libc_a-mallocr.o)
 .text._malloc_r
                0x0800c088      0x100 /opt/st/stm32cubeide_1.16.1/plugins/com.st.stm32cube.ide.mcu.externaltools.gnu-tools-for-stm32.12.3.rel1.linux64_1.0.200.202406132123/tools/bin/../lib/gcc/arm-none-eabi/12.3.1/../../../../arm-none-eabi/lib/thumb/v7e-m+fp/hard/libc_nano.a(libc_a-mallocr.o)
                0x0800c088                _malloc_r
 .text.__malloc_lock
                0x0800c188        0xc /opt/st/stm32cubeide_1.16.1/plugins/com.st.stm32cube.ide.mcu.externaltools.gnu-tools-for-stm32.12.3.rel1.linux64_1.0.200.202406132123/tools/bin/../lib/gcc/arm-none-eabi/12.3.1/../../../../arm-none-eabi/lib/thumb/v7e-m+fp/hard/libc_nano.a(libc_a-mlock.o)
                0x0800c188                __malloc_lock
 .text.__malloc_unlock
                0x0800c194        0xc /opt/st/stm32cubeide_1.16.1/plugins/com.st.stm32cube.ide.mcu.externaltools.gnu-tools-for-stm32.12.3.rel1.linux64_1.0.200.202406132123/tools/bin/../lib/gcc/arm-none-eabi/12.3.1/../../../../arm-none-eabi/lib/thumb/v7e-m+fp/hard/libc_nano.a(libc_a-mlock.o)
                0x0800c194                __malloc_unlock
 .text._Balloc  0x0800c1a0       0x80 /opt/st/stm32cubeide_1.16.1/plugins/com.st.stm32cube.ide.mcu.externaltools.gnu-tools-for-stm32.12.3.rel1.linux64_1.0.200.202406132123/tools/bin/../lib/gcc/arm-none-eabi/12.3.1/../../../../arm-none-eabi/lib/thumb/v7e-m+fp/hard/libc_nano.a(libc_a-mprec.o)
                0x0800c1a0                _Balloc
 .text._Bfree   0x0800c220       0x44 /opt/st/stm32cubeide_1.16.1/plugins/com.st.stm32cube.ide.mcu.externaltools.gnu-tools-for-stm32.12.3.rel1.linux64_1.0.200.202406132123/tools/bin/../lib/gcc/arm-none-eabi/12.3.1/../../../../arm-none-eabi/lib/thumb/v7e-m+fp/hard/libc_nano.a(libc_a-mprec.o)
                0x0800c220                _Bfree
 .text.__multadd
                0x0800c264       0x8c /opt/st/stm32cubeide_1.16.1/plugins/com.st.stm32cube.ide.mcu.externaltools.gnu-tools-for-stm32.12.3.rel1.linux64_1.0.200.202406132123/tools/bin/../lib/gcc/arm-none-eabi/12.3.1/../../../../arm-none-eabi/lib/thumb/v7e-m+fp/hard/libc_nano.a(libc_a-mprec.o)
                0x0800c264                __multadd
 .text.__hi0bits
                0x0800c2f0       0x3e /opt/st/stm32cubeide_1.16.1/plugins/com.st.stm32cube.ide.mcu.externaltools.gnu-tools-for-stm32.12.3.rel1.linux64_1.0.200.202406132123/tools/bin/../lib/gcc/arm-none-eabi/12.3.1/../../../../arm-none-eabi/lib/thumb/v7e-m+fp/hard/libc_nano.a(libc_a-mprec.o)
                0x0800c2f0                __hi0bits
 .text.__lo0bits
                0x0800c32e       0x5a /opt/st/stm32cubeide_1.16.1/plugins/com.st.stm32cube.ide.mcu.externaltools.gnu-tools-for-stm32.12.3.rel1.linux64_1.0.200.202406132123/tools/bin/../lib/gcc/arm-none-eabi/12.3.1/../../../../arm-none-eabi/lib/thumb/v7e-m+fp/hard/libc_nano.a(libc_a-mprec.o)
                0x0800c32e                __lo0bits
 .text.__i2b    0x0800c388       0x2c /opt/st/stm32cubeide_1.16.1/plugins/com.st.stm32cube.ide.mcu.externaltools.gnu-tools-for-stm32.12.3.rel1.linux64_1.0.200.202406132123/tools/bin/../lib/gcc/arm-none-eabi/12.3.1/../../../../arm-none-eabi/lib/thumb/v7e-m+fp/hard/libc_nano.a(libc_a-mprec.o)
                0x0800c388                __i2b
 .text.__multiply
                0x0800c3b4      0x154 /opt/st/stm32cubeide_1.16.1/plugins/com.st.stm32cube.ide.mcu.externaltools.gnu-tools-for-stm32.12.3.rel1.linux64_1.0.200.202406132123/tools/bin/../lib/gcc/arm-none-eabi/12.3.1/../../../../arm-none-eabi/lib/thumb/v7e-m+fp/hard/libc_nano.a(libc_a-mprec.o)
                0x0800c3b4                __multiply
 .text.__pow5mult
                0x0800c508       0xb4 /opt/st/stm32cubeide_1.16.1/plugins/com.st.stm32cube.ide.mcu.externaltools.gnu-tools-for-stm32.12.3.rel1.linux64_1.0.200.202406132123/tools/bin/../lib/gcc/arm-none-eabi/12.3.1/../../../../arm-none-eabi/lib/thumb/v7e-m+fp/hard/libc_nano.a(libc_a-mprec.o)
                0x0800c508                __pow5mult
 .text.__lshift
                0x0800c5bc       0xd8 /opt/st/stm32cubeide_1.16.1/plugins/com.st.stm32cube.ide.mcu.externaltools.gnu-tools-for-stm32.12.3.rel1.linux64_1.0.200.202406132123/tools/bin/../lib/gcc/arm-none-eabi/12.3.1/../../../../arm-none-eabi/lib/thumb/v7e-m+fp/hard/libc_nano.a(libc_a-mprec.o)
                0x0800c5bc                __lshift
 .text.__mcmp   0x0800c694       0x36 /opt/st/stm32cubeide_1.16.1/plugins/com.st.stm32cube.ide.mcu.externaltools.gnu-tools-for-stm32.12.3.rel1.linux64_1.0.200.202406132123/tools/bin/../lib/gcc/arm-none-eabi/12.3.1/../../../../arm-none-eabi/lib/thumb/v7e-m+fp/hard/libc_nano.a(libc_a-mprec.o)
                0x0800c694                __mcmp
 *fill*         0x0800c6ca        0x2 
 .text.__mdiff  0x0800c6cc      0x128 /opt/st/stm32cubeide_1.16.1/plugins/com.st.stm32cube.ide.mcu.externaltools.gnu-tools-for-stm32.12.3.rel1.linux64_1.0.200.202406132123/tools/bin/../lib/gcc/arm-none-eabi/12.3.1/../../../../arm-none-eabi/lib/thumb/v7e-m+fp/hard/libc_nano.a(libc_a-mprec.o)
                0x0800c6cc                __mdiff
 .text.__d2b    0x0800c7f4       0xb0 /opt/st/stm32cubeide_1.16.1/plugins/com.st.stm32cube.ide.mcu.externaltools.gnu-tools-for-stm32.12.3.rel1.linux64_1.0.200.202406132123/tools/bin/../lib/gcc/arm-none-eabi/12.3.1/../../../../arm-none-eabi/lib/thumb/v7e-m+fp/hard/libc_nano.a(libc_a-mprec.o)
                0x0800c7f4                __d2b
 .text.__sflush_r
                0x0800c8a4      0x108 /opt/st/stm32cubeide_1.16.1/plugins/com.st.stm32cube.ide.mcu.externaltools.gnu-tools-for-stm32.12.3.rel1.linux64_1.0.200.202406132123/tools/bin/../lib/gcc/arm-none-eabi/12.3.1/../../../../arm-none-eabi/lib/thumb/v7e-m+fp/hard/libc_nano.a(libc_a-fflush.o)
                0x0800c8a4                __sflush_r
 .text._fflush_r
                0x0800c9ac       0x50 /opt/st/stm32cubeide_1.16.1/plugins/com.st.stm32cube.ide.mcu.externaltools.gnu-tools-for-stm32.12.3.rel1.linux64_1.0.200.202406132123/tools/bin/../lib/gcc/arm-none-eabi/12.3.1/../../../../arm-none-eabi/lib/thumb/v7e-m+fp/hard/libc_nano.a(libc_a-fflush.o)
                0x0800c9ac                _fflush_r
 .text._sbrk_r  0x0800c9fc       0x20 /opt/st/stm32cubeide_1.16.1/plugins/com.st.stm32cube.ide.mcu.externaltools.gnu-tools-for-stm32.12.3.rel1.linux64_1.0.200.202406132123/tools/bin/../lib/gcc/arm-none-eabi/12.3.1/../../../../arm-none-eabi/lib/thumb/v7e-m+fp/hard/libc_nano.a(libc_a-sbrkr.o)
                0x0800c9fc                _sbrk_r
 .text.memcpy   0x0800ca1c       0x1c /opt/st/stm32cubeide_1.16.1/plugins/com.st.stm32cube.ide.mcu.externaltools.gnu-tools-for-stm32.12.3.rel1.linux64_1.0.200.202406132123/tools/bin/../lib/gcc/arm-none-eabi/12.3.1/../../../../arm-none-eabi/lib/thumb/v7e-m+fp/hard/libc_nano.a(libc_a-memcpy-stub.o)
                0x0800ca1c                memcpy
 .text.__assert_func
                0x0800ca38       0x3c /opt/st/stm32cubeide_1.16.1/plugins/com.st.stm32cube.ide.mcu.externaltools.gnu-tools-for-stm32.12.3.rel1.linux64_1.0.200.202406132123/tools/bin/../lib/gcc/arm-none-eabi/12.3.1/../../../../arm-none-eabi/lib/thumb/v7e-m+fp/hard/libc_nano.a(libc_a-assert.o)
                0x0800ca38                __assert_func
 .text._calloc_r
                0x0800ca74       0x28 /opt/st/stm32cubeide_1.16.1/plugins/com.st.stm32cube.ide.mcu.externaltools.gnu-tools-for-stm32.12.3.rel1.linux64_1.0.200.202406132123/tools/bin/../lib/gcc/arm-none-eabi/12.3.1/../../../../arm-none-eabi/lib/thumb/v7e-m+fp/hard/libc_nano.a(libc_a-callocr.o)
                0x0800ca74                _calloc_r
 .text.__ascii_mbtowc
                0x0800ca9c       0x24 /opt/st/stm32cubeide_1.16.1/plugins/com.st.stm32cube.ide.mcu.externaltools.gnu-tools-for-stm32.12.3.rel1.linux64_1.0.200.202406132123/tools/bin/../lib/gcc/arm-none-eabi/12.3.1/../../../../arm-none-eabi/lib/thumb/v7e-m+fp/hard/libc_nano.a(libc_a-mbtowc_r.o)
                0x0800ca9c                __ascii_mbtowc
 .text.__ascii_wctomb
                0x0800cac0       0x1a /opt/st/stm32cubeide_1.16.1/plugins/com.st.stm32cube.ide.mcu.externaltools.gnu-tools-for-stm32.12.3.rel1.linux64_1.0.200.202406132123/tools/bin/../lib/gcc/arm-none-eabi/12.3.1/../../../../arm-none-eabi/lib/thumb/v7e-m+fp/hard/libc_nano.a(libc_a-wctomb_r.o)
                0x0800cac0                __ascii_wctomb
 *fill*         0x0800cada        0x2 
 .text.fprintf  0x0800cadc       0x24 /opt/st/stm32cubeide_1.16.1/plugins/com.st.stm32cube.ide.mcu.externaltools.gnu-tools-for-stm32.12.3.rel1.linux64_1.0.200.202406132123/tools/bin/../lib/gcc/arm-none-eabi/12.3.1/../../../../arm-none-eabi/lib/thumb/v7e-m+fp/hard/libc_nano.a(libc_a-fprintf.o)
                0x0800cadc                fprintf
                0x0800cadc                fiprintf
 .text.abort    0x0800cb00        0xe /opt/st/stm32cubeide_1.16.1/plugins/com.st.stm32cube.ide.mcu.externaltools.gnu-tools-for-stm32.12.3.rel1.linux64_1.0.200.202406132123/tools/bin/../lib/gcc/arm-none-eabi/12.3.1/../../../../arm-none-eabi/lib/thumb/v7e-m+fp/hard/libc_nano.a(libc_a-abort.o)
                0x0800cb00                abort
 .text.__sfputc_r
                0x0800cb0e       0x2e /opt/st/stm32cubeide_1.16.1/plugins/com.st.stm32cube.ide.mcu.externaltools.gnu-tools-for-stm32.12.3.rel1.linux64_1.0.200.202406132123/tools/bin/../lib/gcc/arm-none-eabi/12.3.1/../../../../arm-none-eabi/lib/thumb/v7e-m+fp/hard/libc_nano.a(libc_a-nano-vfprintf.o)
 .text.__sfputs_r
                0x0800cb3c       0x24 /opt/st/stm32cubeide_1.16.1/plugins/com.st.stm32cube.ide.mcu.externaltools.gnu-tools-for-stm32.12.3.rel1.linux64_1.0.200.202406132123/tools/bin/../lib/gcc/arm-none-eabi/12.3.1/../../../../arm-none-eabi/lib/thumb/v7e-m+fp/hard/libc_nano.a(libc_a-nano-vfprintf.o)
                0x0800cb3c                __sfputs_r
 .text._vfprintf_r
                0x0800cb60      0x230 /opt/st/stm32cubeide_1.16.1/plugins/com.st.stm32cube.ide.mcu.externaltools.gnu-tools-for-stm32.12.3.rel1.linux64_1.0.200.202406132123/tools/bin/../lib/gcc/arm-none-eabi/12.3.1/../../../../arm-none-eabi/lib/thumb/v7e-m+fp/hard/libc_nano.a(libc_a-nano-vfprintf.o)
                0x0800cb60                _vfiprintf_r
                0x0800cb60                _vfprintf_r
 .text.__swbuf_r
                0x0800cd90       0x7c /opt/st/stm32cubeide_1.16.1/plugins/com.st.stm32cube.ide.mcu.externaltools.gnu-tools-for-stm32.12.3.rel1.linux64_1.0.200.202406132123/tools/bin/../lib/gcc/arm-none-eabi/12.3.1/../../../../arm-none-eabi/lib/thumb/v7e-m+fp/hard/libc_nano.a(libc_a-wbuf.o)
                0x0800cd90                __swbuf_r
 .text.__swsetup_r
                0x0800ce0c       0xac /opt/st/stm32cubeide_1.16.1/plugins/com.st.stm32cube.ide.mcu.externaltools.gnu-tools-for-stm32.12.3.rel1.linux64_1.0.200.202406132123/tools/bin/../lib/gcc/arm-none-eabi/12.3.1/../../../../arm-none-eabi/lib/thumb/v7e-m+fp/hard/libc_nano.a(libc_a-wsetup.o)
                0x0800ce0c                __swsetup_r
 .text._raise_r
                0x0800ceb8       0x50 /opt/st/stm32cubeide_1.16.1/plugins/com.st.stm32cube.ide.mcu.externaltools.gnu-tools-for-stm32.12.3.rel1.linux64_1.0.200.202406132123/tools/bin/../lib/gcc/arm-none-eabi/12.3.1/../../../../arm-none-eabi/lib/thumb/v7e-m+fp/hard/libc_nano.a(libc_a-signal.o)
                0x0800ceb8                _raise_r
 .text.raise    0x0800cf08       0x10 /opt/st/stm32cubeide_1.16.1/plugins/com.st.stm32cube.ide.mcu.externaltools.gnu-tools-for-stm32.12.3.rel1.linux64_1.0.200.202406132123/tools/bin/../lib/gcc/arm-none-eabi/12.3.1/../../../../arm-none-eabi/lib/thumb/v7e-m+fp/hard/libc_nano.a(libc_a-signal.o)
                0x0800cf08                raise
 .text._kill_r  0x0800cf18       0x24 /opt/st/stm32cubeide_1.16.1/plugins/com.st.stm32cube.ide.mcu.externaltools.gnu-tools-for-stm32.12.3.rel1.linux64_1.0.200.202406132123/tools/bin/../lib/gcc/arm-none-eabi/12.3.1/../../../../arm-none-eabi/lib/thumb/v7e-m+fp/hard/libc_nano.a(libc_a-signalr.o)
                0x0800cf18                _kill_r
 .text._getpid_r
                0x0800cf3c        0x4 /opt/st/stm32cubeide_1.16.1/plugins/com.st.stm32cube.ide.mcu.externaltools.gnu-tools-for-stm32.12.3.rel1.linux64_1.0.200.202406132123/tools/bin/../lib/gcc/arm-none-eabi/12.3.1/../../../../arm-none-eabi/lib/thumb/v7e-m+fp/hard/libc_nano.a(libc_a-signalr.o)
                0x0800cf3c                _getpid_r
 .text.__swhatbuf_r
                0x0800cf40       0x4c /opt/st/stm32cubeide_1.16.1/plugins/com.st.stm32cube.ide.mcu.externaltools.gnu-tools-for-stm32.12.3.rel1.linux64_1.0.200.202406132123/tools/bin/../lib/gcc/arm-none-eabi/12.3.1/../../../../arm-none-eabi/lib/thumb/v7e-m+fp/hard/libc_nano.a(libc_a-makebuf.o)
                0x0800cf40                __swhatbuf_r
 .text.__smakebuf_r
                0x0800cf8c       0x78 /opt/st/stm32cubeide_1.16.1/plugins/com.st.stm32cube.ide.mcu.externaltools.gnu-tools-for-stm32.12.3.rel1.linux64_1.0.200.202406132123/tools/bin/../lib/gcc/arm-none-eabi/12.3.1/../../../../arm-none-eabi/lib/thumb/v7e-m+fp/hard/libc_nano.a(libc_a-makebuf.o)
                0x0800cf8c                __smakebuf_r
 .text._fstat_r
                0x0800d004       0x24 /opt/st/stm32cubeide_1.16.1/plugins/com.st.stm32cube.ide.mcu.externaltools.gnu-tools-for-stm32.12.3.rel1.linux64_1.0.200.202406132123/tools/bin/../lib/gcc/arm-none-eabi/12.3.1/../../../../arm-none-eabi/lib/thumb/v7e-m+fp/hard/libc_nano.a(libc_a-fstatr.o)
                0x0800d004                _fstat_r
 .text._isatty_r
                0x0800d028       0x20 /opt/st/stm32cubeide_1.16.1/plugins/com.st.stm32cube.ide.mcu.externaltools.gnu-tools-for-stm32.12.3.rel1.linux64_1.0.200.202406132123/tools/bin/../lib/gcc/arm-none-eabi/12.3.1/../../../../arm-none-eabi/lib/thumb/v7e-m+fp/hard/libc_nano.a(libc_a-isattyr.o)
                0x0800d028                _isatty_r
 *(.glue_7)
 .glue_7        0x0800d048        0x0 linker stubs
 *(.glue_7t)
 .glue_7t       0x0800d048        0x0 linker stubs
 *(.eh_frame)
 .eh_frame      0x0800d048        0x0 /opt/st/stm32cubeide_1.16.1/plugins/com.st.stm32cube.ide.mcu.externaltools.gnu-tools-for-stm32.12.3.rel1.linux64_1.0.200.202406132123/tools/bin/../lib/gcc/arm-none-eabi/12.3.1/thumb/v7e-m+fp/hard/crtbegin.o
 *(.init)
 .init          0x0800d048        0x4 /opt/st/stm32cubeide_1.16.1/plugins/com.st.stm32cube.ide.mcu.externaltools.gnu-tools-for-stm32.12.3.rel1.linux64_1.0.200.202406132123/tools/bin/../lib/gcc/arm-none-eabi/12.3.1/thumb/v7e-m+fp/hard/crti.o
                0x0800d048                _init
 .init          0x0800d04c        0x8 /opt/st/stm32cubeide_1.16.1/plugins/com.st.stm32cube.ide.mcu.externaltools.gnu-tools-for-stm32.12.3.rel1.linux64_1.0.200.202406132123/tools/bin/../lib/gcc/arm-none-eabi/12.3.1/thumb/v7e-m+fp/hard/crtn.o
 *(.fini)
 .fini          0x0800d054        0x4 /opt/st/stm32cubeide_1.16.1/plugins/com.st.stm32cube.ide.mcu.externaltools.gnu-tools-for-stm32.12.3.rel1.linux64_1.0.200.202406132123/tools/bin/../lib/gcc/arm-none-eabi/12.3.1/thumb/v7e-m+fp/hard/crti.o
                0x0800d054                _fini
 .fini          0x0800d058        0x8 /opt/st/stm32cubeide_1.16.1/plugins/com.st.stm32cube.ide.mcu.externaltools.gnu-tools-for-stm32.12.3.rel1.linux64_1.0.200.202406132123/tools/bin/../lib/gcc/arm-none-eabi/12.3.1/thumb/v7e-m+fp/hard/crtn.o
                0x0800d060                        . = ALIGN (0x4)
                0x0800d060                        _etext = .

.vfp11_veneer   0x0800d060        0x0
 .vfp11_veneer  0x0800d060        0x0 linker stubs

.v4_bx          0x0800d060        0x0
 .v4_bx         0x0800d060        0x0 linker stubs

.iplt           0x0800d060        0x0
 .iplt          0x0800d060        0x0 /opt/st/stm32cubeide_1.16.1/plugins/com.st.stm32cube.ide.mcu.externaltools.gnu-tools-for-stm32.12.3.rel1.linux64_1.0.200.202406132123/tools/bin/../lib/gcc/arm-none-eabi/12.3.1/thumb/v7e-m+fp/hard/crtbegin.o

.rodata         0x0800d060      0x3c8
                0x0800d060                        . = ALIGN (0x4)
 *(.rodata)
 .rodata        0x0800d060       0x16 ./Core/Src/main.o
 *(.rodata*)
 *fill*         0x0800d076        0x2 
 .rodata.AHBPrescTable
                0x0800d078       0x10 ./Core/Src/system_stm32g4xx.o
                0x0800d078                AHBPrescTable
 .rodata.APBPrescTable
                0x0800d088        0x8 ./Core/Src/system_stm32g4xx.o
                0x0800d088                APBPrescTable
 .rodata.UARTPrescTable
                0x0800d090       0x18 ./Drivers/STM32G4xx_HAL_Driver/Src/stm32g4xx_hal_uart.o
                0x0800d090                UARTPrescTable
 .rodata.numerator.1
                0x0800d0a8        0x8 ./Drivers/STM32G4xx_HAL_Driver/Src/stm32g4xx_hal_uart_ex.o
 .rodata.denominator.0
                0x0800d0b0        0x8 ./Drivers/STM32G4xx_HAL_Driver/Src/stm32g4xx_hal_uart_ex.o
 .rodata._printf_float.str1.1
                0x0800d0b8       0x12 /opt/st/stm32cubeide_1.16.1/plugins/com.st.stm32cube.ide.mcu.externaltools.gnu-tools-for-stm32.12.3.rel1.linux64_1.0.200.202406132123/tools/bin/../lib/gcc/arm-none-eabi/12.3.1/../../../../arm-none-eabi/lib/thumb/v7e-m+fp/hard/libc_nano.a(libc_a-nano-vfprintf_float.o)
 .rodata._printf_i.str1.1
                0x0800d0ca       0x22 /opt/st/stm32cubeide_1.16.1/plugins/com.st.stm32cube.ide.mcu.externaltools.gnu-tools-for-stm32.12.3.rel1.linux64_1.0.200.202406132123/tools/bin/../lib/gcc/arm-none-eabi/12.3.1/../../../../arm-none-eabi/lib/thumb/v7e-m+fp/hard/libc_nano.a(libc_a-nano-vfprintf_i.o)
 .rodata._dtoa_r.str1.1
                0x0800d0ec       0x8d /opt/st/stm32cubeide_1.16.1/plugins/com.st.stm32cube.ide.mcu.externaltools.gnu-tools-for-stm32.12.3.rel1.linux64_1.0.200.202406132123/tools/bin/../lib/gcc/arm-none-eabi/12.3.1/../../../../arm-none-eabi/lib/thumb/v7e-m+fp/hard/libc_nano.a(libc_a-dtoa.o)
                                 0x8f (size before relaxing)
 .rodata._Balloc.str1.1
                0x0800d179       0x59 /opt/st/stm32cubeide_1.16.1/plugins/com.st.stm32cube.ide.mcu.externaltools.gnu-tools-for-stm32.12.3.rel1.linux64_1.0.200.202406132123/tools/bin/../lib/gcc/arm-none-eabi/12.3.1/../../../../arm-none-eabi/lib/thumb/v7e-m+fp/hard/libc_nano.a(libc_a-mprec.o)
                                 0x70 (size before relaxing)
 .rodata.__multadd.str1.1
                0x0800d1d2       0x11 /opt/st/stm32cubeide_1.16.1/plugins/com.st.stm32cube.ide.mcu.externaltools.gnu-tools-for-stm32.12.3.rel1.linux64_1.0.200.202406132123/tools/bin/../lib/gcc/arm-none-eabi/12.3.1/../../../../arm-none-eabi/lib/thumb/v7e-m+fp/hard/libc_nano.a(libc_a-mprec.o)
 *fill*         0x0800d1d2        0x2 
 .rodata.p05.0  0x0800d1d4        0xc /opt/st/stm32cubeide_1.16.1/plugins/com.st.stm32cube.ide.mcu.externaltools.gnu-tools-for-stm32.12.3.rel1.linux64_1.0.200.202406132123/tools/bin/../lib/gcc/arm-none-eabi/12.3.1/../../../../arm-none-eabi/lib/thumb/v7e-m+fp/hard/libc_nano.a(libc_a-mprec.o)
 .rodata.__mprec_bigtens
                0x0800d1e0       0x28 /opt/st/stm32cubeide_1.16.1/plugins/com.st.stm32cube.ide.mcu.externaltools.gnu-tools-for-stm32.12.3.rel1.linux64_1.0.200.202406132123/tools/bin/../lib/gcc/arm-none-eabi/12.3.1/../../../../arm-none-eabi/lib/thumb/v7e-m+fp/hard/libc_nano.a(libc_a-mprec.o)
                0x0800d1e0                __mprec_bigtens
 .rodata.__mprec_tens
                0x0800d208       0xc8 /opt/st/stm32cubeide_1.16.1/plugins/com.st.stm32cube.ide.mcu.externaltools.gnu-tools-for-stm32.12.3.rel1.linux64_1.0.200.202406132123/tools/bin/../lib/gcc/arm-none-eabi/12.3.1/../../../../arm-none-eabi/lib/thumb/v7e-m+fp/hard/libc_nano.a(libc_a-mprec.o)
                0x0800d208                __mprec_tens
 .rodata._setlocale_r.str1.1
                0x0800d2d0        0x8 /opt/st/stm32cubeide_1.16.1/plugins/com.st.stm32cube.ide.mcu.externaltools.gnu-tools-for-stm32.12.3.rel1.linux64_1.0.200.202406132123/tools/bin/../lib/gcc/arm-none-eabi/12.3.1/../../../../arm-none-eabi/lib/thumb/v7e-m+fp/hard/libc_nano.a(libc_a-locale.o)
                                  0x9 (size before relaxing)
 .rodata.str1.1
                0x0800d2d8        0x2 /opt/st/stm32cubeide_1.16.1/plugins/com.st.stm32cube.ide.mcu.externaltools.gnu-tools-for-stm32.12.3.rel1.linux64_1.0.200.202406132123/tools/bin/../lib/gcc/arm-none-eabi/12.3.1/../../../../arm-none-eabi/lib/thumb/v7e-m+fp/hard/libc_nano.a(libc_a-locale.o)
 .rodata.__assert_func.str1.1
                0x0800d2da       0x3c /opt/st/stm32cubeide_1.16.1/plugins/com.st.stm32cube.ide.mcu.externaltools.gnu-tools-for-stm32.12.3.rel1.linux64_1.0.200.202406132123/tools/bin/../lib/gcc/arm-none-eabi/12.3.1/../../../../arm-none-eabi/lib/thumb/v7e-m+fp/hard/libc_nano.a(libc_a-assert.o)
                                 0x3d (size before relaxing)
 .rodata._ctype_
                0x0800d316      0x101 /opt/st/stm32cubeide_1.16.1/plugins/com.st.stm32cube.ide.mcu.externaltools.gnu-tools-for-stm32.12.3.rel1.linux64_1.0.200.202406132123/tools/bin/../lib/gcc/arm-none-eabi/12.3.1/../../../../arm-none-eabi/lib/thumb/v7e-m+fp/hard/libc_nano.a(libc_a-ctype_.o)
                0x0800d316                _ctype_
 .rodata._vfprintf_r.str1.1
                0x0800d417       0x11 /opt/st/stm32cubeide_1.16.1/plugins/com.st.stm32cube.ide.mcu.externaltools.gnu-tools-for-stm32.12.3.rel1.linux64_1.0.200.202406132123/tools/bin/../lib/gcc/arm-none-eabi/12.3.1/../../../../arm-none-eabi/lib/thumb/v7e-m+fp/hard/libc_nano.a(libc_a-nano-vfprintf.o)
                0x0800d428                        . = ALIGN (0x4)

.ARM.extab      0x0800d428        0x0
                0x0800d428                        . = ALIGN (0x4)
 *(.ARM.extab* .gnu.linkonce.armextab.*)
                0x0800d428                        . = ALIGN (0x4)

.ARM            0x0800d428        0x8
                0x0800d428                        . = ALIGN (0x4)
                0x0800d428                        __exidx_start = .
 *(.ARM.exidx*)
 .ARM.exidx     0x0800d428        0x8 /opt/st/stm32cubeide_1.16.1/plugins/com.st.stm32cube.ide.mcu.externaltools.gnu-tools-for-stm32.12.3.rel1.linux64_1.0.200.202406132123/tools/bin/../lib/gcc/arm-none-eabi/12.3.1/../../../../arm-none-eabi/lib/thumb/v7e-m+fp/hard/libc_nano.a(libc_a-memchr.o)
 .ARM.exidx     0x0800d430        0x0 /opt/st/stm32cubeide_1.16.1/plugins/com.st.stm32cube.ide.mcu.externaltools.gnu-tools-for-stm32.12.3.rel1.linux64_1.0.200.202406132123/tools/bin/../lib/gcc/arm-none-eabi/12.3.1/../../../../arm-none-eabi/lib/thumb/v7e-m+fp/hard/libc_nano.a(libc_a-strlen.o)
                                  0x8 (size before relaxing)
 .ARM.exidx     0x0800d430        0x0 /opt/st/stm32cubeide_1.16.1/plugins/com.st.stm32cube.ide.mcu.externaltools.gnu-tools-for-stm32.12.3.rel1.linux64_1.0.200.202406132123/tools/bin/../lib/gcc/arm-none-eabi/12.3.1/thumb/v7e-m+fp/hard/libgcc.a(_udivmoddi4.o)
                                  0x8 (size before relaxing)
                0x0800d430                        __exidx_end = .
                0x0800d430                        . = ALIGN (0x4)

.rel.dyn        0x0800d430        0x0
 .rel.iplt      0x0800d430        0x0 /opt/st/stm32cubeide_1.16.1/plugins/com.st.stm32cube.ide.mcu.externaltools.gnu-tools-for-stm32.12.3.rel1.linux64_1.0.200.202406132123/tools/bin/../lib/gcc/arm-none-eabi/12.3.1/thumb/v7e-m+fp/hard/crtbegin.o

.preinit_array  0x0800d430        0x0
                0x0800d430                        . = ALIGN (0x4)
                0x0800d430                        PROVIDE (__preinit_array_start = .)
 *(.preinit_array*)
                0x0800d430                        PROVIDE (__preinit_array_end = .)
                0x0800d430                        . = ALIGN (0x4)

.init_array     0x0800d430        0x4
                0x0800d430                        . = ALIGN (0x4)
                0x0800d430                        PROVIDE (__init_array_start = .)
 *(SORT_BY_NAME(.init_array.*))
 *(.init_array*)
 .init_array    0x0800d430        0x4 /opt/st/stm32cubeide_1.16.1/plugins/com.st.stm32cube.ide.mcu.externaltools.gnu-tools-for-stm32.12.3.rel1.linux64_1.0.200.202406132123/tools/bin/../lib/gcc/arm-none-eabi/12.3.1/thumb/v7e-m+fp/hard/crtbegin.o
                0x0800d434                        PROVIDE (__init_array_end = .)
                0x0800d434                        . = ALIGN (0x4)

.fini_array     0x0800d434        0x4
                0x0800d434                        . = ALIGN (0x4)
                [!provide]                        PROVIDE (__fini_array_start = .)
 *(SORT_BY_NAME(.fini_array.*))
 *(.fini_array*)
 .fini_array    0x0800d434        0x4 /opt/st/stm32cubeide_1.16.1/plugins/com.st.stm32cube.ide.mcu.externaltools.gnu-tools-for-stm32.12.3.rel1.linux64_1.0.200.202406132123/tools/bin/../lib/gcc/arm-none-eabi/12.3.1/thumb/v7e-m+fp/hard/crtbegin.o
                [!provide]                        PROVIDE (__fini_array_end = .)
                0x0800d438                        . = ALIGN (0x4)
                0x0800d438                        _sidata = LOADADDR (.data)

.data           0x20000000      0x35c load address 0x0800d438
                0x20000000                        . = ALIGN (0x4)
                0x20000000                        _sdata = .
 *(.data)
 *(.data*)
 .data.direction
                0x20000000        0x1 ./Core/Src/main.o
                0x20000000                direction
 *fill*         0x20000001        0x1 
 .data.OL_delayCycles
                0x20000002        0x2 ./Core/Src/main.o
                0x20000002                OL_delayCycles
 .data.frictionMaxPWM
                0x20000004        0x2 ./Core/Src/main.o
                0x20000004                frictionMaxPWM
 .data.coggingMaxPWM
                0x20000006        0x2 ./Core/Src/main.o
                0x20000006                coggingMaxPWM
 .data.SystemCoreClock
                0x20000008        0x4 ./Core/Src/system_stm32g4xx.o
                0x20000008                SystemCoreClock
 .data.frictionNormalized
                0x2000000c       0x80 ./Drivers/Gen4_Drivers/Src/CoggingFrictionRemoval.o
                0x2000000c                frictionNormalized
 .data.coggingNormalized
                0x2000008c      0x100 ./Drivers/Gen4_Drivers/Src/CoggingFrictionRemoval.o
                0x2000008c                coggingNormalized
 .data.uwTickPrio
                0x2000018c        0x4 ./Drivers/STM32G4xx_HAL_Driver/Src/stm32g4xx_hal.o
                0x2000018c                uwTickPrio
 .data.uwTickFreq
                0x20000190        0x4 ./Drivers/STM32G4xx_HAL_Driver/Src/stm32g4xx_hal.o
                0x20000190                uwTickFreq
 .data.__sglue  0x20000194        0xc /opt/st/stm32cubeide_1.16.1/plugins/com.st.stm32cube.ide.mcu.externaltools.gnu-tools-for-stm32.12.3.rel1.linux64_1.0.200.202406132123/tools/bin/../lib/gcc/arm-none-eabi/12.3.1/../../../../arm-none-eabi/lib/thumb/v7e-m+fp/hard/libc_nano.a(libc_a-findfp.o)
                0x20000194                __sglue
 .data._impure_ptr
                0x200001a0        0x4 /opt/st/stm32cubeide_1.16.1/plugins/com.st.stm32cube.ide.mcu.externaltools.gnu-tools-for-stm32.12.3.rel1.linux64_1.0.200.202406132123/tools/bin/../lib/gcc/arm-none-eabi/12.3.1/../../../../arm-none-eabi/lib/thumb/v7e-m+fp/hard/libc_nano.a(libc_a-impure.o)
                0x200001a0                _impure_ptr
 .data._impure_data
                0x200001a4       0x4c /opt/st/stm32cubeide_1.16.1/plugins/com.st.stm32cube.ide.mcu.externaltools.gnu-tools-for-stm32.12.3.rel1.linux64_1.0.200.202406132123/tools/bin/../lib/gcc/arm-none-eabi/12.3.1/../../../../arm-none-eabi/lib/thumb/v7e-m+fp/hard/libc_nano.a(libc_a-impure.o)
                0x200001a4                _impure_data
 .data.__global_locale
                0x200001f0      0x16c /opt/st/stm32cubeide_1.16.1/plugins/com.st.stm32cube.ide.mcu.externaltools.gnu-tools-for-stm32.12.3.rel1.linux64_1.0.200.202406132123/tools/bin/../lib/gcc/arm-none-eabi/12.3.1/../../../../arm-none-eabi/lib/thumb/v7e-m+fp/hard/libc_nano.a(libc_a-locale.o)
                0x200001f0                __global_locale
 *(.RamFunc)
 *(.RamFunc*)
                0x2000035c                        . = ALIGN (0x4)
                0x2000035c                        _edata = .

.igot.plt       0x2000035c        0x0 load address 0x0800d794
 .igot.plt      0x2000035c        0x0 /opt/st/stm32cubeide_1.16.1/plugins/com.st.stm32cube.ide.mcu.externaltools.gnu-tools-for-stm32.12.3.rel1.linux64_1.0.200.202406132123/tools/bin/../lib/gcc/arm-none-eabi/12.3.1/thumb/v7e-m+fp/hard/crtbegin.o
                0x2000035c                        . = ALIGN (0x4)

.bss            0x2000035c     0x16c8 load address 0x0800d794
                0x2000035c                        _sbss = .
                0x2000035c                        __bss_start__ = _sbss
 *(.bss)
 .bss           0x2000035c       0x1c /opt/st/stm32cubeide_1.16.1/plugins/com.st.stm32cube.ide.mcu.externaltools.gnu-tools-for-stm32.12.3.rel1.linux64_1.0.200.202406132123/tools/bin/../lib/gcc/arm-none-eabi/12.3.1/thumb/v7e-m+fp/hard/crtbegin.o
 *(.bss*)
 .bss.hcordic   0x20000378       0x28 ./Core/Src/main.o
                0x20000378                hcordic
 .bss.hspi1     0x200003a0       0x64 ./Core/Src/main.o
                0x200003a0                hspi1
 .bss.htim1     0x20000404       0x4c ./Core/Src/main.o
                0x20000404                htim1
 .bss.htim6     0x20000450       0x4c ./Core/Src/main.o
                0x20000450                htim6
 .bss.htim7     0x2000049c       0x4c ./Core/Src/main.o
                0x2000049c                htim7
 .bss.huart2    0x200004e8       0x94 ./Core/Src/main.o
                0x200004e8                huart2
 .bss.hdma_usart2_tx
                0x2000057c       0x60 ./Core/Src/main.o
                0x2000057c                hdma_usart2_tx
 .bss.sCordicConfig
                0x200005dc       0x1c ./Core/Src/main.o
                0x200005dc                sCordicConfig
 .bss.ps        0x200005f8       0x70 ./Core/Src/main.o
                0x200005f8                ps
 .bss.s         0x20000668       0x7c ./Core/Src/main.o
                0x20000668                s
 .bss.svpwm     0x200006e4       0x24 ./Core/Src/main.o
                0x200006e4                svpwm
 .bss.hw        0x20000708        0x1 ./Core/Src/main.o
                0x20000708                hw
 *fill*         0x20000709        0x3 
 .bss.ms        0x2000070c        0xc ./Core/Src/main.o
                0x2000070c                ms
 .bss.r         0x20000718       0x30 ./Core/Src/main.o
                0x20000718                r
 .bss.foc       0x20000748       0x40 ./Core/Src/main.o
                0x20000748                foc
 .bss.rampRPM   0x20000788       0x30 ./Core/Src/main.o
                0x20000788                rampRPM
 .bss.hsLog     0x200007b8      0xfc4 ./Core/Src/main.o
                0x200007b8                hsLog
 .bss.speedPID  0x2000177c       0x28 ./Core/Src/main.o
                0x2000177c                speedPID
 .bss.posPID    0x200017a4       0x28 ./Core/Src/main.o
                0x200017a4                posPID
 .bss.p         0x200017cc       0x58 ./Core/Src/main.o
                0x200017cc                p
 .bss.fr        0x20001824       0x14 ./Core/Src/main.o
                0x20001824                fr
 .bss.cg        0x20001838       0x18 ./Core/Src/main.o
                0x20001838                cg
 .bss.setupOK   0x20001850        0x1 ./Core/Src/main.o
                0x20001850                setupOK
 .bss.errorSetupOK
                0x20001851        0x1 ./Core/Src/main.o
                0x20001851                errorSetupOK
 .bss.encZeroPosSetup
                0x20001852        0x1 ./Core/Src/main.o
                0x20001852                encZeroPosSetup
 .bss.dbg_rampDuty_RUStart
                0x20001853        0x1 ./Core/Src/main.o
                0x20001853                dbg_rampDuty_RUStart
 .bss.dbg_rampDuty_RDStart
                0x20001854        0x1 ./Core/Src/main.o
                0x20001854                dbg_rampDuty_RDStart
 .bss.dbg_rampDuty_ChangeDuty
                0x20001855        0x1 ./Core/Src/main.o
                0x20001855                dbg_rampDuty_ChangeDuty
 .bss.dbg_rampDuty_Stop
                0x20001856        0x1 ./Core/Src/main.o
                0x20001856                dbg_rampDuty_Stop
 .bss.dbg_rampRPM_RUStart
                0x20001857        0x1 ./Core/Src/main.o
                0x20001857                dbg_rampRPM_RUStart
 .bss.dbg_rampRPM_RDStart
                0x20001858        0x1 ./Core/Src/main.o
                0x20001858                dbg_rampRPM_RDStart
 .bss.dbg_rampRPM_ChangeRPM