../Core/Src/main.c:136:6:HAL_UART_TxCpltCallback	16	static
../Core/Src/main.c:140:6:HAL_TIM_PeriodElapsedCallback	24	static
../Core/Src/main.c:272:5:main	80	static
../Core/Src/main.c:560:6:SystemClock_Config	88	static
../Core/Src/main.c:606:13:MX_CORDIC_Init	8	static
../Core/Src/main.c:632:13:MX_SPI1_Init	8	static
../Core/Src/main.c:672:13:MX_TIM1_Init	120	static
../Core/Src/main.c:762:13:MX_TIM6_Init	24	static
../Core/Src/main.c:800:13:MX_TIM7_Init	24	static
../Core/Src/main.c:838:13:MX_USART2_UART_Init	8	static
../Core/Src/main.c:884:13:MX_DMA_Init	16	static
../Core/Src/main.c:903:13:MX_GPIO_Init	40	static
../Core/Src/main.c:954:6:Error_Handler	4	static,ignoring_inline_asm
